<html>
<body>
<pre>
<h1>礦ision Build Log</h1>
<h2>Tool Versions:</h2>
IDE-Version: μVision V5.43.1.0
Copyright (C) 2025 ARM Ltd and ARM Germany GmbH. All rights reserved.
License Information: 1 meihaoshidai, 1, LIC=PE7DL-0SCM8-01HP1-CALU1-UWXZN-9T2AW
 
Tool Versions:
Toolchain:       MDK-ARM Plus  Version: 5.43.0.0
Toolchain Path:  C:\Users\meihaoshidai\AppData\Local\Keil_v5\ARM\ARM_Compiler_5.06u7\Bin
C Compiler:      Armcc.exe V5.06 update 7 (build 960)
Assembler:       Armasm.exe V5.06 update 7 (build 960)
Linker/Locator:  ArmLink.exe V5.06 update 7 (build 960)
Library Manager: ArmAr.exe V5.06 update 7 (build 960)
Hex Converter:   FromElf.exe V5.06 update 7 (build 960)
CPU DLL:         SARMCM3.DLL V5.43.0.0
Dialog DLL:      DCM.DLL V1.17.5.0
Target DLL:      STLink\ST-LINKIII-KEIL_SWO.dll V3.3.1.0
Dialog DLL:      TCM.DLL V1.56.6.0
 
<h2>Project:</h2>
\\Mac\Home\Downloads\履带式小车资料\已配置无线烧录-WHEELTEC+L150+雷达避障巡线小车_C10B_库函数_2024.06.25\Project\RVMDK（uv5）\MiniBalance.uvprojx
Project File Date:  07/20/2026

<h2>Output:</h2>
*** Using Compiler 'V5.06 update 7 (build 960)', folder: 'C:\Users\meihaoshidai\AppData\Local\Keil_v5\ARM\ARM_Compiler_5.06u7\Bin'
Rebuild target 'MiniBalance'
assembling startup_stm32f10x_hd.s...
compiling core_cm3.c...
compiling system_stm32f10x.c...
compiling misc.c...
compiling stm32f10x_adc.c...
compiling stm32f10x_bkp.c...
compiling stm32f10x_can.c...
compiling stm32f10x_cec.c...
compiling stm32f10x_crc.c...
compiling stm32f10x_dac.c...
compiling stm32f10x_dbgmcu.c...
compiling stm32f10x_dma.c...
compiling stm32f10x_exti.c...
compiling stm32f10x_flash.c...
compiling stm32f10x_fsmc.c...
compiling stm32f10x_gpio.c...
compiling stm32f10x_i2c.c...
compiling stm32f10x_iwdg.c...
compiling stm32f10x_pwr.c...
compiling stm32f10x_rcc.c...
compiling stm32f10x_rtc.c...
compiling stm32f10x_sdio.c...
compiling stm32f10x_spi.c...
compiling stm32f10x_usart.c...
compiling stm32f10x_tim.c...
compiling stm32f10x_wwdg.c...
compiling stm32f10x_it.c...
compiling main.c...
compiling bsp_beep.c...
compiling bsp_key.c...
compiling bsp_SysTick.c...
compiling bsp_led.c...
compiling bsp_usart.c...
compiling bsp_GeneralTim.c...
compiling bsp_motor.c...
compiling bsp_adc.c...
compiling encoder.c...
compiling DataScope_DP.C...
compiling bsp_oled.c...
compiling pstwo.c...
compiling usartx.c...
..\..\User\HARDWARE\usartx\usartx.c(36): warning:  #177-D: variable "Vtheta"  was declared but never referenced
  	float Vx, Vtheta, dt = 0.005f; // 5ms interval
..\..\User\HARDWARE\usartx\usartx.c: 1 warning, 0 errors
compiling control.c...
..\..\User\CONTROL\control.c(251): warning:  #177-D: variable "MotorA_Velocity"  was declared but never referenced
  	float MotorA_Velocity,MotorB_Velocity;
..\..\User\CONTROL\control.c(251): warning:  #177-D: variable "MotorB_Velocity"  was declared but never referenced
  	float MotorA_Velocity,MotorB_Velocity;
..\..\User\CONTROL\control.c(820): warning:  #177-D: variable "RX"  was declared but never referenced
      int LX,RY,RX,Remote_RCvelocity=350; 
..\..\User\CONTROL\control.c(820): warning:  #177-D: variable "Remote_RCvelocity"  was declared but never referenced
      int LX,RY,RX,Remote_RCvelocity=350; 
..\..\User\CONTROL\control.c: 4 warnings, 0 errors
compiling show.c...
..\..\User\CONTROL\show.c(101): warning:  #186-D: pointless comparison of unsigned integer with zero
  		if( CCD_Median<0)		OLED_ShowString(90,10,"-"),
..\..\User\CONTROL\show.c(109): warning:  #186-D: pointless comparison of unsigned integer with zero
  		if( CCD_Threshold<0)	OLED_ShowString(90,20,"-"),
..\..\User\CONTROL\show.c: 2 warnings, 0 errors
compiling bluetooth.c...
compiling pid.c...
compiling Lidar.c...
compiling capture.c...
compiling ELE_CCD.c...
compiling inv_mpu.c...
compiling inv_mpu_dmp_motion_driver.c...
compiling filter.c...
..\..\User\MPU6050\filter\filter.c(32): warning:  #550-D: variable "angle_dot"  was set but never used
  	static float angle_dot;
..\..\User\MPU6050\filter\filter.c(102): warning:  #550-D: variable "angle_dot"  was set but never used
  	static float angle_dot;
..\..\User\MPU6050\filter\filter.c: 2 warnings, 0 errors
compiling IOI2C.c...
..\..\User\MPU6050\IIC\IOI2C.c(93): warning:  #61-D: integer operation result is out of range
  	SDA_IN();      //SDA设置为输入  
..\..\User\MPU6050\IIC\IOI2C.c(93): warning:  #68-D: integer conversion resulted in a change of sign
  	SDA_IN();      //SDA设置为输入  
..\..\User\MPU6050\IIC\IOI2C.c(250): warning:  #61-D: integer operation result is out of range
  	SDA_IN();//SDA设置为输入
..\..\User\MPU6050\IIC\IOI2C.c(250): warning:  #68-D: integer conversion resulted in a change of sign
  	SDA_IN();//SDA设置为输入
..\..\User\MPU6050\IIC\IOI2C.c: 4 warnings, 0 errors
compiling MPU6050.c...
linking...
Program Size: Code=63728 RO-data=15216 RW-data=968 ZI-data=7960  
FromELF: creating hex file...
After Build - User command #1: fromelf --bin --output=..\..\WHEELTEC.bin ..\..\Output\MiniBalance.axf
"..\..\Output\MiniBalance.axf" - 0 Error(s), 13 Warning(s).

<h2>Software Packages used:</h2>

Package Vendor: Keil
                https://www.keil.com/pack/Keil.STM32F1xx_DFP.2.4.1.pack
                Keil::STM32F1xx_DFP@2.4.1
                STMicroelectronics STM32F1 Series Device Support, Drivers and Examples

<h2>Collection of Component include folders:</h2>
  C:/Users/meihaoshidai/AppData/Local/Arm/Packs/Keil/STM32F1xx_DFP/2.4.1/Device/Include

<h2>Collection of Component Files used:</h2>
Build Time Elapsed:  00:00:23
</pre>
</body>
</html>
