Component: ARM Compiler 5.06 update 7 (build 960) Tool: armlink [4d3601]

==============================================================================

Section Cross References

    startup_stm32f10x_hd.o(RESET) refers to startup_stm32f10x_hd.o(STACK) for __initial_sp
    startup_stm32f10x_hd.o(RESET) refers to startup_stm32f10x_hd.o(.text) for Reset_Handler
    startup_stm32f10x_hd.o(RESET) refers to stm32f10x_it.o(.text) for NMI_Handler
    startup_stm32f10x_hd.o(RESET) refers to bsp_adc.o(.text) for ADC1_2_IRQHandler
    startup_stm32f10x_hd.o(RESET) refers to capture.o(.text) for TIM1_UP_IRQHandler
    startup_stm32f10x_hd.o(RESET) refers to encoder.o(.text) for TIM4_IRQHandler
    startup_stm32f10x_hd.o(RESET) refers to usartx.o(.text) for USART1_IRQHandler
    startup_stm32f10x_hd.o(RESET) refers to bluetooth.o(.text) for USART3_IRQHandler
    startup_stm32f10x_hd.o(RESET) refers to control.o(.text) for TIM5_IRQHandler
    startup_stm32f10x_hd.o(RESET) refers to lidar.o(.text) for UART5_IRQHandler
    startup_stm32f10x_hd.o(.text) refers to system_stm32f10x.o(.text) for SystemInit
    startup_stm32f10x_hd.o(.text) refers to entry.o(.ARM.Collect$$$$00000000) for __main
    system_stm32f10x.o(.text) refers to system_stm32f10x.o(.data) for SystemCoreClock
    stm32f10x_adc.o(.text) refers to stm32f10x_rcc.o(.text) for RCC_APB2PeriphResetCmd
    stm32f10x_bkp.o(.text) refers to stm32f10x_rcc.o(.text) for RCC_BackupResetCmd
    stm32f10x_can.o(.text) refers to stm32f10x_rcc.o(.text) for RCC_APB1PeriphResetCmd
    stm32f10x_cec.o(.text) refers to stm32f10x_rcc.o(.text) for RCC_APB1PeriphResetCmd
    stm32f10x_dac.o(.text) refers to stm32f10x_rcc.o(.text) for RCC_APB1PeriphResetCmd
    stm32f10x_gpio.o(.text) refers to stm32f10x_rcc.o(.text) for RCC_APB2PeriphResetCmd
    stm32f10x_i2c.o(.text) refers to stm32f10x_rcc.o(.text) for RCC_APB1PeriphResetCmd
    stm32f10x_pwr.o(.text) refers to stm32f10x_rcc.o(.text) for RCC_APB1PeriphResetCmd
    stm32f10x_rcc.o(.text) refers to stm32f10x_rcc.o(.data) for APBAHBPrescTable
    stm32f10x_spi.o(.text) refers to stm32f10x_rcc.o(.text) for RCC_APB2PeriphResetCmd
    stm32f10x_tim.o(.text) refers to stm32f10x_rcc.o(.text) for RCC_APB2PeriphResetCmd
    stm32f10x_usart.o(.text) refers to stm32f10x_rcc.o(.text) for RCC_APB2PeriphResetCmd
    stm32f10x_wwdg.o(.text) refers to stm32f10x_rcc.o(.text) for RCC_APB1PeriphResetCmd
    main.o(.text) refers to misc.o(.text) for NVIC_PriorityGroupConfig
    main.o(.text) refers to bsp_led.o(.text) for LED_GPIO_Config
    main.o(.text) refers to bsp_key.o(.text) for Key_GPIO_Config
    main.o(.text) refers to bsp_beep.o(.text) for BEEP_GPIO_Config
    main.o(.text) refers to bsp_oled.o(.text) for OLED_Init
    main.o(.text) refers to encoder.o(.text) for Encoder_Init
    main.o(.text) refers to bsp_motor.o(.text) for Motor_Init
    main.o(.text) refers to bsp_usart.o(.text) for DEBUG_USART_Init
    main.o(.text) refers to pstwo.o(.text) for PS2_Init
    main.o(.text) refers to bsp_adc.o(.text) for Car_Select_ADC_Init
    main.o(.text) refers to capture.o(.text) for PWM_Cap_Init
    main.o(.text) refers to mpu6050.o(.text) for MPU6050_Init
    main.o(.text) refers to show.o(.text) for Robot_Select
    main.o(.text) refers to bsp_systick.o(.text) for SysTick_Delay_Ms
    main.o(.text) refers to control.o(.text) for Car_Perimeter_Init
    main.o(.text) refers to bsp_generaltim.o(.text) for TIMING_TIM_Init
    main.o(.text) refers to main.o(.data) for Car_Num
    stm32f10x_it.o(.text) refers to bsp_systick.o(.text) for TimingDelay_Decrement
    bsp_beep.o(.text) refers to stm32f10x_rcc.o(.text) for RCC_APB2PeriphClockCmd
    bsp_beep.o(.text) refers to stm32f10x_gpio.o(.text) for GPIO_Init
    bsp_beep.o(.text) refers to bsp_beep.o(.data) for count_time
    bsp_key.o(.text) refers to stm32f10x_rcc.o(.text) for RCC_APB2PeriphClockCmd
    bsp_key.o(.text) refers to stm32f10x_gpio.o(.text) for GPIO_Init
    bsp_key.o(.text) refers to ele_ccd.o(.text) for ELE_ADC_Init
    bsp_key.o(.text) refers to memseta.o(.text) for __aeabi_memclr
    bsp_key.o(.text) refers to bsp_key.o(.data) for key_step
    bsp_key.o(.text) refers to control.o(.data) for Mode
    bsp_key.o(.text) refers to control.o(.bss) for MotorB
    bsp_key.o(.text) refers to main.o(.data) for Flag_Show
    bsp_key.o(.text) refers to lidar.o(.bss) for Dataprocess
    bsp_led.o(.text) refers to stm32f10x_rcc.o(.text) for RCC_APB2PeriphClockCmd
    bsp_led.o(.text) refers to stm32f10x_gpio.o(.text) for GPIO_Init
    bsp_led.o(.text) refers to bsp_led.o(.data) for count_time
    bsp_systick.o(.text) refers to system_stm32f10x.o(.data) for SystemCoreClock
    bsp_systick.o(.text) refers to bsp_systick.o(.data) for TimingDelay
    bsp_usart.o(.text) refers to stm32f10x_rcc.o(.text) for RCC_APB2PeriphClockCmd
    bsp_usart.o(.text) refers to stm32f10x_gpio.o(.text) for GPIO_Init
    bsp_usart.o(.text) refers to misc.o(.text) for NVIC_Init
[...]
    NVIC_SystemLPConfig                      0x080023c9   Thumb Code    34  misc.o(.text)
    SysTick_CLKSourceConfig                  0x080023eb   Thumb Code    40  misc.o(.text)
    ADC_DeInit                               0x08002429   Thumb Code    78  stm32f10x_adc.o(.text)
    ADC_Init                                 0x08002477   Thumb Code    70  stm32f10x_adc.o(.text)
    ADC_StructInit                           0x080024bd   Thumb Code    18  stm32f10x_adc.o(.text)
    ADC_Cmd                                  0x080024cf   Thumb Code    22  stm32f10x_adc.o(.text)
    ADC_DMACmd                               0x080024e5   Thumb Code    22  stm32f10x_adc.o(.text)
    ADC_ITConfig                             0x080024fb   Thumb Code    24  stm32f10x_adc.o(.text)
    ADC_ResetCalibration                     0x08002513   Thumb Code    10  stm32f10x_adc.o(.text)
    ADC_GetResetCalibrationStatus            0x0800251d   Thumb Code    20  stm32f10x_adc.o(.text)
    ADC_StartCalibration                     0x08002531   Thumb Code    10  stm32f10x_adc.o(.text)
    ADC_GetCalibrationStatus                 0x0800253b   Thumb Code    20  stm32f10x_adc.o(.text)
    ADC_SoftwareStartConvCmd                 0x0800254f   Thumb Code    22  stm32f10x_adc.o(.text)
    ADC_GetSoftwareStartConvStatus           0x08002565   Thumb Code    20  stm32f10x_adc.o(.text)
    ADC_DiscModeChannelCountConfig           0x08002579   Thumb Code    24  stm32f10x_adc.o(.text)
    ADC_DiscModeCmd                          0x08002591   Thumb Code    22  stm32f10x_adc.o(.text)
    ADC_RegularChannelConfig                 0x080025a7   Thumb Code   184  stm32f10x_adc.o(.text)
    ADC_ExternalTrigConvCmd                  0x0800265f   Thumb Code    22  stm32f10x_adc.o(.text)
    ADC_GetConversionValue                   0x08002675   Thumb Code     8  stm32f10x_adc.o(.text)
    ADC_GetDualModeConversionValue           0x0800267d   Thumb Code     8  stm32f10x_adc.o(.text)
    ADC_AutoInjectedConvCmd                  0x08002685   Thumb Code    22  stm32f10x_adc.o(.text)
    ADC_InjectedDiscModeCmd                  0x0800269b   Thumb Code    22  stm32f10x_adc.o(.text)
    ADC_ExternalTrigInjectedConvConfig       0x080026b1   Thumb Code    16  stm32f10x_adc.o(.text)
    ADC_ExternalTrigInjectedConvCmd          0x080026c1   Thumb Code    22  stm32f10x_adc.o(.text)
    ADC_SoftwareStartInjectedConvCmd         0x080026d7   Thumb Code    22  stm32f10x_adc.o(.text)
    ADC_GetSoftwareStartInjectedConvCmdStatus 0x080026ed   Thumb Code    20  stm32f10x_adc.o(.text)
    ADC_InjectedChannelConfig                0x08002701   Thumb Code   130  stm32f10x_adc.o(.text)
    ADC_InjectedSequencerLengthConfig        0x08002783   Thumb Code    24  stm32f10x_adc.o(.text)
    ADC_SetInjectedOffset                    0x0800279b   Thumb Code    20  stm32f10x_adc.o(.text)
    ADC_GetInjectedConversionValue           0x080027af   Thumb Code    28  stm32f10x_adc.o(.text)
    ADC_AnalogWatchdogCmd                    0x080027cb   Thumb Code    16  stm32f10x_adc.o(.text)
    ADC_AnalogWatchdogThresholdsConfig       0x080027db   Thumb Code     6  stm32f10x_adc.o(.text)
    ADC_AnalogWatchdogSingleChannelConfig    0x080027e1   Thumb Code    16  stm32f10x_adc.o(.text)
    ADC_TempSensorVrefintCmd                 0x080027f1   Thumb Code    64  stm32f10x_adc.o(.text)
    ADC_GetFlagStatus                        0x08002831   Thumb Code    18  stm32f10x_adc.o(.text)
    ADC_ClearFlag                            0x08002843   Thumb Code     6  stm32f10x_adc.o(.text)
    ADC_GetITStatus                          0x08002849   Thumb Code    36  stm32f10x_adc.o(.text)
    ADC_ClearITPendingBit                    0x0800286d   Thumb Code    10  stm32f10x_adc.o(.text)
    EXTI_DeInit                              0x08002879   Thumb Code    28  stm32f10x_exti.o(.text)
    EXTI_Init                                0x08002895   Thumb Code   142  stm32f10x_exti.o(.text)
    EXTI_StructInit                          0x08002923   Thumb Code    16  stm32f10x_exti.o(.text)
    EXTI_GenerateSWInterrupt                 0x08002933   Thumb Code    16  stm32f10x_exti.o(.text)
    EXTI_GetFlagStatus                       0x08002943   Thumb Code    22  stm32f10x_exti.o(.text)
    EXTI_ClearFlag                           0x08002959   Thumb Code     8  stm32f10x_exti.o(.text)
    EXTI_GetITStatus                         0x08002961   Thumb Code    34  stm32f10x_exti.o(.text)
    EXTI_ClearITPendingBit                   0x08002983   Thumb Code     8  stm32f10x_exti.o(.text)
    GPIO_DeInit                              0x08002995   Thumb Code   172  stm32f10x_gpio.o(.text)
    GPIO_AFIODeInit                          0x08002a41   Thumb Code    20  stm32f10x_gpio.o(.text)
    GPIO_Init                                0x08002a55   Thumb Code   278  stm32f10x_gpio.o(.text)
    GPIO_StructInit                          0x08002b6b   Thumb Code    16  stm32f10x_gpio.o(.text)
    GPIO_ReadInputDataBit                    0x08002b7b   Thumb Code    18  stm32f10x_gpio.o(.text)
    GPIO_ReadInputData                       0x08002b8d   Thumb Code     8  stm32f10x_gpio.o(.text)
    GPIO_ReadOutputDataBit                   0x08002b95   Thumb Code    18  stm32f10x_gpio.o(.text)
    GPIO_ReadOutputData                      0x08002ba7   Thumb Code     8  stm32f10x_gpio.o(.text)
    GPIO_SetBits                             0x08002baf   Thumb Code     4  stm32f10x_gpio.o(.text)
    GPIO_ResetBits                           0x08002bb3   Thumb Code     4  stm32f10x_gpio.o(.text)
    GPIO_WriteBit                            0x08002bb7   Thumb Code    10  stm32f10x_gpio.o(.text)
    GPIO_Write                               0x08002bc1   Thumb Code     4  stm32f10x_gpio.o(.text)
    GPIO_PinLockConfig                       0x08002bc5   Thumb Code    18  stm32f10x_gpio.o(.text)
    GPIO_EventOutputConfig                   0x08002bd7   Thumb Code    26  stm32f10x_gpio.o(.text)
    GPIO_EventOutputCmd                      0x08002bf1   Thumb Code     6  stm32f10x_gpio.o(.text)
    GPIO_PinRemapConfig                      0x08002bf7   Thumb Code   138  stm32f10x_gpio.o(.text)
    GPIO_EXTILineConfig                      0x08002c81   Thumb Code    66  stm32f10x_gpio.o(.text)
    GPIO_ETH_MediaInterfaceConfig            0x08002cc3   Thumb Code     8  stm32f10x_gpio.o(.text)
    RCC_DeInit                               0x08002cf1   Thumb Code    64  stm32f10x_rcc.o(.text)
    RCC_HSEConfig                            0x08002d31   Thumb Code    70  stm32f10x_rcc.o(.text)
    RCC_GetFlagStatus                        0x08002d77   Thumb Code    56  stm32f10x_rcc.o(.text)
    RCC_WaitForHSEStartUp                    0x08002daf   Thumb Code    56  stm32f10x_rcc.o(.text)
    RCC_AdjustHSICalibrationValue            0x08002de7   Thumb Code    20  stm32f10x_rcc.o(.text)
    RCC_HSICmd                               0x08002dfb   Thumb Code     6  stm32f10x_rcc.o(.text)
    RCC_PLLConfig                            0x08002e01   Thumb Code    24  stm32f10x_rcc.o(.text)
    RCC_PLLCmd                               0x08002e19   Thumb Code     6  stm32f10x_rcc.o(.text)
    RCC_SYSCLKConfig                         0x08002e1f   Thumb Code    18  stm32f10x_rcc.o(.text)
    RCC_GetSYSCLKSource                      0x08002e31   Thumb Code    10  stm32f10x_rcc.o(.text)
    RCC_HCLKConfig                           0x08002e3b   Thumb Code    18  stm32f10x_rcc.o(.text)
    RCC_PCLK1Config                          0x08002e4d   Thumb Code    18  stm32f10x_rcc.o(.text)
    RCC_PCLK2Config                          0x08002e5f   Thumb Code    20  stm32f10x_rcc.o(.text)
    RCC_ITConfig                             0x08002e73   Thumb Code    26  stm32f10x_rcc.o(.text)
    RCC_USBCLKConfig                         0x08002e8d   Thumb Code     8  stm32f10x_rcc.o(.text)
    RCC_ADCCLKConfig                         0x08002e95   Thumb Code    18  stm32f10x_rcc.o(.text)
    RCC_LSEConfig                            0x08002ea7   Thumb Code    50  stm32f10x_rcc.o(.text)
    RCC_LSICmd                               0x08002ed9   Thumb Code     6  stm32f10x_rcc.o(.text)
    RCC_RTCCLKConfig                         0x08002edf   Thumb Code    12  stm32f10x_rcc.o(.text)
    RCC_RTCCLKCmd                            0x08002eeb   Thumb Code     8  stm32f10x_rcc.o(.text)
    RCC_GetClocksFreq                        0x08002ef3   Thumb Code   192  stm32f10x_rcc.o(.text)
    RCC_AHBPeriphClockCmd                    0x08002fb3   Thumb Code    26  stm32f10x_rcc.o(.text)
    RCC_APB2PeriphClockCmd                   0x08002fcd   Thumb Code    26  stm32f10x_rcc.o(.text)
    RCC_APB1PeriphClockCmd                   0x08002fe7   Thumb Code    26  stm32f10x_rcc.o(.text)
    RCC_APB2PeriphResetCmd                   0x08003001   Thumb Code    26  stm32f10x_rcc.o(.text)
    RCC_APB1PeriphResetCmd                   0x0800301b   Thumb Code    26  stm32f10x_rcc.o(.text)
    RCC_BackupResetCmd                       0x08003035   Thumb Code     8  stm32f10x_rcc.o(.text)
    RCC_ClockSecuritySystemCmd               0x0800303d   Thumb Code     6  stm32f10x_rcc.o(.text)
    RCC_MCOConfig                            0x08003043   Thumb Code     6  stm32f10x_rcc.o(.text)
    RCC_ClearFlag                            0x08003049   Thumb Code    14  stm32f10x_rcc.o(.text)
    RCC_GetITStatus                          0x08003057   Thumb Code    20  stm32f10x_rcc.o(.text)
    RCC_ClearITPendingBit                    0x0800306b   Thumb Code     6  stm32f10x_rcc.o(.text)
    TIM_DeInit                               0x08003095   Thumb Code   424  stm32f10x_tim.o(.text)
    TIM_TimeBaseInit                         0x0800323d   Thumb Code   122  stm32f10x_tim.o(.text)
    TIM_OC1Init                              0x080032b7   Thumb Code   132  stm32f10x_tim.o(.text)
    TIM_OC2Init                              0x0800333b   Thumb Code   154  stm32f10x_tim.o(.text)
    TIM_OC3Init                              0x080033d5   Thumb Code   150  stm32f10x_tim.o(.text)
    TIM_OC4Init                              0x0800346b   Thumb Code   182  stm32f10x_tim.o(.text)
    TIM_SetIC4Prescaler                      0x08003521   Thumb Code    26  stm32f10x_tim.o(.text)
    TIM_SetIC3Prescaler                      0x080035bd   Thumb Code    18  stm32f10x_tim.o(.text)
    TIM_SetIC2Prescaler                      0x08003649   Thumb Code    26  stm32f10x_tim.o(.text)
    TIM_SetIC1Prescaler                      0x080036e5   Thumb Code    18  stm32f10x_tim.o(.text)
    TIM_ICInit                               0x08003763   Thumb Code   150  stm32f10x_tim.o(.text)
    TIM_PWMIConfig                           0x080037f9   Thumb Code   124  stm32f10x_tim.o(.text)
    TIM_BDTRConfig                           0x08003875   Thumb Code    32  stm32f10x_tim.o(.text)
    TIM_TimeBaseStructInit                   0x08003895   Thumb Code    18  stm32f10x_tim.o(.text)
    TIM_OCStructInit                         0x080038a7   Thumb Code    20  stm32f10x_tim.o(.text)
    TIM_ICStructInit                         0x080038bb   Thumb Code    18  stm32f10x_tim.o(.text)
    TIM_BDTRStructInit                       0x080038cd   Thumb Code    40  stm32f10x_tim.o(.text)
    TIM_Cmd                                  0x080038f5   Thumb Code    24  stm32f10x_tim.o(.text)
    TIM_CtrlPWMOutputs                       0x0800390d   Thumb Code    30  stm32f10x_tim.o(.text)
    TIM_ITConfig                             0x0800392b   Thumb Code    18  stm32f10x_tim.o(.text)
    TIM_GenerateEvent                        0x0800393d   Thumb Code     4  stm32f10x_tim.o(.text)
    TIM_DMAConfig                            0x08003941   Thumb Code    10  stm32f10x_tim.o(.text)
    TIM_DMACmd                               0x0800394b   Thumb Code    18  stm32f10x_tim.o(.text)
    TIM_InternalClockConfig                  0x0800395d   Thumb Code    12  stm32f10x_tim.o(.text)
    TIM_SelectInputTrigger                   0x08003969   Thumb Code    18  stm32f10x_tim.o(.text)
    TIM_ITRxExternalClockConfig              0x0800397b   Thumb Code    24  stm32f10x_tim.o(.text)
    TIM_TIxExternalClockConfig               0x08003993   Thumb Code    62  stm32f10x_tim.o(.text)
    TIM_ETRConfig                            0x080039d1   Thumb Code    28  stm32f10x_tim.o(.text)
    TIM_ETRClockMode1Config                  0x080039ed   Thumb Code    54  stm32f10x_tim.o(.text)
    TIM_ETRClockMode2Config                  0x08003a23   Thumb Code    32  stm32f10x_tim.o(.text)
    TIM_PrescalerConfig                      0x08003a43   Thumb Code     6  stm32f10x_tim.o(.text)
    TIM_CounterModeConfig                    0x08003a49   Thumb Code    18  stm32f10x_tim.o(.text)
    TIM_EncoderInterfaceConfig               0x08003a5b   Thumb Code    66  stm32f10x_tim.o(.text)
    TIM_ForcedOC1Config                      0x08003a9d   Thumb Code    18  stm32f10x_tim.o(.text)
    TIM_ForcedOC2Config                      0x08003aaf   Thumb Code    26  stm32f10x_tim.o(.text)
    TIM_ForcedOC3Config                      0x08003ac9   Thumb Code    18  stm32f10x_tim.o(.text)
    TIM_ForcedOC4Config                      0x08003adb   Thumb Code    26  stm32f10x_tim.o(.text)
    TIM_ARRPreloadConfig                     0x08003af5   Thumb Code    24  stm32f10x_tim.o(.text)
    TIM_SelectCOM                            0x08003b0d   Thumb Code    24  stm32f10x_tim.o(.text)
    TIM_SelectCCDMA                          0x08003b25   Thumb Code    24  stm32f10x_tim.o(.text)
    TIM_CCPreloadControl                     0x08003b3d   Thumb Code    24  stm32f10x_tim.o(.text)
    TIM_OC1PreloadConfig                     0x08003b55   Thumb Code    18  stm32f10x_tim.o(.text)
    TIM_OC2PreloadConfig                     0x08003b67   Thumb Code    26  stm32f10x_tim.o(.text)
    TIM_OC3PreloadConfig                     0x08003b81   Thumb Code    18  stm32f10x_tim.o(.text)
    TIM_OC4PreloadConfig                     0x08003b93   Thumb Code    26  stm32f10x_tim.o(.text)
    TIM_OC1FastConfig                        0x08003bad   Thumb Code    18  stm32f10x_tim.o(.text)
    TIM_OC2FastConfig                        0x08003bbf   Thumb Code    26  stm32f10x_tim.o(.text)
    TIM_OC3FastConfig                        0x08003bd9   Thumb Code    18  stm32f10x_tim.o(.text)
    TIM_OC4FastConfig                        0x08003beb   Thumb Code    26  stm32f10x_tim.o(.text)
    TIM_ClearOC1Ref                          0x08003c05   Thumb Code    18  stm32f10x_tim.o(.text)
    TIM_ClearOC2Ref                          0x08003c17   Thumb Code    24  stm32f10x_tim.o(.text)
    TIM_ClearOC3Ref                          0x08003c2f   Thumb Code    18  stm32f10x_tim.o(.text)
    TIM_ClearOC4Ref                          0x08003c41   Thumb Code    24  stm32f10x_tim.o(.text)
    TIM_OC1PolarityConfig                    0x08003c59   Thumb Code    18  stm32f10x_tim.o(.text)
    TIM_OC1NPolarityConfig                   0x08003c6b   Thumb Code    18  stm32f10x_tim.o(.text)
    TIM_OC2PolarityConfig                    0x08003c7d   Thumb Code    26  stm32f10x_tim.o(.text)
    TIM_OC2NPolarityConfig                   0x08003c97   Thumb Code    26  stm32f10x_tim.o(.text)
    TIM_OC3PolarityConfig                    0x08003cb1   Thumb Code    26  stm32f10x_tim.o(.text)
    TIM_OC3NPolarityConfig                   0x08003ccb   Thumb Code    26  stm32f10x_tim.o(.text)
    TIM_OC4PolarityConfig                    0x08003ce5   Thumb Code    26  stm32f10x_tim.o(.text)
    TIM_CCxCmd                               0x08003cff   Thumb Code    30  stm32f10x_tim.o(.text)
    TIM_CCxNCmd                              0x08003d1d   Thumb Code    30  stm32f10x_tim.o(.text)
    TIM_SelectOCxM                           0x08003d3b   Thumb Code    82  stm32f10x_tim.o(.text)
    TIM_UpdateDisableConfig                  0x08003d8d   Thumb Code    24  stm32f10x_tim.o(.text)
    TIM_UpdateRequestConfig                  0x08003da5   Thumb Code    24  stm32f10x_tim.o(.text)
    TIM_SelectHallSensor                     0x08003dbd   Thumb Code    24  stm32f10x_tim.o(.text)
    TIM_SelectOnePulseMode                   0x08003dd5   Thumb Code    18  stm32f10x_tim.o(.text)
    TIM_SelectOutputTrigger                  0x08003de7   Thumb Code    18  stm32f10x_tim.o(.text)
    TIM_SelectSlaveMode                      0x08003df9   Thumb Code    18  stm32f10x_tim.o(.text)
    TIM_SelectMasterSlaveMode                0x08003e0b   Thumb Code    18  stm32f10x_tim.o(.text)
    TIM_SetCounter                           0x08003e1d   Thumb Code     4  stm32f10x_tim.o(.text)
    TIM_SetAutoreload                        0x08003e21   Thumb Code     4  stm32f10x_tim.o(.text)
    TIM_SetCompare1                          0x08003e25   Thumb Code     4  stm32f10x_tim.o(.text)
    TIM_SetCompare2                          0x08003e29   Thumb Code     4  stm32f10x_tim.o(.text)
    TIM_SetCompare3                          0x08003e2d   Thumb Code     4  stm32f10x_tim.o(.text)
    TIM_SetCompare4                          0x08003e31   Thumb Code     6  stm32f10x_tim.o(.text)
    TIM_SetClockDivision                     0x08003e37   Thumb Code    18  stm32f10x_tim.o(.text)
    TIM_GetCapture1                          0x08003e49   Thumb Code     6  stm32f10x_tim.o(.text)
    TIM_GetCapture2                          0x08003e4f   Thumb Code     6  stm32f10x_tim.o(.text)
    TIM_GetCapture3                          0x08003e55   Thumb Code     6  stm32f10x_tim.o(.text)
    TIM_GetCapture4                          0x08003e5b   Thumb Code     8  stm32f10x_tim.o(.text)
    TIM_GetCounter                           0x08003e63   Thumb Code     6  stm32f10x_tim.o(.text)
    TIM_GetPrescaler                         0x08003e69   Thumb Code     6  stm32f10x_tim.o(.text)
    TIM_GetFlagStatus                        0x08003e6f   Thumb Code    18  stm32f10x_tim.o(.text)
    TIM_ClearFlag                            0x08003e81   Thumb Code     6  stm32f10x_tim.o(.text)
    TIM_GetITStatus                          0x08003e87   Thumb Code    34  stm32f10x_tim.o(.text)
    TIM_ClearITPendingBit                    0x08003ea9   Thumb Code     6  stm32f10x_tim.o(.text)
    USART_DeInit                             0x08003eb1   Thumb Code   134  stm32f10x_usart.o(.text)
    USART_Init                               0x08003f37   Thumb Code   210  stm32f10x_usart.o(.text)
    USART_StructInit                         0x08004009   Thumb Code    24  stm32f10x_usart.o(.text)
    USART_ClockInit                          0x08004021   Thumb Code    34  stm32f10x_usart.o(.text)
    USART_ClockStructInit                    0x08004043   Thumb Code    12  stm32f10x_usart.o(.text)
    USART_Cmd                                0x0800404f   Thumb Code    24  stm32f10x_usart.o(.text)
    USART_ITConfig                           0x08004067   Thumb Code    74  stm32f10x_usart.o(.text)
    USART_DMACmd                             0x080040b1   Thumb Code    18  stm32f10x_usart.o(.text)
    USART_SetAddress                         0x080040c3   Thumb Code    18  stm32f10x_usart.o(.text)
    USART_WakeUpConfig                       0x080040d5   Thumb Code    18  stm32f10x_usart.o(.text)
    USART_ReceiverWakeUpCmd                  0x080040e7   Thumb Code    24  stm32f10x_usart.o(.text)
    USART_LINBreakDetectLengthConfig         0x080040ff   Thumb Code    18  stm32f10x_usart.o(.text)
    USART_LINCmd                             0x08004111   Thumb Code    24  stm32f10x_usart.o(.text)
    USART_SendData                           0x08004129   Thumb Code     8  stm32f10x_usart.o(.text)
    USART_ReceiveData                        0x08004131   Thumb Code    10  stm32f10x_usart.o(.text)
    USART_SendBreak                          0x0800413b   Thumb Code    10  stm32f10x_usart.o(.text)
    USART_SetGuardTime                       0x08004145   Thumb Code    16  stm32f10x_usart.o(.text)
    USART_SetPrescaler                       0x08004155   Thumb Code    16  stm32f10x_usart.o(.text)
    USART_SmartCardCmd                       0x08004165   Thumb Code    24  stm32f10x_usart.o(.text)
    USART_SmartCardNACKCmd                   0x0800417d   Thumb Code    24  stm32f10x_usart.o(.text)
    USART_HalfDuplexCmd                      0x08004195   Thumb Code    24  stm32f10x_usart.o(.text)
    USART_OverSampling8Cmd                   0x080041ad   Thumb Code    22  stm32f10x_usart.o(.text)
    USART_OneBitMethodCmd                    0x080041c3   Thumb Code    24  stm32f10x_usart.o(.text)
    USART_IrDAConfig                         0x080041db   Thumb Code    18  stm32f10x_usart.o(.text)
    USART_IrDACmd                            0x080041ed   Thumb Code    24  stm32f10x_usart.o(.text)
    USART_GetFlagStatus                      0x08004205   Thumb Code    26  stm32f10x_usart.o(.text)
    USART_ClearFlag                          0x0800421f   Thumb Code    18  stm32f10x_usart.o(.text)
    USART_GetITStatus                        0x08004231   Thumb Code    84  stm32f10x_usart.o(.text)
    USART_ClearITPendingBit                  0x08004285   Thumb Code    52  stm32f10x_usart.o(.text)
    main                                     0x080042b9   Thumb Code   238  main.o(.text)
    NMI_Handler                              0x080043c5   Thumb Code     2  stm32f10x_it.o(.text)
    HardFault_Handler                        0x080043c7   Thumb Code     4  stm32f10x_it.o(.text)
    MemManage_Handler                        0x080043cb   Thumb Code     4  stm32f10x_it.o(.text)
    BusFault_Handler                         0x080043cf   Thumb Code     4  stm32f10x_it.o(.text)
    UsageFault_Handler                       0x080043d3   Thumb Code     4  stm32f10x_it.o(.text)
    SVC_Handler                              0x080043d7   Thumb Code     2  stm32f10x_it.o(.text)
    DebugMon_Handler                         0x080043d9   Thumb Code     2  stm32f10x_it.o(.text)
    PendSV_Handler                           0x080043db   Thumb Code     2  stm32f10x_it.o(.text)
    SysTick_Handler                          0x080043dd   Thumb Code     8  stm32f10x_it.o(.text)
    JTAG_Set                                 0x080043e5   Thumb Code    38  bsp_beep.o(.text)
    BEEP_GPIO_Config                         0x0800440b   Thumb Code    62  bsp_beep.o(.text)
    Buzzer_Alarm                             0x08004449   Thumb Code    52  bsp_beep.o(.text)
    Key_GPIO_Config                          0x0800448d   Thumb Code    54  bsp_key.o(.text)
    Key_Scan                                 0x080044c3   Thumb Code    40  bsp_key.o(.text)
    User_Key_Scan                            0x080044eb   Thumb Code   312  bsp_key.o(.text)
    Get_KeyVal                               0x08004623   Thumb Code   216  bsp_key.o(.text)
    LED_GPIO_Config                          0x08004731   Thumb Code    68  bsp_led.o(.text)
    LED_Flash                                0x08004775   Thumb Code    44  bsp_led.o(.text)
    SysTick_Init                             0x080047f5   Thumb Code    26  bsp_systick.o(.text)
    Delay_us                                 0x0800480f   Thumb Code    36  bsp_systick.o(.text)
    TimingDelay_Decrement                    0x08004833   Thumb Code    18  bsp_systick.o(.text)
    SysTick_Delay_Us                         0x08004845   Thumb Code    64  bsp_systick.o(.text)
    SysTick_Delay_Ms                         0x08004885   Thumb Code    66  bsp_systick.o(.text)
    DEBUG_USART_Init                         0x080048e1   Thumb Code   158  bsp_usart.o(.text)
    BLUETOOTH_USART_Init                     0x0800497f   Thumb Code   158  bsp_usart.o(.text)
    LIDAR_USART_Init                         0x08004a1d   Thumb Code   154  bsp_usart.o(.text)
    fputc                                    0x08004ab7   Thumb Code    64  bsp_usart.o(.text)
    fgetc                                    0x08004af7   Thumb Code    26  bsp_usart.o(.text)
    PWM_OutPut_TIM_Init                      0x08004c93   Thumb Code    20  bsp_generaltim.o(.text)
    TIMING_TIM_Init                          0x08004ca7   Thumb Code    96  bsp_generaltim.o(.text)
    Motor_Init                               0x08004d19   Thumb Code    16  bsp_motor.o(.text)
    Servo_Init                               0x08004d29   Thumb Code   158  bsp_motor.o(.text)
    Set_Pwm                                  0x08004dc7   Thumb Code   110  bsp_motor.o(.text)
    Voltage_ADC_Init                         0x08004f17   Thumb Code    16  bsp_adc.o(.text)
    Car_Select_ADC_Init                      0x08004fcd   Thumb Code    12  bsp_adc.o(.text)
    ADC1_2_IRQHandler                        0x08004fd9   Thumb Code    38  bsp_adc.o(.text)
    Get_Voltage                              0x08004fff   Thumb Code    58  bsp_adc.o(.text)
    Get_Adc                                  0x08005039   Thumb Code    48  bsp_adc.o(.text)
    OLED_WR_Byte                             0x08005085   Thumb Code    80  bsp_oled.o(.text)
    OLED_Refresh_Gram                        0x080050d5   Thumb Code    70  bsp_oled.o(.text)
    OLED_Display_On                          0x0800511b   Thumb Code    28  bsp_oled.o(.text)
    OLED_Display_Off                         0x08005137   Thumb Code    28  bsp_oled.o(.text)
    OLED_Clear                               0x08005153   Thumb Code    42  bsp_oled.o(.text)
    OLED_DrawPoint                           0x0800517d   Thumb Code   100  bsp_oled.o(.text)
    OLED_ShowChar                            0x080051e1   Thumb Code   158  bsp_oled.o(.text)
    oled_pow                                 0x0800527f   Thumb Code    22  bsp_oled.o(.text)
    OLED_ShowNumber                          0x08005295   Thumb Code   148  bsp_oled.o(.text)
    OLED_ShowString                          0x08005329   Thumb Code    68  bsp_oled.o(.text)
    OLED_Init                                0x0800536d   Thumb Code   398  bsp_oled.o(.text)
    OLED_Refresh_GRAM_Line                   0x080054fb   Thumb Code    48  bsp_oled.o(.text)
    Encoder_GPIO_Config                      0x08005531   Thumb Code    52  encoder.o(.text)
    Encoder_NVIC_Config                      0x08005565   Thumb Code    60  encoder.o(.text)
    Encoder_TIM_Mode_Config                  0x080055a1   Thumb Code   186  encoder.o(.text)
    Encoder_Init                             0x0800565b   Thumb Code    16  encoder.o(.text)
    Read_Encoder                             0x0800566b   Thumb Code    96  encoder.o(.text)
    TIM4_IRQHandler                          0x080056cb   Thumb Code    20  encoder.o(.text)
    TIM8_UP_IRQHandler                       0x080056df   Thumb Code    20  encoder.o(.text)
    PS2_Init                                 0x08005709   Thumb Code   118  pstwo.o(.text)
    PS2_Cmd                                  0x0800577f   Thumb Code   130  pstwo.o(.text)
    PS2_RedLight                             0x08005801   Thumb Code    50  pstwo.o(.text)
    PS2_ReadData                             0x08005833   Thumb Code   168  pstwo.o(.text)
    PS2_ClearData                            0x080058db   Thumb Code    20  pstwo.o(.text)
    PS2_DataKey                              0x080058ef   Thumb Code    70  pstwo.o(.text)
    PS2_AnologData                           0x08005935   Thumb Code     8  pstwo.o(.text)
    PS2_Vibration                            0x0800593d   Thumb Code    90  pstwo.o(.text)
    PS2_ShortPoll                            0x08005997   Thumb Code    62  pstwo.o(.text)
    PS2_EnterConfing                         0x080059d5   Thumb Code    86  pstwo.o(.text)
    PS2_TurnOnAnalogMode                     0x08005a2b   Thumb Code    80  pstwo.o(.text)
    PS2_VibrationMode                        0x08005a7b   Thumb Code    62  pstwo.o(.text)
    PS2_ExitConfing                          0x08005ab9   Thumb Code   124  pstwo.o(.text)
    PS2_SetInit                              0x08005b35   Thumb Code    28  pstwo.o(.text)
    PS2_Read                                 0x08005b51   Thumb Code   140  pstwo.o(.text)
    Float2Byte                               0x08005c19   Thumb Code    28  datascope_dp.o(.text)
    DataScope_Get_Channel_Data               0x08005c35   Thumb Code   158  datascope_dp.o(.text)
    DataScope_Data_Generate                  0x08005cd3   Thumb Code   148  datascope_dp.o(.text)
    Check_Sum                                0x08005d6d   Thumb Code    52  usartx.o(.text)
    data_transition                          0x08005da1   Thumb Code   718  usartx.o(.text)
    usart1_send                              0x0800606f   Thumb Code    22  usartx.o(.text)
    USART1_SEND                              0x08006085   Thumb Code    26  usartx.o(.text)
    XYZ_Target_Speed_transition              0x0800609f   Thumb Code    42  usartx.o(.text)
    float_abs                                0x080060c9   Thumb Code    24  usartx.o(.text)
    Vz_to_Akm_Angle                          0x080060e1   Thumb Code   288  usartx.o(.text)
    USART1_IRQHandler                        0x08006201   Thumb Code   232  usartx.o(.text)
    PWM_Limit                                0x08006319   Thumb Code    42  control.o(.text)
    Mean_Filter_Right                        0x08006343   Thumb Code    92  control.o(.text)
    Mean_Filter_Left                         0x0800639f   Thumb Code    92  control.o(.text)
    Get_Motor_PWM                            0x080063fb   Thumb Code   114  control.o(.text)
    Turn_Off                                 0x0800646d   Thumb Code    50  control.o(.text)
    target_limit_float                       0x0800649f   Thumb Code    40  control.o(.text)
    target_limit_int                         0x080064c7   Thumb Code    22  control.o(.text)
    RC_Lidar_avoid                           0x080064dd   Thumb Code   412  control.o(.text)
    Get_Target_Encoder                       0x08006679   Thumb Code  1016  control.o(.text)
    Lidar_along_wall                         0x08006a71   Thumb Code   216  control.o(.text)
    Lidar_Follow                             0x08006b49   Thumb Code   620  control.o(.text)
    Lidar_Avoid                              0x08006db5   Thumb Code   622  control.o(.text)
    Remote_Control                           0x08007023   Thumb Code   428  control.o(.text)
    PS2_Control                              0x080071cf   Thumb Code   470  control.o(.text)
    Bluetooth_Control                        0x080073a5   Thumb Code   408  control.o(.text)
    Get_Angle                                0x0800753d   Thumb Code   560  control.o(.text)
    Get_Velocity_From_Encoder                0x0800776d   Thumb Code   210  control.o(.text)
    TIM5_IRQHandler                          0x0800783f   Thumb Code   498  control.o(.text)
    Car_Perimeter_Init                       0x08007a31   Thumb Code    64  control.o(.text)
    Ultrasonic_Follow                        0x08007a71   Thumb Code   182  control.o(.text)
    myabs                                    0x08007b79   Thumb Code    16  show.o(.text)
    OLED_DrawPoint_Shu                       0x08007b89   Thumb Code    60  show.o(.text)
    OLED_Show_CCD                            0x08007bc5   Thumb Code    46  show.o(.text)
    Show                                     0x08007bf3   Thumb Code  3514  show.o(.text)
    Car_Select_Show                          0x080089ad   Thumb Code   128  show.o(.text)
    APP_Show                                 0x08008a2d   Thumb Code   258  show.o(.text)
    DataScope                                0x08008b2f   Thumb Code    98  show.o(.text)
    Robot_Select                             0x08008b91   Thumb Code    44  show.o(.text)
    USART3_IRQHandler                        0x08008d2d   Thumb Code   746  bluetooth.o(.text)
    Incremental_PI_Left                      0x080090a1   Thumb Code   102  pid.o(.text)
    Incremental_PI_Right                     0x08009107   Thumb Code   102  pid.o(.text)
    Along_Adjust_PID                         0x0800916d   Thumb Code   460  pid.o(.text)
    Follow_Turn_PID                          0x08009339   Thumb Code   618  pid.o(.text)
    Distance_Adjust_PID                      0x080095a3   Thumb Code   198  pid.o(.text)
    ELE_PID                                  0x08009669   Thumb Code   562  pid.o(.text)
    CCD_PID                                  0x0800989b   Thumb Code   622  pid.o(.text)
    data_process                             0x08009b41   Thumb Code   810  lidar.o(.text)
    UART5_IRQHandler                         0x08009e6b   Thumb Code   852  lidar.o(.text)
    Distance_Capture_GPIO_Config             0x0800a1d5   Thumb Code   230  capture.o(.text)
    Distance_Capture_Mode_Config             0x0800a2bb   Thumb Code   268  capture.o(.text)
    Distance_Capture_NVIC_Config             0x0800a3c7   Thumb Code    94  capture.o(.text)
    Distance_Cap_Init                        0x0800a425   Thumb Code    24  capture.o(.text)
    PWM_Capture_GPIO_Config                  0x0800a43d   Thumb Code    60  capture.o(.text)
    PWM_Capture_Mode_Config                  0x0800a479   Thumb Code   168  capture.o(.text)
    PWM_Capture_NVIC_Config                  0x0800a521   Thumb Code    34  capture.o(.text)
    PWM_Cap_Init                             0x0800a543   Thumb Code    24  capture.o(.text)
    Read_Distane                             0x0800a55b   Thumb Code   344  capture.o(.text)
    TIM2_IRQHandler                          0x0800a6b3   Thumb Code   436  capture.o(.text)
    TIM1_CC_IRQHandler                       0x0800a867   Thumb Code   182  capture.o(.text)
    TIM1_UP_IRQHandler                       0x0800a91d   Thumb Code    64  capture.o(.text)
    ELE_ADC_Init                             0x0800aaa3   Thumb Code    12  ele_ccd.o(.text)
    CCD_Init                                 0x0800ab87   Thumb Code    12  ele_ccd.o(.text)
    Detect_Barrier                           0x0800ab93   Thumb Code   120  ele_ccd.o(.text)
    ELE_Mode                                 0x0800ac0b   Thumb Code   186  ele_ccd.o(.text)
    Dly_us                                   0x0800acc5   Thumb Code    12  ele_ccd.o(.text)
    RD_TSL                                   0x0800acd1   Thumb Code   122  ele_ccd.o(.text)
    Find_CCD_Median                          0x0800ad4b   Thumb Code   616  ele_ccd.o(.text)
    CCD_Mode                                 0x0800afb3   Thumb Code    42  ele_ccd.o(.text)
    mpu_reg_dump                             0x0800b09b   Thumb Code    72  inv_mpu.o(.text)
    mpu_read_reg                             0x0800b0e3   Thumb Code    66  inv_mpu.o(.text)
    mpu_set_int_latched                      0x0800b125   Thumb Code   102  inv_mpu.o(.text)
    mpu_set_sensors                          0x0800b18b   Thumb Code   202  inv_mpu.o(.text)
    mpu_set_bypass                           0x0800b255   Thumb Code   328  inv_mpu.o(.text)
    mpu_reset_fifo                           0x0800b39d   Thumb Code   444  inv_mpu.o(.text)
    mpu_configure_fifo                       0x0800b559   Thumb Code   106  inv_mpu.o(.text)
    mpu_set_lpf                              0x0800b5c3   Thumb Code   126  inv_mpu.o(.text)
    mpu_lp_accel_mode                        0x0800b641   Thumb Code   218  inv_mpu.o(.text)
    mpu_set_sample_rate                      0x0800b71b   Thumb Code   152  inv_mpu.o(.text)
    mpu_set_accel_fsr                        0x0800b7b3   Thumb Code   132  inv_mpu.o(.text)
    mpu_set_gyro_fsr                         0x0800b837   Thumb Code   132  inv_mpu.o(.text)
    mpu_init                                 0x0800b8bb   Thumb Code   416  inv_mpu.o(.text)
    myget_ms                                 0x0800ba5b   Thumb Code     2  inv_mpu.o(.text)
    mpu_get_gyro_reg                         0x0800ba5d   Thumb Code   110  inv_mpu.o(.text)
    mpu_get_accel_reg                        0x0800bacb   Thumb Code   110  inv_mpu.o(.text)
    mpu_get_temperature                      0x0800bb39   Thumb Code   150  inv_mpu.o(.text)
    mpu_set_accel_bias                       0x0800bbcf   Thumb Code   468  inv_mpu.o(.text)
    mpu_get_gyro_fsr                         0x0800bda3   Thumb Code    64  inv_mpu.o(.text)
    mpu_get_accel_fsr                        0x0800bde3   Thumb Code    72  inv_mpu.o(.text)
    mpu_get_lpf                              0x0800be2b   Thumb Code    74  inv_mpu.o(.text)
    mpu_get_sample_rate                      0x0800be75   Thumb Code    26  inv_mpu.o(.text)
    mpu_get_compass_sample_rate              0x0800be8f   Thumb Code    10  inv_mpu.o(.text)
    mpu_set_compass_sample_rate              0x0800be99   Thumb Code     8  inv_mpu.o(.text)
    mpu_get_gyro_sens                        0x0800bea1   Thumb Code    58  inv_mpu.o(.text)
    mpu_get_accel_sens                       0x0800bedb   Thumb Code    78  inv_mpu.o(.text)
    mpu_get_fifo_config                      0x0800bf29   Thumb Code    12  inv_mpu.o(.text)
    mpu_get_power_state                      0x0800bf35   Thumb Code    22  inv_mpu.o(.text)
    mpu_get_int_status                       0x0800bf4b   Thumb Code    64  inv_mpu.o(.text)
    mpu_read_fifo                            0x0800bf8b   Thumb Code   520  inv_mpu.o(.text)
    mpu_read_fifo_stream                     0x0800c193   Thumb Code   186  inv_mpu.o(.text)
    mpu_set_int_level                        0x0800c24d   Thumb Code    12  inv_mpu.o(.text)
    mpu_set_dmp_state                        0x0800c92b   Thumb Code   138  inv_mpu.o(.text)
    mpu_run_self_test                        0x0800c9b5   Thumb Code   278  inv_mpu.o(.text)
    mpu_write_mem                            0x0800cacb   Thumb Code   122  inv_mpu.o(.text)
    mpu_read_mem                             0x0800cb45   Thumb Code   122  inv_mpu.o(.text)
    mpu_load_firmware                        0x0800cbbf   Thumb Code   192  inv_mpu.o(.text)
    mpu_get_dmp_state                        0x0800cc7f   Thumb Code    14  inv_mpu.o(.text)
    mpu_get_compass_reg                      0x0800cc8d   Thumb Code     8  inv_mpu.o(.text)
    mpu_get_compass_fsr                      0x0800cc95   Thumb Code     8  inv_mpu.o(.text)
    mpu_lp_motion_interrupt                  0x0800cc9d   Thumb Code   512  inv_mpu.o(.text)
    dmp_load_motion_driver_firmware          0x0800cea1   Thumb Code    20  inv_mpu_dmp_motion_driver.o(.text)
    dmp_set_orientation                      0x0800ceb5   Thumb Code   290  inv_mpu_dmp_motion_driver.o(.text)
    dmp_set_gyro_bias                        0x0800cfd7   Thumb Code   294  inv_mpu_dmp_motion_driver.o(.text)
    dmp_set_accel_bias                       0x0800d0fd   Thumb Code   300  inv_mpu_dmp_motion_driver.o(.text)
    dmp_set_fifo_rate                        0x0800d229   Thumb Code   136  inv_mpu_dmp_motion_driver.o(.text)
    dmp_get_fifo_rate                        0x0800d2b1   Thumb Code    12  inv_mpu_dmp_motion_driver.o(.text)
    dmp_set_tap_thresh                       0x0800d2bd   Thumb Code   396  inv_mpu_dmp_motion_driver.o(.text)
    dmp_set_tap_axes                         0x0800d449   Thumb Code    70  inv_mpu_dmp_motion_driver.o(.text)
    dmp_set_tap_count                        0x0800d48f   Thumb Code    38  inv_mpu_dmp_motion_driver.o(.text)
    dmp_set_tap_time                         0x0800d4b5   Thumb Code    38  inv_mpu_dmp_motion_driver.o(.text)
    dmp_set_tap_time_multi                   0x0800d4db   Thumb Code    38  inv_mpu_dmp_motion_driver.o(.text)
    dmp_set_shake_reject_thresh              0x0800d501   Thumb Code    56  inv_mpu_dmp_motion_driver.o(.text)
    dmp_set_shake_reject_time                0x0800d539   Thumb Code    38  inv_mpu_dmp_motion_driver.o(.text)
    dmp_set_shake_reject_timeout             0x0800d55f   Thumb Code    38  inv_mpu_dmp_motion_driver.o(.text)
    dmp_get_pedometer_step_count             0x0800d585   Thumb Code    66  inv_mpu_dmp_motion_driver.o(.text)
    dmp_set_pedometer_step_count             0x0800d5c7   Thumb Code    42  inv_mpu_dmp_motion_driver.o(.text)
    dmp_get_pedometer_walk_time              0x0800d5f1   Thumb Code    72  inv_mpu_dmp_motion_driver.o(.text)
    dmp_set_pedometer_walk_time              0x0800d639   Thumb Code    48  inv_mpu_dmp_motion_driver.o(.text)
    dmp_enable_6x_lp_quat                    0x0800d669   Thumb Code    84  inv_mpu_dmp_motion_driver.o(.text)
    dmp_enable_lp_quat                       0x0800d6bd   Thumb Code    60  inv_mpu_dmp_motion_driver.o(.text)
    dmp_enable_gyro_cal                      0x0800d6f9   Thumb Code    62  inv_mpu_dmp_motion_driver.o(.text)
    dmp_enable_feature                       0x0800d737   Thumb Code   530  inv_mpu_dmp_motion_driver.o(.text)
    dmp_get_enabled_features                 0x0800d949   Thumb Code    12  inv_mpu_dmp_motion_driver.o(.text)
    dmp_set_interrupt_mode                   0x0800d9b3   Thumb Code    66  inv_mpu_dmp_motion_driver.o(.text)
    dmp_read_fifo                            0x0800d9f5   Thumb Code   514  inv_mpu_dmp_motion_driver.o(.text)
    dmp_register_tap_cb                      0x0800dbf7   Thumb Code    10  inv_mpu_dmp_motion_driver.o(.text)
    dmp_register_android_orient_cb           0x0800dc01   Thumb Code    10  inv_mpu_dmp_motion_driver.o(.text)
    IIC_Init                                 0x0800dc11   Thumb Code    40  ioi2c.o(.text)
    IIC_Start                                0x0800dc39   Thumb Code    96  ioi2c.o(.text)
    IIC_Stop                                 0x0800dc99   Thumb Code    68  ioi2c.o(.text)
    IIC_Wait_Ack                             0x0800dcdd   Thumb Code    96  ioi2c.o(.text)
    IIC_Ack                                  0x0800dd3d   Thumb Code    72  ioi2c.o(.text)
    IIC_NAck                                 0x0800dd85   Thumb Code    70  ioi2c.o(.text)
    IIC_Send_Byte                            0x0800ddcb   Thumb Code    94  ioi2c.o(.text)
    i2cWrite                                 0x0800de29   Thumb Code    96  ioi2c.o(.text)
    IIC_Read_Byte                            0x0800de89   Thumb Code   104  ioi2c.o(.text)
    i2cRead                                  0x0800def1   Thumb Code   118  ioi2c.o(.text)
    I2C_ReadOneByte                          0x0800df67   Thumb Code    70  ioi2c.o(.text)
    IICreadBytes                             0x0800dfad   Thumb Code   112  ioi2c.o(.text)
    IICwriteBytes                            0x0800e01d   Thumb Code    70  ioi2c.o(.text)
    IICreadByte                              0x0800e063   Thumb Code    22  ioi2c.o(.text)
    IICwriteByte                             0x0800e079   Thumb Code    20  ioi2c.o(.text)
    IICwriteBits                             0x0800e08d   Thumb Code   106  ioi2c.o(.text)
    IICwriteBit                              0x0800e0f7   Thumb Code    64  ioi2c.o(.text)
    MPU6050_newValues                        0x0800e23f   Thumb Code   494  mpu6050.o(.text)
    MPU6050_setClockSource                   0x0800e42d   Thumb Code    20  mpu6050.o(.text)
    MPU6050_setFullScaleGyroRange            0x0800e441   Thumb Code    20  mpu6050.o(.text)
    MPU6050_setFullScaleAccelRange           0x0800e455   Thumb Code    20  mpu6050.o(.text)
    MPU6050_setSleepEnabled                  0x0800e469   Thumb Code    18  mpu6050.o(.text)
    MPU6050_getDeviceID                      0x0800e47b   Thumb Code    20  mpu6050.o(.text)
    MPU6050_testConnection                   0x0800e48f   Thumb Code    18  mpu6050.o(.text)
    MPU6050_setI2CMasterModeEnabled          0x0800e4a1   Thumb Code    18  mpu6050.o(.text)
    MPU6050_setI2CBypassEnabled              0x0800e4b3   Thumb Code    18  mpu6050.o(.text)
    MPU6050_initialize                       0x0800e4c5   Thumb Code    40  mpu6050.o(.text)
    DMP_Init                                 0x0800e4ed   Thumb Code   204  mpu6050.o(.text)
    Read_DMP                                 0x0800e5b9   Thumb Code   560  mpu6050.o(.text)
    Read_Temperature                         0x0800e7e9   Thumb Code   516  mpu6050.o(.text)
    MiniBalance_EXTI_Init                    0x0800e9ed   Thumb Code   108  mpu6050.o(.text)
    MPU6050_Init                             0x0800ea59   Thumb Code    12  mpu6050.o(.text)
    Kalman_Filter_x                          0x0800ea69   Thumb Code   558  filter.o(.text)
    Complementary_Filter_x                   0x0800ec97   Thumb Code    82  filter.o(.text)
    Kalman_Filter_y                          0x0800ece9   Thumb Code   680  filter.o(.text)
    Complementary_Filter_y                   0x0800ef91   Thumb Code    82  filter.o(.text)
    __aeabi_ldivmod                          0x0800f015   Thumb Code    98  ldiv.o(.text)
    __aeabi_memset                           0x0800f077   Thumb Code    14  memseta.o(.text)
    __aeabi_memset4                          0x0800f077   Thumb Code     0  memseta.o(.text)
    __aeabi_memset8                          0x0800f077   Thumb Code     0  memseta.o(.text)
    __aeabi_memclr                           0x0800f085   Thumb Code     4  memseta.o(.text)
    __aeabi_memclr4                          0x0800f085   Thumb Code     0  memseta.o(.text)
    __aeabi_memclr8                          0x0800f085   Thumb Code     0  memseta.o(.text)
    _memset$wrapper                          0x0800f089   Thumb Code    18  memseta.o(.text)
    memcmp                                   0x0800f09b   Thumb Code    26  memcmp.o(.text)
    __aeabi_fadd                             0x0800f0b5   Thumb Code   164  fadd.o(.text)
    __aeabi_fsub                             0x0800f159   Thumb Code     6  fadd.o(.text)
    __aeabi_frsub                            0x0800f15f   Thumb Code     6  fadd.o(.text)
    __aeabi_fmul                             0x0800f165   Thumb Code   100  fmul.o(.text)
    __aeabi_fdiv                             0x0800f1c9   Thumb Code   124  fdiv.o(.text)
    __aeabi_dadd                             0x0800f245   Thumb Code   322  dadd.o(.text)
    __aeabi_dsub                             0x0800f387   Thumb Code     6  dadd.o(.text)
    __aeabi_drsub                            0x0800f38d   Thumb Code     6  dadd.o(.text)
    __aeabi_dmul                             0x0800f393   Thumb Code   228  dmul.o(.text)
    __aeabi_ddiv                             0x0800f477   Thumb Code   222  ddiv.o(.text)
    __aeabi_i2f                              0x0800f555   Thumb Code    18  fflti.o(.text)
    __aeabi_ui2f                             0x0800f567   Thumb Code    10  ffltui.o(.text)
    __aeabi_i2d                              0x0800f571   Thumb Code    34  dflti.o(.text)
    __aeabi_ui2d                             0x0800f593   Thumb Code    26  dfltui.o(.text)
    __aeabi_f2iz                             0x0800f5ad   Thumb Code    50  ffixi.o(.text)
    __aeabi_f2uiz                            0x0800f5df   Thumb Code    40  ffixui.o(.text)
    __aeabi_d2iz                             0x0800f607   Thumb Code    62  dfixi.o(.text)
    __aeabi_f2d                              0x0800f645   Thumb Code    38  f2d.o(.text)
    __aeabi_cdcmpeq                          0x0800f66d   Thumb Code     0  cdcmple.o(.text)
    __aeabi_cdcmple                          0x0800f66d   Thumb Code    48  cdcmple.o(.text)
    __aeabi_cdrcmple                         0x0800f69d   Thumb Code    48  cdrcmple.o(.text)
    __aeabi_d2f                              0x0800f6cd   Thumb Code    56  d2f.o(.text)
    __aeabi_cfcmpeq                          0x0800f705   Thumb Code     0  cfcmple.o(.text)
    __aeabi_cfcmple                          0x0800f705   Thumb Code    20  cfcmple.o(.text)
    __aeabi_cfrcmple                         0x0800f719   Thumb Code    20  cfrcmple.o(.text)
    __aeabi_uidiv                            0x0800f72d   Thumb Code     0  uidiv.o(.text)
    __aeabi_uidivmod                         0x0800f72d   Thumb Code    44  uidiv.o(.text)
    __aeabi_uldivmod                         0x0800f759   Thumb Code    98  uldiv.o(.text)
    __aeabi_llsl                             0x0800f7bb   Thumb Code    30  llshl.o(.text)
    _ll_shift_l                              0x0800f7bb   Thumb Code     0  llshl.o(.text)
    __aeabi_llsr                             0x0800f7d9   Thumb Code    32  llushr.o(.text)
    _ll_ushift_r                             0x0800f7d9   Thumb Code     0  llushr.o(.text)
    __aeabi_lasr                             0x0800f7f9   Thumb Code    36  llsshr.o(.text)
    _ll_sshift_r                             0x0800f7f9   Thumb Code     0  llsshr.o(.text)
    __I$use$fp                               0x0800f81d   Thumb Code     0  iusefp.o(.text)
    _float_round                             0x0800f81d   Thumb Code    18  fepilogue.o(.text)
    _float_epilogue                          0x0800f82f   Thumb Code    92  fepilogue.o(.text)
    _double_round                            0x0800f88b   Thumb Code    30  depilogue.o(.text)
    _double_epilogue                         0x0800f8a9   Thumb Code   156  depilogue.o(.text)
    __ARM_scalbn                             0x0800f945   Thumb Code    46  dscalb.o(.text)
    scalbn                                   0x0800f945   Thumb Code     0  dscalb.o(.text)
    __scatterload                            0x0800f975   Thumb Code    28  init.o(.text)
    __scatterload_rt2                        0x0800f975   Thumb Code     0  init.o(.text)
    _dsqrt                                   0x0800f999   Thumb Code   162  dsqrt.o(.text)
    __decompress                             0x0800fa3b   Thumb Code     0  __dczerorl2.o(.text)
    __decompress1                            0x0800fa3b   Thumb Code    86  __dczerorl2.o(.text)
    __0printf$1                              0x0800fa91   Thumb Code    22  printf1.o(i.__0printf$1)
    __1printf$1                              0x0800fa91   Thumb Code     0  printf1.o(i.__0printf$1)
    __2printf                                0x0800fa91   Thumb Code     0  printf1.o(i.__0printf$1)
    __ARM_fpclassify                         0x0800fab1   Thumb Code    40  fpclassify.o(i.__ARM_fpclassify)
    __ieee754_rem_pio2                       0x0800fad9   Thumb Code   828  rred.o(i.__ieee754_rem_pio2)
    __kernel_poly                            0x0800fe61   Thumb Code   170  poly.o(i.__kernel_poly)
    __kernel_tan                             0x0800ff0d   Thumb Code   586  tan_i.o(i.__kernel_tan)
    __mathlib_dbl_divzero                    0x08010189   Thumb Code    12  dunder.o(i.__mathlib_dbl_divzero)
    __mathlib_dbl_infnan                     0x08010199   Thumb Code     6  dunder.o(i.__mathlib_dbl_infnan)
    __mathlib_dbl_infnan2                    0x0801019f   Thumb Code     4  dunder.o(i.__mathlib_dbl_infnan2)
    __mathlib_dbl_invalid                    0x080101a3   Thumb Code    12  dunder.o(i.__mathlib_dbl_invalid)
    __mathlib_dbl_overflow                   0x080101af   Thumb Code    14  dunder.o(i.__mathlib_dbl_overflow)
    __mathlib_dbl_underflow                  0x080101bd   Thumb Code    10  dunder.o(i.__mathlib_dbl_underflow)
    __scatterload_copy                       0x080101cd   Thumb Code    14  handlers.o(i.__scatterload_copy)
    __scatterload_null                       0x080101db   Thumb Code     2  handlers.o(i.__scatterload_null)
    __scatterload_zeroinit                   0x080101dd   Thumb Code    14  handlers.o(i.__scatterload_zeroinit)
    __set_errno                              0x080101ed   Thumb Code     6  errno.o(i.__set_errno)
    asin                                     0x0801034d   Thumb Code   572  asin.o(i.asin)
    atan                                     0x080105bd   Thumb Code   474  atan.o(i.atan)
    atan2                                    0x080107dd   Thumb Code   374  atan2.o(i.atan2)
    pow                                      0x08010979   Thumb Code  2512  pow.o(i.pow)
    sqrt                                     0x08011351   Thumb Code    76  sqrt.o(i.sqrt)
    tan                                      0x0801139d   Thumb Code    90  tan.o(i.tan)
    hw                                       0x0801342c   Data          12  inv_mpu.o(.constdata)
    reg                                      0x08013438   Data          27  inv_mpu.o(.constdata)
    test                                     0x08013454   Data          40  inv_mpu.o(.constdata)
    __mathlib_zero                           0x08014c48   Data           8  qnan.o(.constdata)
    Region$$Table$$Base                      0x08014dc8   Number         0  anon$$obj.o(Region$$Table)
    Region$$Table$$Limit                     0x08014de8   Number         0  anon$$obj.o(Region$$Table)
    SystemCoreClock                          0x20000000   Data           4  system_stm32f10x.o(.data)
    AHBPrescTable                            0x20000004   Data          16  system_stm32f10x.o(.data)
    delay_50                                 0x20000028   Data           1  main.o(.data)
    delay_flag                               0x20000029   Data           1  main.o(.data)
    Voltage                                  0x2000002a   Data           2  main.o(.data)
    Flag_Stop                                0x2000002c   Data           1  main.o(.data)
    PS2_ON_Flag                              0x2000002d   Data           1  main.o(.data)
    APP_ON_Flag                              0x2000002e   Data           1  main.o(.data)
    ROS_ON_Flag                              0x2000002f   Data           1  main.o(.data)
    Remote_ON_Flag                           0x20000030   Data           1  main.o(.data)
    Car_Num                                  0x20000031   Data           1  main.o(.data)
    Flag_Show                                0x20000032   Data           1  main.o(.data)
    Perimeter                                0x20000034   Data           4  main.o(.data)
    Wheelspacing                             0x20000038   Data           4  main.o(.data)
    DISTANCE                                 0x2000003c   Data           2  main.o(.data)
    ANGLE                                    0x2000003e   Data           2  main.o(.data)
    one_lap_data_success_flag                0x20000040   Data           1  main.o(.data)
    Lidar_Success_Receive_flag               0x20000041   Data           1  main.o(.data)
    lap_count                                0x20000044   Data           4  main.o(.data)
    PointDataProcess_count                   0x20000048   Data           4  main.o(.data)
    test_once_flag                           0x2000004c   Data           4  main.o(.data)
    Dividing_point                           0x20000050   Data           4  main.o(.data)
    Avoid_Flag                               0x20000054   Data           4  main.o(.data)
    ADC_ConvertedValue                       0x20000068   Data           2  bsp_adc.o(.data)
    Handkey                                  0x2000006c   Data           2  pstwo.o(.data)
    Comd                                     0x2000006e   Data           2  pstwo.o(.data)
    MASK                                     0x20000070   Data          32  pstwo.o(.data)
    PS2_LX                                   0x20000090   Data           4  pstwo.o(.data)
    PS2_LY                                   0x20000094   Data           4  pstwo.o(.data)
    PS2_RX                                   0x20000098   Data           4  pstwo.o(.data)
    PS2_RY                                   0x2000009c   Data           4  pstwo.o(.data)
    PS2_KEY                                  0x200000a0   Data           4  pstwo.o(.data)
    Time_count                               0x200000a8   Data           4  usartx.o(.data)
    Move_X                                   0x200000b0   Data           4  control.o(.data)
    Move_Z                                   0x200000b4   Data           4  control.o(.data)
    PWM_Left                                 0x200000b8   Data           4  control.o(.data)
    PWM_Right                                0x200000bc   Data           4  control.o(.data)
    RC_Velocity                              0x200000c0   Data           4  control.o(.data)
    RC_Turn_Velocity                         0x200000c4   Data           4  control.o(.data)
    Mode                                     0x200000c8   Data           1  control.o(.data)
    Servo_PWM                                0x200000cc   Data           4  control.o(.data)
    Lidar_Detect                             0x200000d0   Data           1  control.o(.data)
    CCD_Move_X                               0x200000d4   Data           4  control.o(.data)
    ELE_Move_X                               0x200000d8   Data           4  control.o(.data)
    Ros_count                                0x200000dc   Data           1  control.o(.data)
    Lidar_flag_count                         0x200000dd   Data           1  control.o(.data)
    OriginalEncoder                          0x200000e0   Data           8  control.o(.data)
    Accel_Y                                  0x200000e8   Data           2  control.o(.data)
    Accel_Z                                  0x200000ea   Data           2  control.o(.data)
    Accel_X                                  0x200000ec   Data           2  control.o(.data)
    Accel_Angle_x                            0x200000ee   Data           2  control.o(.data)
    Accel_Angle_y                            0x200000f0   Data           2  control.o(.data)
    Gyro_X                                   0x200000f2   Data           2  control.o(.data)
    Gyro_Z                                   0x200000f4   Data           2  control.o(.data)
    Gyro_Y                                   0x200000f6   Data           2  control.o(.data)
    angle1                                   0x200000f8   Data           4  control.o(.data)
    mini_distance1                           0x200000fc   Data           2  control.o(.data)
    PID_Send                                 0x2000011c   Data           1  bluetooth.o(.data)
    Flag_Direction                           0x2000011d   Data           1  bluetooth.o(.data)
    Velocity_KP                              0x20000134   Data           4  pid.o(.data)
    Velocity_KI                              0x20000138   Data           4  pid.o(.data)
    Diff_Along_Distance_KP                   0x2000013c   Data           4  pid.o(.data)
    Diff_Along_Distance_KD                   0x20000140   Data           4  pid.o(.data)
    Diff_Along_Distance_KI                   0x20000144   Data           4  pid.o(.data)
    Akm_Along_Distance_KP                    0x20000148   Data           4  pid.o(.data)
    Akm_Along_Distance_KD                    0x2000014c   Data           4  pid.o(.data)
    Akm_Along_Distance_KI                    0x20000150   Data           4  pid.o(.data)
    STank_Along_Distance_KP                  0x20000154   Data           4  pid.o(.data)
    STank_Along_Distance_KD                  0x20000158   Data           4  pid.o(.data)
    STank_Along_Distance_KI                  0x2000015c   Data           4  pid.o(.data)
    BTank_Along_Distance_KP                  0x20000160   Data           4  pid.o(.data)
    BTank_Along_Distance_KD                  0x20000164   Data           4  pid.o(.data)
    BTank_Along_Distance_KI                  0x20000168   Data           4  pid.o(.data)
    Follow_KP_BTank                          0x2000016c   Data           4  pid.o(.data)
    Follow_KD_BTank                          0x20000170   Data           4  pid.o(.data)
    Follow_KI_BTank                          0x20000174   Data           4  pid.o(.data)
    Follow_KP_Akm                            0x20000178   Data           4  pid.o(.data)
    Follow_KD_Akm                            0x2000017c   Data           4  pid.o(.data)
    Follow_KI_Akm                            0x20000180   Data           4  pid.o(.data)
    Follow_KP_STank                          0x20000184   Data           4  pid.o(.data)
    Follow_KD_STank                          0x20000188   Data           4  pid.o(.data)
    Follow_KI_STank                          0x2000018c   Data           4  pid.o(.data)
    Follow_KP_Diff                           0x20000190   Data           4  pid.o(.data)
    Follow_KD_Diff                           0x20000194   Data           4  pid.o(.data)
    Follow_KI_Diff                           0x20000198   Data           4  pid.o(.data)
    Distance_KP                              0x2000019c   Data           4  pid.o(.data)
    Distance_KD                              0x200001a0   Data           4  pid.o(.data)
    Distance_KI                              0x200001a4   Data           4  pid.o(.data)
    ELE_KP_Diff                              0x200001a8   Data           4  pid.o(.data)
    ELE_KD_Diff                              0x200001ac   Data           4  pid.o(.data)
    ELE_KI_Diff                              0x200001b0   Data           4  pid.o(.data)
    ELE_K_Diff                               0x200001b4   Data           4  pid.o(.data)
    ELE_KP_Akm                               0x200001b8   Data           4  pid.o(.data)
    ELE_KD_Akm                               0x200001bc   Data           4  pid.o(.data)
    ELE_KI_Akm                               0x200001c0   Data           4  pid.o(.data)
    ELE_K_Akm                                0x200001c4   Data           4  pid.o(.data)
    ELE_KP_STank                             0x200001c8   Data           4  pid.o(.data)
    ELE_KD_STank                             0x200001cc   Data           4  pid.o(.data)
    ELE_KI_STank                             0x200001d0   Data           4  pid.o(.data)
    ELE_K_STank                              0x200001d4   Data           4  pid.o(.data)
    ELE_KP_BTank                             0x200001d8   Data           4  pid.o(.data)
    ELE_KD_BTank                             0x200001dc   Data           4  pid.o(.data)
    ELE_KI_BTank                             0x200001e0   Data           4  pid.o(.data)
    ELE_K_BTank                              0x200001e4   Data           4  pid.o(.data)
    CCD_KP_Akm                               0x200001e8   Data           4  pid.o(.data)
    CCD_KD_Akm                               0x200001ec   Data           4  pid.o(.data)
    CCD_KI_Akm                               0x200001f0   Data           4  pid.o(.data)
    CCD_KP_Diff                              0x200001f4   Data           4  pid.o(.data)
    CCD_KD_Diff                              0x200001f8   Data           4  pid.o(.data)
    CCD_KI_Diff                              0x200001fc   Data           4  pid.o(.data)
    CCD_KP_STank                             0x20000200   Data           4  pid.o(.data)
    CCD_KD_STank                             0x20000204   Data           4  pid.o(.data)
    CCD_KI_STank                             0x20000208   Data           4  pid.o(.data)
    CCD_KP_BTank                             0x2000020c   Data           4  pid.o(.data)
    CCD_KD_BTank                             0x20000210   Data           4  pid.o(.data)
    CCD_KI_BTank                             0x20000214   Data           4  pid.o(.data)
    Remoter_Ch1                              0x20000284   Data           4  capture.o(.data)
    Remoter_Ch2                              0x20000288   Data           4  capture.o(.data)
    Remoter_Ch3                              0x2000028c   Data           4  capture.o(.data)
    L_Remoter_Ch1                            0x20000290   Data           4  capture.o(.data)
    L_Remoter_Ch2                            0x20000294   Data           4  capture.o(.data)
    L_Remoter_Ch3                            0x20000298   Data           4  capture.o(.data)
    Distance1                                0x2000029c   Data           2  capture.o(.data)
    Distance2                                0x2000029e   Data           2  capture.o(.data)
    Distance3                                0x200002a0   Data           2  capture.o(.data)
    Distance4                                0x200002a2   Data           2  capture.o(.data)
    Sensor_Left                              0x200002ac   Data           4  ele_ccd.o(.data)
    Sensor_Middle                            0x200002b0   Data           4  ele_ccd.o(.data)
    Sensor_Right                             0x200002b4   Data           4  ele_ccd.o(.data)
    Sensor                                   0x200002b8   Data           4  ele_ccd.o(.data)
    CCD_Median                               0x200002bc   Data           1  ele_ccd.o(.data)
    CCD_Threshold                            0x200002bd   Data           1  ele_ccd.o(.data)
    gyro                                     0x200002f4   Data           6  mpu6050.o(.data)
    accel                                    0x200002fa   Data           6  mpu6050.o(.data)
    sensors                                  0x20000300   Data           2  mpu6050.o(.data)
    Roll                                     0x20000304   Data           4  mpu6050.o(.data)
    Pitch                                    0x20000308   Data           4  mpu6050.o(.data)
    Yaw                                      0x2000030c   Data           4  mpu6050.o(.data)
    q0                                       0x20000310   Data           4  mpu6050.o(.data)
    q1                                       0x20000314   Data           4  mpu6050.o(.data)
    q2                                       0x20000318   Data           4  mpu6050.o(.data)
    q3                                       0x2000031c   Data           4  mpu6050.o(.data)
    Gx_offset                                0x2000032a   Data           2  mpu6050.o(.data)
    Gy_offset                                0x2000032c   Data           2  mpu6050.o(.data)
    Gz_offset                                0x2000032e   Data           2  mpu6050.o(.data)
    dt                                       0x20000330   Data           4  filter.o(.data)
    __stdout                                 0x200003b4   Data           4  stdout.o(.data)
    OLED_GRAM                                0x200003bc   Data        1024  bsp_oled.o(.bss)
    Data                                     0x200007bc   Data           9  pstwo.o(.bss)
    DataScope_OutPut_Buffer                  0x200007c5   Data          42  datascope_dp.o(.bss)
    Send_Data                                0x200007f0   Data          48  usartx.o(.bss)
    Receive_Data                             0x20000820   Data          32  usartx.o(.bss)
    MotorA                                   0x20000840   Data          16  control.o(.bss)
    MotorB                                   0x20000850   Data          16  control.o(.bss)
    PointDataProcess                         0x200008e2   Data        2520  lidar.o(.bss)
    Dataprocess                              0x200012ba   Data        2400  lidar.o(.bss)
    TempData                                 0x20001c1a   Data          72  lidar.o(.bss)
    Pack_Data                                0x20001c62   Data          47  lidar.o(.bss)
    Distance_TIM2_CH2_ICUserValueStructure   0x20001c94   Data          12  capture.o(.bss)
    Distance_TIM2_CH3_ICUserValueStructure   0x20001ca0   Data          12  capture.o(.bss)
    Distance_TIM2_CH4_ICUserValueStructure   0x20001cac   Data          12  capture.o(.bss)
    Distance_TIM1_CH4_ICUserValueStructure   0x20001cb8   Data          12  capture.o(.bss)
    PWM_TIM2_CH4_ICUserValueStructure        0x20001cc4   Data          12  capture.o(.bss)
    PWM_TIM2_CH3_ICUserValueStructure        0x20001cd0   Data          12  capture.o(.bss)
    PWM_TIM1_CH4_ICUserValueStructure        0x20001cdc   Data          12  capture.o(.bss)
    PWM_TIM1_CH1_ICUserValueStructure        0x20001ce8   Data          12  capture.o(.bss)
    CCD_ADV                                  0x20001cf4   Data         256  ele_ccd.o(.bss)
    buffer                                   0x20001e04   Data          14  mpu6050.o(.bss)
    MPU6050_FIFO                             0x20001e12   Data         132  mpu6050.o(.bss)
    __initial_sp                             0x200022b8   Data           0  startup_stm32f10x_hd.o(STACK)



==============================================================================

Memory Map of the image

  Image Entry point : 0x08002131

  Load Region LR_IROM1 (Base: 0x08002000, Size: 0x000131a4, Max: 0x00040000, ABSOLUTE, COMPRESSED[0x00012f2c])

    Execution Region ER_IROM1 (Exec base: 0x08002000, Load base: 0x08002000, Size: 0x00012de8, Max: 0x00040000, ABSOLUTE)

    Exec Addr    Load Addr    Size         Type   Attr      Idx    E Section Name        Object

    0x08002000   0x08002000   0x00000130   Data   RO            3    RESET               startup_stm32f10x_hd.o
    0x08002130   0x08002130   0x00000000   Code   RO         1125  * .ARM.Collect$$$$00000000  mc_w.l(entry.o)
    0x08002130   0x08002130   0x00000004   Code   RO         1471    .ARM.Collect$$$$00000001  mc_w.l(entry2.o)
    0x08002134   0x08002134   0x00000004   Code   RO         1474    .ARM.Collect$$$$00000004  mc_w.l(entry5.o)
    0x08002138   0x08002138   0x00000000   Code   RO         1476    .ARM.Collect$$$$00000008  mc_w.l(entry7b.o)
    0x08002138   0x08002138   0x00000000   Code   RO         1478    .ARM.Collect$$$$0000000A  mc_w.l(entry8b.o)
    0x08002138   0x08002138   0x00000008   Code   RO         1479    .ARM.Collect$$$$0000000B  mc_w.l(entry9a.o)
    0x08002140   0x08002140   0x00000004   Code   RO         1486    .ARM.Collect$$$$0000000E  mc_w.l(entry12b.o)
    0x08002144   0x08002144   0x00000000   Code   RO         1481    .ARM.Collect$$$$0000000F  mc_w.l(entry10a.o)
    0x08002144   0x08002144   0x00000000   Code   RO         1483    .ARM.Collect$$$$00000011  mc_w.l(entry11a.o)
    0x08002144   0x08002144   0x00000004   Code   RO         1472    .ARM.Collect$$$$00002712  mc_w.l(entry2.o)
    0x08002148   0x08002148   0x00000024   Code   RO            4    .text               startup_stm32f10x_hd.o
    0x0800216c   0x0800216c   0x000001e0   Code   RO           24    .text               system_stm32f10x.o
    0x0800234c   0x0800234c   0x000000dc   Code   RO          121    .text               misc.o
    0x08002428   0x08002428   0x0000044e   Code   RO          137    .text               stm32f10x_adc.o
    0x08002876   0x08002876   0x00000002   PAD
    0x08002878   0x08002878   0x0000011c   Code   RO          233    .text               stm32f10x_exti.o
    0x08002994   0x08002994   0x0000035c   Code   RO          269    .text               stm32f10x_gpio.o
    0x08002cf0   0x08002cf0   0x000003a4   Code   RO          317    .text               stm32f10x_rcc.o
    0x08003094   0x08003094   0x00000e1a   Code   RO          367    .text               stm32f10x_tim.o
    0x08003eae   0x08003eae   0x00000002   PAD
    0x08003eb0   0x08003eb0   0x00000408   Code   RO          379    .text               stm32f10x_usart.o
    0x080042b8   0x080042b8   0x0000010c   Code   RO          403    .text               main.o
    0x080043c4   0x080043c4   0x00000020   Code   RO          532    .text               stm32f10x_it.o
    0x080043e4   0x080043e4   0x000000a8   Code   RO          547    .text               bsp_beep.o
    0x0800448c   0x0800448c   0x000002a4   Code   RO          606    .text               bsp_key.o
    0x08004730   0x08004730   0x00000078   Code   RO          624    .text               bsp_led.o
    0x080047a8   0x080047a8   0x00000138   Code   RO          639    .text               bsp_systick.o
    0x080048e0   0x080048e0   0x00000250   Code   RO          657    .text               bsp_usart.o
    0x08004b30   0x08004b30   0x000001e8   Code   RO          671    .text               bsp_generaltim.o
    0x08004d18   0x08004d18   0x00000130   Code   RO          685    .text               bsp_motor.o
    0x08004e48   0x08004e48   0x0000023c   Code   RO          699    .text               bsp_adc.o
    0x08005084   0x08005084   0x000004ac   Code   RO          717    .text               bsp_oled.o
    0x08005530   0x08005530   0x000001d8   Code   RO          736    .text               encoder.o
    0x08005708   0x08005708   0x00000510   Code   RO          748    .text               pstwo.o
    0x08005c18   0x08005c18   0x00000154   Code   RO          768    .text               datascope_dp.o
    0x08005d6c   0x08005d6c   0x000005ac   Code   RO          786    .text               usartx.o
    0x08006318   0x08006318   0x00001860   Code   RO          806    .text               control.o
    0x08007b78   0x08007b78   0x00001138   Code   RO          850    .text               show.o
    0x08008cb0   0x08008cb0   0x000003f0   Code   RO          876    .text               bluetooth.o
    0x080090a0   0x080090a0   0x00000aa0   Code   RO          900    .text               pid.o
    0x08009b40   0x08009b40   0x00000694   Code   RO          920    .text               lidar.o
    0x0800a1d4   0x0800a1d4   0x000007e8   Code   RO          940    .text               capture.o
    0x0800a9bc   0x0800a9bc   0x00000654   Code   RO          960    .text               ele_ccd.o
    0x0800b010   0x0800b010   0x00001e90   Code   RO          980    .text               inv_mpu.o
    0x0800cea0   0x0800cea0   0x00000d70   Code   RO         1013    .text               inv_mpu_dmp_motion_driver.o
    0x0800dc10   0x0800dc10   0x00000526   Code   RO         1028    .text               ioi2c.o
    0x0800e136   0x0800e136   0x00000002   PAD
    0x0800e138   0x0800e138   0x00000930   Code   RO         1042    .text               mpu6050.o
    0x0800ea68   0x0800ea68   0x000005ac   Code   RO         1063    .text               filter.o
    0x0800f014   0x0800f014   0x00000062   Code   RO         1128    .text               mc_w.l(ldiv.o)
    0x0800f076   0x0800f076   0x00000024   Code   RO         1130    .text               mc_w.l(memseta.o)
    0x0800f09a   0x0800f09a   0x0000001a   Code   RO         1132    .text               mc_w.l(memcmp.o)
    0x0800f0b4   0x0800f0b4   0x000000b0   Code   RO         1395    .text               mf_w.l(fadd.o)
    0x0800f164   0x0800f164   0x00000064   Code   RO         1397    .text               mf_w.l(fmul.o)
    0x0800f1c8   0x0800f1c8   0x0000007c   Code   RO         1399    .text               mf_w.l(fdiv.o)
    0x0800f244   0x0800f244   0x0000014e   Code   RO         1401    .text               mf_w.l(dadd.o)
    0x0800f392   0x0800f392   0x000000e4   Code   RO         1403    .text               mf_w.l(dmul.o)
    0x0800f476   0x0800f476   0x000000de   Code   RO         1405    .text               mf_w.l(ddiv.o)
    0x0800f554   0x0800f554   0x00000012   Code   RO         1407    .text               mf_w.l(fflti.o)
    0x0800f566   0x0800f566   0x0000000a   Code   RO         1409    .text               mf_w.l(ffltui.o)
    0x0800f570   0x0800f570   0x00000022   Code   RO         1411    .text               mf_w.l(dflti.o)
    0x0800f592   0x0800f592   0x0000001a   Code   RO         1413    .text               mf_w.l(dfltui.o)
    0x0800f5ac   0x0800f5ac   0x00000032   Code   RO         1415    .text               mf_w.l(ffixi.o)
    0x0800f5de   0x0800f5de   0x00000028   Code   RO         1417    .text               mf_w.l(ffixui.o)
    0x0800f606   0x0800f606   0x0000003e   Code   RO         1419    .text               mf_w.l(dfixi.o)
    0x0800f644   0x0800f644   0x00000026   Code   RO         1421    .text               mf_w.l(f2d.o)
    0x0800f66a   0x0800f66a   0x00000002   PAD
    0x0800f66c   0x0800f66c   0x00000030   Code   RO         1423    .text               mf_w.l(cdcmple.o)
    0x0800f69c   0x0800f69c   0x00000030   Code   RO         1425    .text               mf_w.l(cdrcmple.o)
    0x0800f6cc   0x0800f6cc   0x00000038   Code   RO         1427    .text               mf_w.l(d2f.o)
    0x0800f704   0x0800f704   0x00000014   Code   RO         1429    .text               mf_w.l(cfcmple.o)
    0x0800f718   0x0800f718   0x00000014   Code   RO         1431    .text               mf_w.l(cfrcmple.o)
    0x0800f72c   0x0800f72c   0x0000002c   Code   RO         1488    .text               mc_w.l(uidiv.o)
    0x0800f758   0x0800f758   0x00000062   Code   RO         1490    .text               mc_w.l(uldiv.o)
    0x0800f7ba   0x0800f7ba   0x0000001e   Code   RO         1492    .text               mc_w.l(llshl.o)
    0x0800f7d8   0x0800f7d8   0x00000020   Code   RO         1494    .text               mc_w.l(llushr.o)
    0x0800f7f8   0x0800f7f8   0x00000024   Code   RO         1496    .text               mc_w.l(llsshr.o)
    0x0800f81c   0x0800f81c   0x00000000   Code   RO         1505    .text               mc_w.l(iusefp.o)
    0x0800f81c   0x0800f81c   0x0000006e   Code   RO         1506    .text               mf_w.l(fepilogue.o)
    0x0800f88a   0x0800f88a   0x000000ba   Code   RO         1508    .text               mf_w.l(depilogue.o)
    0x0800f944   0x0800f944   0x0000002e   Code   RO         1510    .text               mf_w.l(dscalb.o)
    0x0800f972   0x0800f972   0x00000002   PAD
    0x0800f974   0x0800f974   0x00000024   Code   RO         1514    .text               mc_w.l(init.o)
    0x0800f998   0x0800f998   0x000000a2   Code   RO         1516    .text               mf_w.l(dsqrt.o)
    0x0800fa3a   0x0800fa3a   0x00000056   Code   RO         1526    .text               mc_w.l(__dczerorl2.o)
    0x0800fa90   0x0800fa90   0x00000020   Code   RO         1179    i.__0printf$1       mc_w.l(printf1.o)
    0x0800fab0   0x0800fab0   0x00000028   Code   RO         1447    i.__ARM_fpclassify  m_ws.l(fpclassify.o)
    0x0800fad8   0x0800fad8   0x00000388   Code   RO         1452    i.__ieee754_rem_pio2  m_ws.l(rred.o)
    0x0800fe60   0x0800fe60   0x000000aa   Code   RO         1449    i.__kernel_poly     m_ws.l(poly.o)
    0x0800ff0a   0x0800ff0a   0x00000002   PAD
    0x0800ff0c   0x0800ff0c   0x0000027c   Code   RO         1465    i.__kernel_tan      m_ws.l(tan_i.o)
    0x08010188   0x08010188   0x00000010   Code   RO         1433    i.__mathlib_dbl_divzero  m_ws.l(dunder.o)
    0x08010198   0x08010198   0x00000006   Code   RO         1434    i.__mathlib_dbl_infnan  m_ws.l(dunder.o)
    0x0801019e   0x0801019e   0x00000004   Code   RO         1435    i.__mathlib_dbl_infnan2  m_ws.l(dunder.o)
    0x080101a2   0x080101a2   0x0000000c   Code   RO         1436    i.__mathlib_dbl_invalid  m_ws.l(dunder.o)
    0x080101ae   0x080101ae   0x0000000e   Code   RO         1437    i.__mathlib_dbl_overflow  m_ws.l(dunder.o)
    0x080101bc   0x080101bc   0x00000010   Code   RO         1439    i.__mathlib_dbl_underflow  m_ws.l(dunder.o)
    0x080101cc   0x080101cc   0x0000000e   Code   RO         1520    i.__scatterload_copy  mc_w.l(handlers.o)
    0x080101da   0x080101da   0x00000002   Code   RO         1521    i.__scatterload_null  mc_w.l(handlers.o)
    0x080101dc   0x080101dc   0x0000000e   Code   RO         1522    i.__scatterload_zeroinit  mc_w.l(handlers.o)
    0x080101ea   0x080101ea   0x00000002   PAD
    0x080101ec   0x080101ec   0x0000000c   Code   RO         1500    i.__set_errno       mc_w.l(errno.o)
    0x080101f8   0x080101f8   0x00000154   Code   RO         1186    i._printf_core      mc_w.l(printf1.o)
    0x0801034c   0x0801034c   0x00000270   Code   RO         1080    i.asin              m_ws.l(asin.o)
    0x080105bc   0x080105bc   0x00000220   Code   RO         1090    i.atan              m_ws.l(atan.o)
    0x080107dc   0x080107dc   0x0000019c   Code   RO         1100    i.atan2             m_ws.l(atan2.o)
    0x08010978   0x08010978   0x000009d8   Code   RO         1108    i.pow               m_ws.l(pow.o)
    0x08011350   0x08011350   0x0000004c   Code   RO         1458    i.sqrt              m_ws.l(sqrt.o)
    0x0801139c   0x0801139c   0x00000064   Code   RO         1118    i.tan               m_ws.l(tan.o)
    0x08011400   0x08011400   0x00000a64   Data   RO          719    .constdata          bsp_oled.o
    0x08011e64   0x08011e64   0x00000b64   Data   RO          922    .constdata          lidar.o
    0x080129c8   0x080129c8   0x00000ab4   Data   RO          981    .constdata          inv_mpu.o
    0x0801347c   0x0801347c   0x0000165a   Data   RO         1015    .constdata          inv_mpu_dmp_motion_driver.o
    0x08014ad6   0x08014ad6   0x00000002   PAD
    0x08014ad8   0x08014ad8   0x00000050   Data   RO         1081    .constdata          m_ws.l(asin.o)
    0x08014b28   0x08014b28   0x00000098   Data   RO         1091    .constdata          m_ws.l(atan.o)
    0x08014bc0   0x08014bc0   0x00000088   Data   RO         1109    .constdata          m_ws.l(pow.o)
    0x08014c48   0x08014c48   0x00000008   Data   RO         1451    .constdata          m_ws.l(qnan.o)
    0x08014c50   0x08014c50   0x000000c8   Data   RO         1454    .constdata          m_ws.l(rred.o)
    0x08014d18   0x08014d18   0x00000060   Data   RO         1466    .constdata          m_ws.l(tan_i.o)
    0x08014d78   0x08014d78   0x0000004e   Data   RO          982    .conststring        inv_mpu.o
    0x08014dc6   0x08014dc6   0x00000002   PAD
    0x08014dc8   0x08014dc8   0x00000020   Data   RO         1518    Region$$Table       anon$$obj.o


    Execution Region RW_IRAM1 (Exec base: 0x20000000, Load base: 0x08014de8, Size: 0x000022b8, Max: 0x0000c000, ABSOLUTE, COMPRESSED[0x00000144])

    Exec Addr    Load Addr    Size         Type   Attr      Idx    E Section Name        Object

    0x20000000   COMPRESSED   0x00000014   Data   RW           25    .data               system_stm32f10x.o
    0x20000014   COMPRESSED   0x00000014   Data   RW          318    .data               stm32f10x_rcc.o
    0x20000028   COMPRESSED   0x00000030   Data   RW          405    .data               main.o
    0x20000058   COMPRESSED   0x00000004   Data   RW          549    .data               bsp_beep.o
    0x2000005c   COMPRESSED   0x00000003   Data   RW          608    .data               bsp_key.o
    0x2000005f   COMPRESSED   0x00000001   PAD
    0x20000060   COMPRESSED   0x00000004   Data   RW          626    .data               bsp_led.o
    0x20000064   COMPRESSED   0x00000004   Data   RW          640    .data               bsp_systick.o
    0x20000068   COMPRESSED   0x00000002   Data   RW          700    .data               bsp_adc.o
    0x2000006a   COMPRESSED   0x00000002   PAD
    0x2000006c   COMPRESSED   0x0000003c   Data   RW          751    .data               pstwo.o
    0x200000a8   COMPRESSED   0x00000005   Data   RW          789    .data               usartx.o
    0x200000ad   COMPRESSED   0x00000003   PAD
    0x200000b0   COMPRESSED   0x00000069   Data   RW          809    .data               control.o
    0x20000119   COMPRESSED   0x00000001   Data   RW          852    .data               show.o
    0x2000011a   COMPRESSED   0x00000002   PAD
    0x2000011c   COMPRESSED   0x00000018   Data   RW          879    .data               bluetooth.o
    0x20000134   COMPRESSED   0x0000014c   Data   RW          902    .data               pid.o
    0x20000280   COMPRESSED   0x00000003   Data   RW          923    .data               lidar.o
    0x20000283   COMPRESSED   0x00000001   PAD
    0x20000284   COMPRESSED   0x00000025   Data   RW          943    .data               capture.o
    0x200002a9   COMPRESSED   0x00000003   PAD
    0x200002ac   COMPRESSED   0x0000001c   Data   RW          963    .data               ele_ccd.o
    0x200002c8   COMPRESSED   0x0000002c   Data   RW          983    .data               inv_mpu.o
    0x200002f4   COMPRESSED   0x0000003c   Data   RW         1045    .data               mpu6050.o
    0x20000330   COMPRESSED   0x00000084   Data   RW         1065    .data               filter.o
    0x200003b4   COMPRESSED   0x00000004   Data   RW         1487    .data               mc_w.l(stdout.o)
    0x200003b8   COMPRESSED   0x00000004   Data   RW         1501    .data               mc_w.l(errno.o)
    0x200003bc        -       0x00000400   Zero   RW          718    .bss                bsp_oled.o
    0x200007bc        -       0x00000009   Zero   RW          749    .bss                pstwo.o
    0x200007c5        -       0x0000002a   Zero   RW          769    .bss                datascope_dp.o
    0x200007ef   COMPRESSED   0x00000001   PAD
    0x200007f0        -       0x00000050   Zero   RW          787    .bss                usartx.o
    0x20000840        -       0x00000070   Zero   RW          807    .bss                control.o
    0x200008b0        -       0x00000032   Zero   RW          877    .bss                bluetooth.o
    0x200008e2        -       0x000013af   Zero   RW          921    .bss                lidar.o
    0x20001c91   COMPRESSED   0x00000003   PAD
    0x20001c94        -       0x00000060   Zero   RW          941    .bss                capture.o
    0x20001cf4        -       0x00000100   Zero   RW          961    .bss                ele_ccd.o
    0x20001df4        -       0x00000010   Zero   RW         1014    .bss                inv_mpu_dmp_motion_driver.o
    0x20001e04        -       0x00000092   Zero   RW         1043    .bss                mpu6050.o
    0x20001e96   COMPRESSED   0x00000002   PAD
    0x20001e98        -       0x00000020   Zero   RW         1064    .bss                filter.o
    0x20001eb8        -       0x00000400   Zero   RW            1    STACK               startup_stm32f10x_hd.o


==============================================================================

Image component sizes


      Code (inc. data)   RO Data    RW Data    ZI Data      Debug   Object Name

      1008        148          0         24         50      17069   bluetooth.o
       572         28          0          2          0       2922   bsp_adc.o
       168         16          0          4          0       1449   bsp_beep.o
       488         18          0          0          0       1682   bsp_generaltim.o
       676         60          0          3          0       1952   bsp_key.o
       120          8          0          4          0        848   bsp_led.o
       304         20          0          0          0       1344   bsp_motor.o
      1196         40       2660          0       1024       4880   bsp_oled.o
       312         26          0          4          0      17695   bsp_systick.o
       592         32          0          0          0       1921   bsp_usart.o
      2024        152          0         37         96       8515   capture.o
      6240        742          0        105        112      10986   control.o
         0          0          0          0          0       4596   core_cm3.o
       340         30          0          0         42       2338   datascope_dp.o
      1620        140          0         28        256       4104   ele_ccd.o
       472         22          0          0          0       1855   encoder.o
      1452        170          0        132         32       2709   filter.o
      7824        174       2818         44          0      22087   inv_mpu.o
      3440        126       5722          0         16      15655   inv_mpu_dmp_motion_driver.o
      1318         12          0          0          0       5962   ioi2c.o
      1684        122       2916          3       5039       3714   lidar.o
       268         30          0         48          0       4133   main.o
       220         22          0          0          0       1997   misc.o
      2352        410          0         60        146       6722   mpu6050.o
      2720        418          0        332          0       6147   pid.o
      1296         98          0         60          9       4592   pstwo.o
      4408        742          0          1          0       3530   show.o
        36          8        304          0       1024        932   startup_stm32f10x_hd.o
      1102         26          0          0          0      11237   stm32f10x_adc.o
       284         10          0          0          0       2455   stm32f10x_exti.o
       860         38          0          0          0       5929   stm32f10x_gpio.o
        32          0          0          0          0       1382   stm32f10x_it.o
       932         36          0         20          0       9204   stm32f10x_rcc.o
      3610         88          0          0          0      23040   stm32f10x_tim.o
      1032         22          0          0          0       8656   stm32f10x_usart.o
       480         40          0         20          0     262591   system_stm32f10x.o
      1452        156          0          5         80       4840   usartx.o

    ----------------------------------------------------------------------
     52940       4230      14456        948       7932     491670   Object Totals
         0          0         32          0          0          0   (incl. Generated)
         6          0          4         12          6          0   (incl. Padding)

    ----------------------------------------------------------------------

      Code (inc. data)   RO Data    RW Data    ZI Data      Debug   Library Member Name

       624         52         80          0          0        168   asin.o
       544         70        152          0          0        124   atan.o
       412         38          0          0          0        144   atan2.o
        68         10          0          0          0        408   dunder.o
        40          0          0          0          0         68   fpclassify.o
       170          0          0          0          0         96   poly.o
      2520        190        136          0          0        324   pow.o
         0          0          8          0          0          0   qnan.o
       904         76        200          0          0        140   rred.o
        76          0          0          0          0         84   sqrt.o
       100         10          0          0          0         96   tan.o
       636         50         96          0          0        168   tan_i.o
        86          0          0          0          0          0   __dczerorl2.o
         0          0          0          0          0          0   entry.o
         0          0          0          0          0          0   entry10a.o
         0          0          0          0          0          0   entry11a.o
         4          0          0          0          0          0   entry12b.o
         8          4          0          0          0          0   entry2.o
         4          0          0          0          0          0   entry5.o
         0          0          0          0          0          0   entry7b.o
         0          0          0          0          0          0   entry8b.o
         8          4          0          0          0          0   entry9a.o
        12          6          0          4          0         68   errno.o
        30          0          0          0          0          0   handlers.o
        36          8          0          0          0         68   init.o
         0          0          0          0          0          0   iusefp.o
        98          0          0          0          0         84   ldiv.o
        30          0          0          0          0         68   llshl.o
        36          0          0          0          0         68   llsshr.o
        32          0          0          0          0         68   llushr.o
        26          0          0          0          0         80   memcmp.o
        36          0          0          0          0        108   memseta.o
       372         14          0          0          0        184   printf1.o
         0          0          0          4          0          0   stdout.o
        44          0          0          0          0         80   uidiv.o
        98          0          0          0          0         92   uldiv.o
        48          0          0          0          0         68   cdcmple.o
        48          0          0          0          0         68   cdrcmple.o
        20          0          0          0          0         68   cfcmple.o
        20          0          0          0          0         68   cfrcmple.o
        56          0          0          0          0         88   d2f.o
       334          0          0          0          0        148   dadd.o
       222          0          0          0          0        100   ddiv.o
       186          0          0          0          0        176   depilogue.o
        62          0          0          0          0         80   dfixi.o
        34          0          0          0          0         76   dflti.o
        26          0          0          0          0         76   dfltui.o
       228          0          0          0          0         96   dmul.o
        46          0          0          0          0         80   dscalb.o
       162          0          0          0          0        100   dsqrt.o
        38          0          0          0          0         68   f2d.o
       176          0          0          0          0        140   fadd.o
       124          0          0          0          0         88   fdiv.o
       110          0          0          0          0        168   fepilogue.o
        50          0          0          0          0         68   ffixi.o
        40          0          0          0          0         68   ffixui.o
        18          0          0          0          0         68   fflti.o
        10          0          0          0          0         68   ffltui.o
       100          0          0          0          0         76   fmul.o

    ----------------------------------------------------------------------
      9220        532        672          8          0       4892   Library Totals
         8          0          0          0          0          0   (incl. Padding)

    ----------------------------------------------------------------------

      Code (inc. data)   RO Data    RW Data    ZI Data      Debug   Library Name

      6094        496        672          0          0       1820   m_ws.l
       960         36          0          8          0        968   mc_w.l
      2158          0          0          0          0       2104   mf_w.l

    ----------------------------------------------------------------------
      9220        532        672          8          0       4892   Library Totals

    ----------------------------------------------------------------------

==============================================================================


      Code (inc. data)   RO Data    RW Data    ZI Data      Debug   

     62160       4762      15128        956       7932     491074   Grand Totals
     62160       4762      15128        324       7932     491074   ELF Image Totals (compressed)
     62160       4762      15128        324          0          0   ROM Totals

==============================================================================

    Total RO  Size (Code + RO Data)                77288 (  75.48kB)
    Total RW  Size (RW Data + ZI Data)              8888 (   8.68kB)
    Total ROM Size (Code + RO Data + RW Data)      77612 (  75.79kB)

==============================================================================

