Component: ARM Compiler 5.06 update 7 (build 960) Tool: armlink [4d3601]

==============================================================================

Section Cross References

    startup_stm32f10x_hd.o(RESET) refers to startup_stm32f10x_hd.o(STACK) for __initial_sp
    startup_stm32f10x_hd.o(RESET) refers to startup_stm32f10x_hd.o(.text) for Reset_Handler
    startup_stm32f10x_hd.o(RESET) refers to stm32f10x_it.o(.text) for NMI_Handler
    startup_stm32f10x_hd.o(RESET) refers to bsp_adc.o(.text) for ADC1_2_IRQHandler
    startup_stm32f10x_hd.o(RESET) refers to capture.o(.text) for TIM1_UP_IRQHandler
    startup_stm32f10x_hd.o(RESET) refers to encoder.o(.text) for TIM4_IRQHandler
    startup_stm32f10x_hd.o(RESET) refers to usartx.o(.text) for USART1_IRQHandler
    startup_stm32f10x_hd.o(RESET) refers to bluetooth.o(.text) for USART3_IRQHandler
    startup_stm32f10x_hd.o(RESET) refers to control.o(.text) for TIM5_IRQHandler
    startup_stm32f10x_hd.o(RESET) refers to lidar.o(.text) for UART5_IRQHandler
    startup_stm32f10x_hd.o(.text) refers to system_stm32f10x.o(.text) for SystemInit
    startup_stm32f10x_hd.o(.text) refers to entry.o(.ARM.Collect$$$$00000000) for __main
    system_stm32f10x.o(.text) refers to system_stm32f10x.o(.data) for SystemCoreClock
    stm32f10x_adc.o(.text) refers to stm32f10x_rcc.o(.text) for RCC_APB2PeriphResetCmd
    stm32f10x_bkp.o(.text) refers to stm32f10x_rcc.o(.text) for RCC_BackupResetCmd
    stm32f10x_can.o(.text) refers to stm32f10x_rcc.o(.text) for RCC_APB1PeriphResetCmd
    stm32f10x_cec.o(.text) refers to stm32f10x_rcc.o(.text) for RCC_APB1PeriphResetCmd
    stm32f10x_dac.o(.text) refers to stm32f10x_rcc.o(.text) for RCC_APB1PeriphResetCmd
    stm32f10x_gpio.o(.text) refers to stm32f10x_rcc.o(.text) for RCC_APB2PeriphResetCmd
    stm32f10x_i2c.o(.text) refers to stm32f10x_rcc.o(.text) for RCC_APB1PeriphResetCmd
    stm32f10x_pwr.o(.text) refers to stm32f10x_rcc.o(.text) for RCC_APB1PeriphResetCmd
    stm32f10x_rcc.o(.text) refers to stm32f10x_rcc.o(.data) for APBAHBPrescTable
    stm32f10x_spi.o(.text) refers to stm32f10x_rcc.o(.text) for RCC_APB2PeriphResetCmd
    stm32f10x_tim.o(.text) refers to stm32f10x_rcc.o(.text) for RCC_APB2PeriphResetCmd
    stm32f10x_usart.o(.text) refers to stm32f10x_rcc.o(.text) for RCC_APB2PeriphResetCmd
    stm32f10x_wwdg.o(.text) refers to stm32f10x_rcc.o(.text) for RCC_APB1PeriphResetCmd
    main.o(.text) refers to misc.o(.text) for NVIC_PriorityGroupConfig
    main.o(.text) refers to bsp_led.o(.text) for LED_GPIO_Config
    main.o(.text) refers to bsp_key.o(.text) for Key_GPIO_Config
    main.o(.text) refers to bsp_beep.o(.text) for BEEP_GPIO_Config
    main.o(.text) refers to bsp_oled.o(.text) for OLED_Init
    main.o(.text) refers to encoder.o(.text) for Encoder_Init
    main.o(.text) refers to bsp_motor.o(.text) for Motor_Init
    main.o(.text) refers to bsp_usart.o(.text) for DEBUG_USART_Init
    main.o(.text) refers to pstwo.o(.text) for PS2_Init
    main.o(.text) refers to bsp_adc.o(.text) for Car_Select_ADC_Init
    main.o(.text) refers to capture.o(.text) for PWM_Cap_Init
    main.o(.text) refers to mpu6050.o(.text) for MPU6050_Init
    main.o(.text) refers to show.o(.text) for Robot_Select
    main.o(.text) refers to bsp_systick.o(.text) for SysTick_Delay_Ms
    main.o(.text) refers to control.o(.text) for Car_Perimeter_Init
    main.o(.text) refers to bsp_generaltim.o(.text) for TIMING_TIM_Init
    main.o(.text) refers to main.o(.data) for Car_Num
    stm32f10x_it.o(.text) refers to bsp_systick.o(.text) for TimingDelay_Decrement
    bsp_beep.o(.text) refers to stm32f10x_rcc.o(.text) for RCC_APB2PeriphClockCmd
    bsp_beep.o(.text) refers to stm32f10x_gpio.o(.text) for GPIO_Init
    bsp_beep.o(.text) refers to bsp_beep.o(.data) for count_time
    bsp_key.o(.text) refers to stm32f10x_rcc.o(.text) for RCC_APB2PeriphClockCmd
    bsp_key.o(.text) refers to stm32f10x_gpio.o(.text) for GPIO_Init
    bsp_key.o(.text) refers to ele_ccd.o(.text) for ELE_ADC_Init
    bsp_key.o(.text) refers to memseta.o(.text) for __aeabi_memclr
    bsp_key.o(.text) refers to bsp_key.o(.data) for key_step
    bsp_key.o(.text) refers to control.o(.data) for Mode
    bsp_key.o(.text) refers to control.o(.bss) for MotorB
    bsp_key.o(.text) refers to main.o(.data) for Flag_Show
    bsp_key.o(.text) refers to lidar.o(.bss) for Dataprocess
    bsp_led.o(.text) refers to stm32f10x_rcc.o(.text) for RCC_APB2PeriphClockCmd
    bsp_led.o(.text) refers to stm32f10x_gpio.o(.text) for GPIO_Init
    bsp_led.o(.text) refers to bsp_led.o(.data) for count_time
    bsp_systick.o(.text) refers to system_stm32f10x.o(.data) for SystemCoreClock
    bsp_systick.o(.text) refers to bsp_systick.o(.data) for TimingDelay
    bsp_usart.o(.text) refers to stm32f10x_rcc.o(.text) for RCC_APB2PeriphClockCmd
    bsp_usart.o(.text) refers to stm32f10x_gpio.o(.text) for GPIO_Init
    bsp_usart.o(.text) refers to misc.o(.text) for NVIC_Init
[...]
    ADC_ExternalTrigConvCmd                  0x0800065f   Thumb Code    22  stm32f10x_adc.o(.text)
    ADC_GetConversionValue                   0x08000675   Thumb Code     8  stm32f10x_adc.o(.text)
    ADC_GetDualModeConversionValue           0x0800067d   Thumb Code     8  stm32f10x_adc.o(.text)
    ADC_AutoInjectedConvCmd                  0x08000685   Thumb Code    22  stm32f10x_adc.o(.text)
    ADC_InjectedDiscModeCmd                  0x0800069b   Thumb Code    22  stm32f10x_adc.o(.text)
    ADC_ExternalTrigInjectedConvConfig       0x080006b1   Thumb Code    16  stm32f10x_adc.o(.text)
    ADC_ExternalTrigInjectedConvCmd          0x080006c1   Thumb Code    22  stm32f10x_adc.o(.text)
    ADC_SoftwareStartInjectedConvCmd         0x080006d7   Thumb Code    22  stm32f10x_adc.o(.text)
    ADC_GetSoftwareStartInjectedConvCmdStatus 0x080006ed   Thumb Code    20  stm32f10x_adc.o(.text)
    ADC_InjectedChannelConfig                0x08000701   Thumb Code   130  stm32f10x_adc.o(.text)
    ADC_InjectedSequencerLengthConfig        0x08000783   Thumb Code    24  stm32f10x_adc.o(.text)
    ADC_SetInjectedOffset                    0x0800079b   Thumb Code    20  stm32f10x_adc.o(.text)
    ADC_GetInjectedConversionValue           0x080007af   Thumb Code    28  stm32f10x_adc.o(.text)
    ADC_AnalogWatchdogCmd                    0x080007cb   Thumb Code    16  stm32f10x_adc.o(.text)
    ADC_AnalogWatchdogThresholdsConfig       0x080007db   Thumb Code     6  stm32f10x_adc.o(.text)
    ADC_AnalogWatchdogSingleChannelConfig    0x080007e1   Thumb Code    16  stm32f10x_adc.o(.text)
    ADC_TempSensorVrefintCmd                 0x080007f1   Thumb Code    64  stm32f10x_adc.o(.text)
    ADC_GetFlagStatus                        0x08000831   Thumb Code    18  stm32f10x_adc.o(.text)
    ADC_ClearFlag                            0x08000843   Thumb Code     6  stm32f10x_adc.o(.text)
    ADC_GetITStatus                          0x08000849   Thumb Code    36  stm32f10x_adc.o(.text)
    ADC_ClearITPendingBit                    0x0800086d   Thumb Code    10  stm32f10x_adc.o(.text)
    EXTI_DeInit                              0x08000879   Thumb Code    28  stm32f10x_exti.o(.text)
    EXTI_Init                                0x08000895   Thumb Code   142  stm32f10x_exti.o(.text)
    EXTI_StructInit                          0x08000923   Thumb Code    16  stm32f10x_exti.o(.text)
    EXTI_GenerateSWInterrupt                 0x08000933   Thumb Code    16  stm32f10x_exti.o(.text)
    EXTI_GetFlagStatus                       0x08000943   Thumb Code    22  stm32f10x_exti.o(.text)
    EXTI_ClearFlag                           0x08000959   Thumb Code     8  stm32f10x_exti.o(.text)
    EXTI_GetITStatus                         0x08000961   Thumb Code    34  stm32f10x_exti.o(.text)
    EXTI_ClearITPendingBit                   0x08000983   Thumb Code     8  stm32f10x_exti.o(.text)
    GPIO_DeInit                              0x08000995   Thumb Code   172  stm32f10x_gpio.o(.text)
    GPIO_AFIODeInit                          0x08000a41   Thumb Code    20  stm32f10x_gpio.o(.text)
    GPIO_Init                                0x08000a55   Thumb Code   278  stm32f10x_gpio.o(.text)
    GPIO_StructInit                          0x08000b6b   Thumb Code    16  stm32f10x_gpio.o(.text)
    GPIO_ReadInputDataBit                    0x08000b7b   Thumb Code    18  stm32f10x_gpio.o(.text)
    GPIO_ReadInputData                       0x08000b8d   Thumb Code     8  stm32f10x_gpio.o(.text)
    GPIO_ReadOutputDataBit                   0x08000b95   Thumb Code    18  stm32f10x_gpio.o(.text)
    GPIO_ReadOutputData                      0x08000ba7   Thumb Code     8  stm32f10x_gpio.o(.text)
    GPIO_SetBits                             0x08000baf   Thumb Code     4  stm32f10x_gpio.o(.text)
    GPIO_ResetBits                           0x08000bb3   Thumb Code     4  stm32f10x_gpio.o(.text)
    GPIO_WriteBit                            0x08000bb7   Thumb Code    10  stm32f10x_gpio.o(.text)
    GPIO_Write                               0x08000bc1   Thumb Code     4  stm32f10x_gpio.o(.text)
    GPIO_PinLockConfig                       0x08000bc5   Thumb Code    18  stm32f10x_gpio.o(.text)
    GPIO_EventOutputConfig                   0x08000bd7   Thumb Code    26  stm32f10x_gpio.o(.text)
    GPIO_EventOutputCmd                      0x08000bf1   Thumb Code     6  stm32f10x_gpio.o(.text)
    GPIO_PinRemapConfig                      0x08000bf7   Thumb Code   138  stm32f10x_gpio.o(.text)
    GPIO_EXTILineConfig                      0x08000c81   Thumb Code    66  stm32f10x_gpio.o(.text)
    GPIO_ETH_MediaInterfaceConfig            0x08000cc3   Thumb Code     8  stm32f10x_gpio.o(.text)
    RCC_DeInit                               0x08000cf1   Thumb Code    64  stm32f10x_rcc.o(.text)
    RCC_HSEConfig                            0x08000d31   Thumb Code    70  stm32f10x_rcc.o(.text)
    RCC_GetFlagStatus                        0x08000d77   Thumb Code    56  stm32f10x_rcc.o(.text)
    RCC_WaitForHSEStartUp                    0x08000daf   Thumb Code    56  stm32f10x_rcc.o(.text)
    RCC_AdjustHSICalibrationValue            0x08000de7   Thumb Code    20  stm32f10x_rcc.o(.text)
    RCC_HSICmd                               0x08000dfb   Thumb Code     6  stm32f10x_rcc.o(.text)
    RCC_PLLConfig                            0x08000e01   Thumb Code    24  stm32f10x_rcc.o(.text)
    RCC_PLLCmd                               0x08000e19   Thumb Code     6  stm32f10x_rcc.o(.text)
    RCC_SYSCLKConfig                         0x08000e1f   Thumb Code    18  stm32f10x_rcc.o(.text)
    RCC_GetSYSCLKSource                      0x08000e31   Thumb Code    10  stm32f10x_rcc.o(.text)
    RCC_HCLKConfig                           0x08000e3b   Thumb Code    18  stm32f10x_rcc.o(.text)
    RCC_PCLK1Config                          0x08000e4d   Thumb Code    18  stm32f10x_rcc.o(.text)
    RCC_PCLK2Config                          0x08000e5f   Thumb Code    20  stm32f10x_rcc.o(.text)
    RCC_ITConfig                             0x08000e73   Thumb Code    26  stm32f10x_rcc.o(.text)
    RCC_USBCLKConfig                         0x08000e8d   Thumb Code     8  stm32f10x_rcc.o(.text)
    RCC_ADCCLKConfig                         0x08000e95   Thumb Code    18  stm32f10x_rcc.o(.text)
    RCC_LSEConfig                            0x08000ea7   Thumb Code    50  stm32f10x_rcc.o(.text)
    RCC_LSICmd                               0x08000ed9   Thumb Code     6  stm32f10x_rcc.o(.text)
    RCC_RTCCLKConfig                         0x08000edf   Thumb Code    12  stm32f10x_rcc.o(.text)
    RCC_RTCCLKCmd                            0x08000eeb   Thumb Code     8  stm32f10x_rcc.o(.text)
    RCC_GetClocksFreq                        0x08000ef3   Thumb Code   192  stm32f10x_rcc.o(.text)
    RCC_AHBPeriphClockCmd                    0x08000fb3   Thumb Code    26  stm32f10x_rcc.o(.text)
    RCC_APB2PeriphClockCmd                   0x08000fcd   Thumb Code    26  stm32f10x_rcc.o(.text)
    RCC_APB1PeriphClockCmd                   0x08000fe7   Thumb Code    26  stm32f10x_rcc.o(.text)
    RCC_APB2PeriphResetCmd                   0x08001001   Thumb Code    26  stm32f10x_rcc.o(.text)
    RCC_APB1PeriphResetCmd                   0x0800101b   Thumb Code    26  stm32f10x_rcc.o(.text)
    RCC_BackupResetCmd                       0x08001035   Thumb Code     8  stm32f10x_rcc.o(.text)
    RCC_ClockSecuritySystemCmd               0x0800103d   Thumb Code     6  stm32f10x_rcc.o(.text)
    RCC_MCOConfig                            0x08001043   Thumb Code     6  stm32f10x_rcc.o(.text)
    RCC_ClearFlag                            0x08001049   Thumb Code    14  stm32f10x_rcc.o(.text)
    RCC_GetITStatus                          0x08001057   Thumb Code    20  stm32f10x_rcc.o(.text)
    RCC_ClearITPendingBit                    0x0800106b   Thumb Code     6  stm32f10x_rcc.o(.text)
    TIM_DeInit                               0x08001095   Thumb Code   424  stm32f10x_tim.o(.text)
    TIM_TimeBaseInit                         0x0800123d   Thumb Code   122  stm32f10x_tim.o(.text)
    TIM_OC1Init                              0x080012b7   Thumb Code   132  stm32f10x_tim.o(.text)
    TIM_OC2Init                              0x0800133b   Thumb Code   154  stm32f10x_tim.o(.text)
    TIM_OC3Init                              0x080013d5   Thumb Code   150  stm32f10x_tim.o(.text)
    TIM_OC4Init                              0x0800146b   Thumb Code   182  stm32f10x_tim.o(.text)
    TIM_SetIC4Prescaler                      0x08001521   Thumb Code    26  stm32f10x_tim.o(.text)
    TIM_SetIC3Prescaler                      0x080015bd   Thumb Code    18  stm32f10x_tim.o(.text)
    TIM_SetIC2Prescaler                      0x08001649   Thumb Code    26  stm32f10x_tim.o(.text)
    TIM_SetIC1Prescaler                      0x080016e5   Thumb Code    18  stm32f10x_tim.o(.text)
    TIM_ICInit                               0x08001763   Thumb Code   150  stm32f10x_tim.o(.text)
    TIM_PWMIConfig                           0x080017f9   Thumb Code   124  stm32f10x_tim.o(.text)
    TIM_BDTRConfig                           0x08001875   Thumb Code    32  stm32f10x_tim.o(.text)
    TIM_TimeBaseStructInit                   0x08001895   Thumb Code    18  stm32f10x_tim.o(.text)
    TIM_OCStructInit                         0x080018a7   Thumb Code    20  stm32f10x_tim.o(.text)
    TIM_ICStructInit                         0x080018bb   Thumb Code    18  stm32f10x_tim.o(.text)
    TIM_BDTRStructInit                       0x080018cd   Thumb Code    40  stm32f10x_tim.o(.text)
    TIM_Cmd                                  0x080018f5   Thumb Code    24  stm32f10x_tim.o(.text)
    TIM_CtrlPWMOutputs                       0x0800190d   Thumb Code    30  stm32f10x_tim.o(.text)
    TIM_ITConfig                             0x0800192b   Thumb Code    18  stm32f10x_tim.o(.text)
    TIM_GenerateEvent                        0x0800193d   Thumb Code     4  stm32f10x_tim.o(.text)
    TIM_DMAConfig                            0x08001941   Thumb Code    10  stm32f10x_tim.o(.text)
    TIM_DMACmd                               0x0800194b   Thumb Code    18  stm32f10x_tim.o(.text)
    TIM_InternalClockConfig                  0x0800195d   Thumb Code    12  stm32f10x_tim.o(.text)
    TIM_SelectInputTrigger                   0x08001969   Thumb Code    18  stm32f10x_tim.o(.text)
    TIM_ITRxExternalClockConfig              0x0800197b   Thumb Code    24  stm32f10x_tim.o(.text)
    TIM_TIxExternalClockConfig               0x08001993   Thumb Code    62  stm32f10x_tim.o(.text)
    TIM_ETRConfig                            0x080019d1   Thumb Code    28  stm32f10x_tim.o(.text)
    TIM_ETRClockMode1Config                  0x080019ed   Thumb Code    54  stm32f10x_tim.o(.text)
    TIM_ETRClockMode2Config                  0x08001a23   Thumb Code    32  stm32f10x_tim.o(.text)
    TIM_PrescalerConfig                      0x08001a43   Thumb Code     6  stm32f10x_tim.o(.text)
    TIM_CounterModeConfig                    0x08001a49   Thumb Code    18  stm32f10x_tim.o(.text)
    TIM_EncoderInterfaceConfig               0x08001a5b   Thumb Code    66  stm32f10x_tim.o(.text)
    TIM_ForcedOC1Config                      0x08001a9d   Thumb Code    18  stm32f10x_tim.o(.text)
    TIM_ForcedOC2Config                      0x08001aaf   Thumb Code    26  stm32f10x_tim.o(.text)
    TIM_ForcedOC3Config                      0x08001ac9   Thumb Code    18  stm32f10x_tim.o(.text)
    TIM_ForcedOC4Config                      0x08001adb   Thumb Code    26  stm32f10x_tim.o(.text)
    TIM_ARRPreloadConfig                     0x08001af5   Thumb Code    24  stm32f10x_tim.o(.text)
    TIM_SelectCOM                            0x08001b0d   Thumb Code    24  stm32f10x_tim.o(.text)
    TIM_SelectCCDMA                          0x08001b25   Thumb Code    24  stm32f10x_tim.o(.text)
    TIM_CCPreloadControl                     0x08001b3d   Thumb Code    24  stm32f10x_tim.o(.text)
    TIM_OC1PreloadConfig                     0x08001b55   Thumb Code    18  stm32f10x_tim.o(.text)
    TIM_OC2PreloadConfig                     0x08001b67   Thumb Code    26  stm32f10x_tim.o(.text)
    TIM_OC3PreloadConfig                     0x08001b81   Thumb Code    18  stm32f10x_tim.o(.text)
    TIM_OC4PreloadConfig                     0x08001b93   Thumb Code    26  stm32f10x_tim.o(.text)
    TIM_OC1FastConfig                        0x08001bad   Thumb Code    18  stm32f10x_tim.o(.text)
    TIM_OC2FastConfig                        0x08001bbf   Thumb Code    26  stm32f10x_tim.o(.text)
    TIM_OC3FastConfig                        0x08001bd9   Thumb Code    18  stm32f10x_tim.o(.text)
    TIM_OC4FastConfig                        0x08001beb   Thumb Code    26  stm32f10x_tim.o(.text)
    TIM_ClearOC1Ref                          0x08001c05   Thumb Code    18  stm32f10x_tim.o(.text)
    TIM_ClearOC2Ref                          0x08001c17   Thumb Code    24  stm32f10x_tim.o(.text)
    TIM_ClearOC3Ref                          0x08001c2f   Thumb Code    18  stm32f10x_tim.o(.text)
    TIM_ClearOC4Ref                          0x08001c41   Thumb Code    24  stm32f10x_tim.o(.text)
    TIM_OC1PolarityConfig                    0x08001c59   Thumb Code    18  stm32f10x_tim.o(.text)
    TIM_OC1NPolarityConfig                   0x08001c6b   Thumb Code    18  stm32f10x_tim.o(.text)
    TIM_OC2PolarityConfig                    0x08001c7d   Thumb Code    26  stm32f10x_tim.o(.text)
    TIM_OC2NPolarityConfig                   0x08001c97   Thumb Code    26  stm32f10x_tim.o(.text)
    TIM_OC3PolarityConfig                    0x08001cb1   Thumb Code    26  stm32f10x_tim.o(.text)
    TIM_OC3NPolarityConfig                   0x08001ccb   Thumb Code    26  stm32f10x_tim.o(.text)
    TIM_OC4PolarityConfig                    0x08001ce5   Thumb Code    26  stm32f10x_tim.o(.text)
    TIM_CCxCmd                               0x08001cff   Thumb Code    30  stm32f10x_tim.o(.text)
    TIM_CCxNCmd                              0x08001d1d   Thumb Code    30  stm32f10x_tim.o(.text)
    TIM_SelectOCxM                           0x08001d3b   Thumb Code    82  stm32f10x_tim.o(.text)
    TIM_UpdateDisableConfig                  0x08001d8d   Thumb Code    24  stm32f10x_tim.o(.text)
    TIM_UpdateRequestConfig                  0x08001da5   Thumb Code    24  stm32f10x_tim.o(.text)
    TIM_SelectHallSensor                     0x08001dbd   Thumb Code    24  stm32f10x_tim.o(.text)
    TIM_SelectOnePulseMode                   0x08001dd5   Thumb Code    18  stm32f10x_tim.o(.text)
    TIM_SelectOutputTrigger                  0x08001de7   Thumb Code    18  stm32f10x_tim.o(.text)
    TIM_SelectSlaveMode                      0x08001df9   Thumb Code    18  stm32f10x_tim.o(.text)
    TIM_SelectMasterSlaveMode                0x08001e0b   Thumb Code    18  stm32f10x_tim.o(.text)
    TIM_SetCounter                           0x08001e1d   Thumb Code     4  stm32f10x_tim.o(.text)
    TIM_SetAutoreload                        0x08001e21   Thumb Code     4  stm32f10x_tim.o(.text)
    TIM_SetCompare1                          0x08001e25   Thumb Code     4  stm32f10x_tim.o(.text)
    TIM_SetCompare2                          0x08001e29   Thumb Code     4  stm32f10x_tim.o(.text)
    TIM_SetCompare3                          0x08001e2d   Thumb Code     4  stm32f10x_tim.o(.text)
    TIM_SetCompare4                          0x08001e31   Thumb Code     6  stm32f10x_tim.o(.text)
    TIM_SetClockDivision                     0x08001e37   Thumb Code    18  stm32f10x_tim.o(.text)
    TIM_GetCapture1                          0x08001e49   Thumb Code     6  stm32f10x_tim.o(.text)
    TIM_GetCapture2                          0x08001e4f   Thumb Code     6  stm32f10x_tim.o(.text)
    TIM_GetCapture3                          0x08001e55   Thumb Code     6  stm32f10x_tim.o(.text)
    TIM_GetCapture4                          0x08001e5b   Thumb Code     8  stm32f10x_tim.o(.text)
    TIM_GetCounter                           0x08001e63   Thumb Code     6  stm32f10x_tim.o(.text)
    TIM_GetPrescaler                         0x08001e69   Thumb Code     6  stm32f10x_tim.o(.text)
    TIM_GetFlagStatus                        0x08001e6f   Thumb Code    18  stm32f10x_tim.o(.text)
    TIM_ClearFlag                            0x08001e81   Thumb Code     6  stm32f10x_tim.o(.text)
    TIM_GetITStatus                          0x08001e87   Thumb Code    34  stm32f10x_tim.o(.text)
    TIM_ClearITPendingBit                    0x08001ea9   Thumb Code     6  stm32f10x_tim.o(.text)
    USART_DeInit                             0x08001eb1   Thumb Code   134  stm32f10x_usart.o(.text)
    USART_Init                               0x08001f37   Thumb Code   210  stm32f10x_usart.o(.text)
    USART_StructInit                         0x08002009   Thumb Code    24  stm32f10x_usart.o(.text)
    USART_ClockInit                          0x08002021   Thumb Code    34  stm32f10x_usart.o(.text)
    USART_ClockStructInit                    0x08002043   Thumb Code    12  stm32f10x_usart.o(.text)
    USART_Cmd                                0x0800204f   Thumb Code    24  stm32f10x_usart.o(.text)
    USART_ITConfig                           0x08002067   Thumb Code    74  stm32f10x_usart.o(.text)
    USART_DMACmd                             0x080020b1   Thumb Code    18  stm32f10x_usart.o(.text)
    USART_SetAddress                         0x080020c3   Thumb Code    18  stm32f10x_usart.o(.text)
    USART_WakeUpConfig                       0x080020d5   Thumb Code    18  stm32f10x_usart.o(.text)
    USART_ReceiverWakeUpCmd                  0x080020e7   Thumb Code    24  stm32f10x_usart.o(.text)
    USART_LINBreakDetectLengthConfig         0x080020ff   Thumb Code    18  stm32f10x_usart.o(.text)
    USART_LINCmd                             0x08002111   Thumb Code    24  stm32f10x_usart.o(.text)
    USART_SendData                           0x08002129   Thumb Code     8  stm32f10x_usart.o(.text)
    USART_ReceiveData                        0x08002131   Thumb Code    10  stm32f10x_usart.o(.text)
    USART_SendBreak                          0x0800213b   Thumb Code    10  stm32f10x_usart.o(.text)
    USART_SetGuardTime                       0x08002145   Thumb Code    16  stm32f10x_usart.o(.text)
    USART_SetPrescaler                       0x08002155   Thumb Code    16  stm32f10x_usart.o(.text)
    USART_SmartCardCmd                       0x08002165   Thumb Code    24  stm32f10x_usart.o(.text)
    USART_SmartCardNACKCmd                   0x0800217d   Thumb Code    24  stm32f10x_usart.o(.text)
    USART_HalfDuplexCmd                      0x08002195   Thumb Code    24  stm32f10x_usart.o(.text)
    USART_OverSampling8Cmd                   0x080021ad   Thumb Code    22  stm32f10x_usart.o(.text)
    USART_OneBitMethodCmd                    0x080021c3   Thumb Code    24  stm32f10x_usart.o(.text)
    USART_IrDAConfig                         0x080021db   Thumb Code    18  stm32f10x_usart.o(.text)
    USART_IrDACmd                            0x080021ed   Thumb Code    24  stm32f10x_usart.o(.text)
    USART_GetFlagStatus                      0x08002205   Thumb Code    26  stm32f10x_usart.o(.text)
    USART_ClearFlag                          0x0800221f   Thumb Code    18  stm32f10x_usart.o(.text)
    USART_GetITStatus                        0x08002231   Thumb Code    84  stm32f10x_usart.o(.text)
    USART_ClearITPendingBit                  0x08002285   Thumb Code    52  stm32f10x_usart.o(.text)
    main                                     0x080022b9   Thumb Code   238  main.o(.text)
    NMI_Handler                              0x080023c5   Thumb Code     2  stm32f10x_it.o(.text)
    HardFault_Handler                        0x080023c7   Thumb Code     4  stm32f10x_it.o(.text)
    MemManage_Handler                        0x080023cb   Thumb Code     4  stm32f10x_it.o(.text)
    BusFault_Handler                         0x080023cf   Thumb Code     4  stm32f10x_it.o(.text)
    UsageFault_Handler                       0x080023d3   Thumb Code     4  stm32f10x_it.o(.text)
    SVC_Handler                              0x080023d7   Thumb Code     2  stm32f10x_it.o(.text)
    DebugMon_Handler                         0x080023d9   Thumb Code     2  stm32f10x_it.o(.text)
    PendSV_Handler                           0x080023db   Thumb Code     2  stm32f10x_it.o(.text)
    SysTick_Handler                          0x080023dd   Thumb Code     8  stm32f10x_it.o(.text)
    JTAG_Set                                 0x080023e5   Thumb Code    38  bsp_beep.o(.text)
    BEEP_GPIO_Config                         0x0800240b   Thumb Code    62  bsp_beep.o(.text)
    Buzzer_Alarm                             0x08002449   Thumb Code    52  bsp_beep.o(.text)
    Key_GPIO_Config                          0x0800248d   Thumb Code    54  bsp_key.o(.text)
    Key_Scan                                 0x080024c3   Thumb Code    40  bsp_key.o(.text)
    User_Key_Scan                            0x080024eb   Thumb Code   312  bsp_key.o(.text)
    Get_KeyVal                               0x08002623   Thumb Code   216  bsp_key.o(.text)
    LED_GPIO_Config                          0x08002731   Thumb Code    68  bsp_led.o(.text)
    LED_Flash                                0x08002775   Thumb Code    44  bsp_led.o(.text)
    SysTick_Init                             0x080027f5   Thumb Code    26  bsp_systick.o(.text)
    Delay_us                                 0x0800280f   Thumb Code    36  bsp_systick.o(.text)
    TimingDelay_Decrement                    0x08002833   Thumb Code    18  bsp_systick.o(.text)
    SysTick_Delay_Us                         0x08002845   Thumb Code    64  bsp_systick.o(.text)
    SysTick_Delay_Ms                         0x08002885   Thumb Code    66  bsp_systick.o(.text)
    DEBUG_USART_Init                         0x080028e1   Thumb Code   158  bsp_usart.o(.text)
    BLUETOOTH_USART_Init                     0x0800297f   Thumb Code   158  bsp_usart.o(.text)
    LIDAR_USART_Init                         0x08002a1d   Thumb Code   154  bsp_usart.o(.text)
    fputc                                    0x08002ab7   Thumb Code    64  bsp_usart.o(.text)
    fgetc                                    0x08002af7   Thumb Code    26  bsp_usart.o(.text)
    PWM_OutPut_TIM_Init                      0x08002c93   Thumb Code    20  bsp_generaltim.o(.text)
    TIMING_TIM_Init                          0x08002ca7   Thumb Code    96  bsp_generaltim.o(.text)
    Motor_Init                               0x08002d19   Thumb Code    16  bsp_motor.o(.text)
    Servo_Init                               0x08002d29   Thumb Code   158  bsp_motor.o(.text)
    Set_Pwm                                  0x08002dc7   Thumb Code   110  bsp_motor.o(.text)
    Voltage_ADC_Init                         0x08002f17   Thumb Code    16  bsp_adc.o(.text)
    Car_Select_ADC_Init                      0x08002fcd   Thumb Code    12  bsp_adc.o(.text)
    ADC1_2_IRQHandler                        0x08002fd9   Thumb Code    38  bsp_adc.o(.text)
    Get_Voltage                              0x08002fff   Thumb Code    58  bsp_adc.o(.text)
    Get_Adc                                  0x08003039   Thumb Code    48  bsp_adc.o(.text)
    OLED_WR_Byte                             0x08003085   Thumb Code    80  bsp_oled.o(.text)
    OLED_Refresh_Gram                        0x080030d5   Thumb Code    70  bsp_oled.o(.text)
    OLED_Display_On                          0x0800311b   Thumb Code    28  bsp_oled.o(.text)
    OLED_Display_Off                         0x08003137   Thumb Code    28  bsp_oled.o(.text)
    OLED_Clear                               0x08003153   Thumb Code    42  bsp_oled.o(.text)
    OLED_DrawPoint                           0x0800317d   Thumb Code   100  bsp_oled.o(.text)
    OLED_ShowChar                            0x080031e1   Thumb Code   158  bsp_oled.o(.text)
    oled_pow                                 0x0800327f   Thumb Code    22  bsp_oled.o(.text)
    OLED_ShowNumber                          0x08003295   Thumb Code   148  bsp_oled.o(.text)
    OLED_ShowString                          0x08003329   Thumb Code    68  bsp_oled.o(.text)
    OLED_Init                                0x0800336d   Thumb Code   398  bsp_oled.o(.text)
    OLED_Refresh_GRAM_Line                   0x080034fb   Thumb Code    48  bsp_oled.o(.text)
    Encoder_GPIO_Config                      0x08003531   Thumb Code    52  encoder.o(.text)
    Encoder_NVIC_Config                      0x08003565   Thumb Code    60  encoder.o(.text)
    Encoder_TIM_Mode_Config                  0x080035a1   Thumb Code   186  encoder.o(.text)
    Encoder_Init                             0x0800365b   Thumb Code    16  encoder.o(.text)
    Read_Encoder                             0x0800366b   Thumb Code    96  encoder.o(.text)
    TIM4_IRQHandler                          0x080036cb   Thumb Code    20  encoder.o(.text)
    TIM8_UP_IRQHandler                       0x080036df   Thumb Code    20  encoder.o(.text)
    PS2_Init                                 0x08003709   Thumb Code   118  pstwo.o(.text)
    PS2_Cmd                                  0x0800377f   Thumb Code   130  pstwo.o(.text)
    PS2_RedLight                             0x08003801   Thumb Code    50  pstwo.o(.text)
    PS2_ReadData                             0x08003833   Thumb Code   168  pstwo.o(.text)
    PS2_ClearData                            0x080038db   Thumb Code    20  pstwo.o(.text)
    PS2_DataKey                              0x080038ef   Thumb Code    70  pstwo.o(.text)
    PS2_AnologData                           0x08003935   Thumb Code     8  pstwo.o(.text)
    PS2_Vibration                            0x0800393d   Thumb Code    90  pstwo.o(.text)
    PS2_ShortPoll                            0x08003997   Thumb Code    62  pstwo.o(.text)
    PS2_EnterConfing                         0x080039d5   Thumb Code    86  pstwo.o(.text)
    PS2_TurnOnAnalogMode                     0x08003a2b   Thumb Code    80  pstwo.o(.text)
    PS2_VibrationMode                        0x08003a7b   Thumb Code    62  pstwo.o(.text)
    PS2_ExitConfing                          0x08003ab9   Thumb Code   124  pstwo.o(.text)
    PS2_SetInit                              0x08003b35   Thumb Code    28  pstwo.o(.text)
    PS2_Read                                 0x08003b51   Thumb Code   140  pstwo.o(.text)
    Float2Byte                               0x08003c19   Thumb Code    28  datascope_dp.o(.text)
    DataScope_Get_Channel_Data               0x08003c35   Thumb Code   158  datascope_dp.o(.text)
    DataScope_Data_Generate                  0x08003cd3   Thumb Code   148  datascope_dp.o(.text)
    ROS_Odometry_Update                      0x08003d6d   Thumb Code   320  usartx.o(.text)
    Check_Sum                                0x08003ead   Thumb Code    52  usartx.o(.text)
    data_transition                          0x08003ee1   Thumb Code  1090  usartx.o(.text)
    usart1_send                              0x08004323   Thumb Code    22  usartx.o(.text)
    USART1_SEND                              0x08004339   Thumb Code    26  usartx.o(.text)
    XYZ_Target_Speed_transition              0x08004353   Thumb Code    42  usartx.o(.text)
    float_abs                                0x0800437d   Thumb Code    24  usartx.o(.text)
    Vz_to_Akm_Angle                          0x08004395   Thumb Code   176  usartx.o(.text)
    USART1_IRQHandler                        0x08004445   Thumb Code   238  usartx.o(.text)
    PWM_Limit                                0x08004599   Thumb Code    42  control.o(.text)
    Mean_Filter_Right                        0x080045c3   Thumb Code    92  control.o(.text)
    Mean_Filter_Left                         0x0800461f   Thumb Code    92  control.o(.text)
    Get_Motor_PWM                            0x0800467b   Thumb Code   114  control.o(.text)
    Turn_Off                                 0x080046ed   Thumb Code    50  control.o(.text)
    target_limit_float                       0x0800471f   Thumb Code    40  control.o(.text)
    target_limit_int                         0x08004747   Thumb Code    22  control.o(.text)
    RC_Lidar_avoid                           0x0800475d   Thumb Code   412  control.o(.text)
    Get_Target_Encoder                       0x080048f9   Thumb Code  1016  control.o(.text)
    Lidar_along_wall                         0x08004cf1   Thumb Code   216  control.o(.text)
    Lidar_Follow                             0x08004dc9   Thumb Code   620  control.o(.text)
    Lidar_Avoid                              0x08005035   Thumb Code   622  control.o(.text)
    Remote_Control                           0x080052a3   Thumb Code   428  control.o(.text)
    PS2_Control                              0x0800544f   Thumb Code   470  control.o(.text)
    Bluetooth_Control                        0x08005625   Thumb Code   408  control.o(.text)
    Get_Angle                                0x080057bd   Thumb Code   654  control.o(.text)
    Get_Velocity_From_Encoder                0x08005a4b   Thumb Code   210  control.o(.text)
    TIM5_IRQHandler                          0x08005b1d   Thumb Code   518  control.o(.text)
    Car_Perimeter_Init                       0x08005d23   Thumb Code    64  control.o(.text)
    Ultrasonic_Follow                        0x08005d63   Thumb Code   182  control.o(.text)
    myabs                                    0x08005e75   Thumb Code    16  show.o(.text)
    OLED_DrawPoint_Shu                       0x08005e85   Thumb Code    60  show.o(.text)
    OLED_Show_CCD                            0x08005ec1   Thumb Code    46  show.o(.text)
    Show                                     0x08005eef   Thumb Code  3514  show.o(.text)
    Car_Select_Show                          0x08006ca9   Thumb Code   128  show.o(.text)
    APP_Show                                 0x08006d29   Thumb Code   258  show.o(.text)
    DataScope                                0x08006e2b   Thumb Code    98  show.o(.text)
    Robot_Select                             0x08006e8d   Thumb Code    44  show.o(.text)
    USART3_IRQHandler                        0x08007029   Thumb Code   746  bluetooth.o(.text)
    Incremental_PI_Left                      0x0800739d   Thumb Code   102  pid.o(.text)
    Incremental_PI_Right                     0x08007403   Thumb Code   102  pid.o(.text)
    Along_Adjust_PID                         0x08007469   Thumb Code   460  pid.o(.text)
    Follow_Turn_PID                          0x08007635   Thumb Code   618  pid.o(.text)
    Distance_Adjust_PID                      0x0800789f   Thumb Code   198  pid.o(.text)
    ELE_PID                                  0x08007965   Thumb Code   562  pid.o(.text)
    CCD_PID                                  0x08007b97   Thumb Code   622  pid.o(.text)
    data_process                             0x08007e3d   Thumb Code   810  lidar.o(.text)
    UART5_IRQHandler                         0x08008167   Thumb Code   852  lidar.o(.text)
    Distance_Capture_GPIO_Config             0x080084d1   Thumb Code   230  capture.o(.text)
    Distance_Capture_Mode_Config             0x080085b7   Thumb Code   268  capture.o(.text)
    Distance_Capture_NVIC_Config             0x080086c3   Thumb Code    94  capture.o(.text)
    Distance_Cap_Init                        0x08008721   Thumb Code    24  capture.o(.text)
    PWM_Capture_GPIO_Config                  0x08008739   Thumb Code    60  capture.o(.text)
    PWM_Capture_Mode_Config                  0x08008775   Thumb Code   168  capture.o(.text)
    PWM_Capture_NVIC_Config                  0x0800881d   Thumb Code    34  capture.o(.text)
    PWM_Cap_Init                             0x0800883f   Thumb Code    24  capture.o(.text)
    Read_Distane                             0x08008857   Thumb Code   344  capture.o(.text)
    TIM2_IRQHandler                          0x080089af   Thumb Code   436  capture.o(.text)
    TIM1_CC_IRQHandler                       0x08008b63   Thumb Code   182  capture.o(.text)
    TIM1_UP_IRQHandler                       0x08008c19   Thumb Code    64  capture.o(.text)
    ELE_ADC_Init                             0x08008d9f   Thumb Code    12  ele_ccd.o(.text)
    CCD_Init                                 0x08008e83   Thumb Code    12  ele_ccd.o(.text)
    Detect_Barrier                           0x08008e8f   Thumb Code   120  ele_ccd.o(.text)
    ELE_Mode                                 0x08008f07   Thumb Code   186  ele_ccd.o(.text)
    Dly_us                                   0x08008fc1   Thumb Code    12  ele_ccd.o(.text)
    RD_TSL                                   0x08008fcd   Thumb Code   122  ele_ccd.o(.text)
    Find_CCD_Median                          0x08009047   Thumb Code   616  ele_ccd.o(.text)
    CCD_Mode                                 0x080092af   Thumb Code    42  ele_ccd.o(.text)
    mpu_reg_dump                             0x08009397   Thumb Code    72  inv_mpu.o(.text)
    mpu_read_reg                             0x080093df   Thumb Code    66  inv_mpu.o(.text)
    mpu_set_int_latched                      0x08009421   Thumb Code   102  inv_mpu.o(.text)
    mpu_set_sensors                          0x08009487   Thumb Code   202  inv_mpu.o(.text)
    mpu_set_bypass                           0x08009551   Thumb Code   328  inv_mpu.o(.text)
    mpu_reset_fifo                           0x08009699   Thumb Code   444  inv_mpu.o(.text)
    mpu_configure_fifo                       0x08009855   Thumb Code   106  inv_mpu.o(.text)
    mpu_set_lpf                              0x080098bf   Thumb Code   126  inv_mpu.o(.text)
    mpu_lp_accel_mode                        0x0800993d   Thumb Code   218  inv_mpu.o(.text)
    mpu_set_sample_rate                      0x08009a17   Thumb Code   152  inv_mpu.o(.text)
    mpu_set_accel_fsr                        0x08009aaf   Thumb Code   132  inv_mpu.o(.text)
    mpu_set_gyro_fsr                         0x08009b33   Thumb Code   132  inv_mpu.o(.text)
    mpu_init                                 0x08009bb7   Thumb Code   416  inv_mpu.o(.text)
    myget_ms                                 0x08009d57   Thumb Code     2  inv_mpu.o(.text)
    mpu_get_gyro_reg                         0x08009d59   Thumb Code   110  inv_mpu.o(.text)
    mpu_get_accel_reg                        0x08009dc7   Thumb Code   110  inv_mpu.o(.text)
    mpu_get_temperature                      0x08009e35   Thumb Code   150  inv_mpu.o(.text)
    mpu_set_accel_bias                       0x08009ecb   Thumb Code   468  inv_mpu.o(.text)
    mpu_get_gyro_fsr                         0x0800a09f   Thumb Code    64  inv_mpu.o(.text)
    mpu_get_accel_fsr                        0x0800a0df   Thumb Code    72  inv_mpu.o(.text)
    mpu_get_lpf                              0x0800a127   Thumb Code    74  inv_mpu.o(.text)
    mpu_get_sample_rate                      0x0800a171   Thumb Code    26  inv_mpu.o(.text)
    mpu_get_compass_sample_rate              0x0800a18b   Thumb Code    10  inv_mpu.o(.text)
    mpu_set_compass_sample_rate              0x0800a195   Thumb Code     8  inv_mpu.o(.text)
    mpu_get_gyro_sens                        0x0800a19d   Thumb Code    58  inv_mpu.o(.text)
    mpu_get_accel_sens                       0x0800a1d7   Thumb Code    78  inv_mpu.o(.text)
    mpu_get_fifo_config                      0x0800a225   Thumb Code    12  inv_mpu.o(.text)
    mpu_get_power_state                      0x0800a231   Thumb Code    22  inv_mpu.o(.text)
    mpu_get_int_status                       0x0800a247   Thumb Code    64  inv_mpu.o(.text)
    mpu_read_fifo                            0x0800a287   Thumb Code   520  inv_mpu.o(.text)
    mpu_read_fifo_stream                     0x0800a48f   Thumb Code   186  inv_mpu.o(.text)
    mpu_set_int_level                        0x0800a549   Thumb Code    12  inv_mpu.o(.text)
    mpu_set_dmp_state                        0x0800ac27   Thumb Code   138  inv_mpu.o(.text)
    mpu_run_self_test                        0x0800acb1   Thumb Code   278  inv_mpu.o(.text)
    mpu_write_mem                            0x0800adc7   Thumb Code   122  inv_mpu.o(.text)
    mpu_read_mem                             0x0800ae41   Thumb Code   122  inv_mpu.o(.text)
    mpu_load_firmware                        0x0800aebb   Thumb Code   192  inv_mpu.o(.text)
    mpu_get_dmp_state                        0x0800af7b   Thumb Code    14  inv_mpu.o(.text)
    mpu_get_compass_reg                      0x0800af89   Thumb Code     8  inv_mpu.o(.text)
    mpu_get_compass_fsr                      0x0800af91   Thumb Code     8  inv_mpu.o(.text)
    mpu_lp_motion_interrupt                  0x0800af99   Thumb Code   512  inv_mpu.o(.text)
    dmp_load_motion_driver_firmware          0x0800b19d   Thumb Code    20  inv_mpu_dmp_motion_driver.o(.text)
    dmp_set_orientation                      0x0800b1b1   Thumb Code   290  inv_mpu_dmp_motion_driver.o(.text)
    dmp_set_gyro_bias                        0x0800b2d3   Thumb Code   294  inv_mpu_dmp_motion_driver.o(.text)
    dmp_set_accel_bias                       0x0800b3f9   Thumb Code   300  inv_mpu_dmp_motion_driver.o(.text)
    dmp_set_fifo_rate                        0x0800b525   Thumb Code   136  inv_mpu_dmp_motion_driver.o(.text)
    dmp_get_fifo_rate                        0x0800b5ad   Thumb Code    12  inv_mpu_dmp_motion_driver.o(.text)
    dmp_set_tap_thresh                       0x0800b5b9   Thumb Code   396  inv_mpu_dmp_motion_driver.o(.text)
    dmp_set_tap_axes                         0x0800b745   Thumb Code    70  inv_mpu_dmp_motion_driver.o(.text)
    dmp_set_tap_count                        0x0800b78b   Thumb Code    38  inv_mpu_dmp_motion_driver.o(.text)
    dmp_set_tap_time                         0x0800b7b1   Thumb Code    38  inv_mpu_dmp_motion_driver.o(.text)
    dmp_set_tap_time_multi                   0x0800b7d7   Thumb Code    38  inv_mpu_dmp_motion_driver.o(.text)
    dmp_set_shake_reject_thresh              0x0800b7fd   Thumb Code    56  inv_mpu_dmp_motion_driver.o(.text)
    dmp_set_shake_reject_time                0x0800b835   Thumb Code    38  inv_mpu_dmp_motion_driver.o(.text)
    dmp_set_shake_reject_timeout             0x0800b85b   Thumb Code    38  inv_mpu_dmp_motion_driver.o(.text)
    dmp_get_pedometer_step_count             0x0800b881   Thumb Code    66  inv_mpu_dmp_motion_driver.o(.text)
    dmp_set_pedometer_step_count             0x0800b8c3   Thumb Code    42  inv_mpu_dmp_motion_driver.o(.text)
    dmp_get_pedometer_walk_time              0x0800b8ed   Thumb Code    72  inv_mpu_dmp_motion_driver.o(.text)
    dmp_set_pedometer_walk_time              0x0800b935   Thumb Code    48  inv_mpu_dmp_motion_driver.o(.text)
    dmp_enable_6x_lp_quat                    0x0800b965   Thumb Code    84  inv_mpu_dmp_motion_driver.o(.text)
    dmp_enable_lp_quat                       0x0800b9b9   Thumb Code    60  inv_mpu_dmp_motion_driver.o(.text)
    dmp_enable_gyro_cal                      0x0800b9f5   Thumb Code    62  inv_mpu_dmp_motion_driver.o(.text)
    dmp_enable_feature                       0x0800ba33   Thumb Code   530  inv_mpu_dmp_motion_driver.o(.text)
    dmp_get_enabled_features                 0x0800bc45   Thumb Code    12  inv_mpu_dmp_motion_driver.o(.text)
    dmp_set_interrupt_mode                   0x0800bcaf   Thumb Code    66  inv_mpu_dmp_motion_driver.o(.text)
    dmp_read_fifo                            0x0800bcf1   Thumb Code   514  inv_mpu_dmp_motion_driver.o(.text)
    dmp_register_tap_cb                      0x0800bef3   Thumb Code    10  inv_mpu_dmp_motion_driver.o(.text)
    dmp_register_android_orient_cb           0x0800befd   Thumb Code    10  inv_mpu_dmp_motion_driver.o(.text)
    IIC_Init                                 0x0800bf0d   Thumb Code    40  ioi2c.o(.text)
    IIC_Start                                0x0800bf35   Thumb Code    96  ioi2c.o(.text)
    IIC_Stop                                 0x0800bf95   Thumb Code    68  ioi2c.o(.text)
    IIC_Wait_Ack                             0x0800bfd9   Thumb Code    96  ioi2c.o(.text)
    IIC_Ack                                  0x0800c039   Thumb Code    72  ioi2c.o(.text)
    IIC_NAck                                 0x0800c081   Thumb Code    70  ioi2c.o(.text)
    IIC_Send_Byte                            0x0800c0c7   Thumb Code    94  ioi2c.o(.text)
    i2cWrite                                 0x0800c125   Thumb Code    96  ioi2c.o(.text)
    IIC_Read_Byte                            0x0800c185   Thumb Code   104  ioi2c.o(.text)
    i2cRead                                  0x0800c1ed   Thumb Code   118  ioi2c.o(.text)
    I2C_ReadOneByte                          0x0800c263   Thumb Code    70  ioi2c.o(.text)
    IICreadBytes                             0x0800c2a9   Thumb Code   112  ioi2c.o(.text)
    IICwriteBytes                            0x0800c319   Thumb Code    70  ioi2c.o(.text)
    IICreadByte                              0x0800c35f   Thumb Code    22  ioi2c.o(.text)
    IICwriteByte                             0x0800c375   Thumb Code    20  ioi2c.o(.text)
    IICwriteBits                             0x0800c389   Thumb Code   106  ioi2c.o(.text)
    IICwriteBit                              0x0800c3f3   Thumb Code    64  ioi2c.o(.text)
    MPU6050_newValues                        0x0800c53b   Thumb Code   494  mpu6050.o(.text)
    MPU6050_setClockSource                   0x0800c729   Thumb Code    20  mpu6050.o(.text)
    MPU6050_setFullScaleGyroRange            0x0800c73d   Thumb Code    20  mpu6050.o(.text)
    MPU6050_setFullScaleAccelRange           0x0800c751   Thumb Code    20  mpu6050.o(.text)
    MPU6050_setSleepEnabled                  0x0800c765   Thumb Code    18  mpu6050.o(.text)
    MPU6050_getDeviceID                      0x0800c777   Thumb Code    20  mpu6050.o(.text)
    MPU6050_testConnection                   0x0800c78b   Thumb Code    18  mpu6050.o(.text)
    MPU6050_setI2CMasterModeEnabled          0x0800c79d   Thumb Code    18  mpu6050.o(.text)
    MPU6050_setI2CBypassEnabled              0x0800c7af   Thumb Code    18  mpu6050.o(.text)
    MPU6050_initialize                       0x0800c7c1   Thumb Code    40  mpu6050.o(.text)
    DMP_Init                                 0x0800c7e9   Thumb Code   204  mpu6050.o(.text)
    Read_DMP                                 0x0800c8b5   Thumb Code   560  mpu6050.o(.text)
    Read_Temperature                         0x0800cae5   Thumb Code   516  mpu6050.o(.text)
    MiniBalance_EXTI_Init                    0x0800cce9   Thumb Code   108  mpu6050.o(.text)
    MPU6050_Init                             0x0800cd55   Thumb Code    12  mpu6050.o(.text)
    Kalman_Filter_x                          0x0800cd65   Thumb Code   558  filter.o(.text)
    Complementary_Filter_x                   0x0800cf93   Thumb Code    82  filter.o(.text)
    Kalman_Filter_y                          0x0800cfe5   Thumb Code   680  filter.o(.text)
    Complementary_Filter_y                   0x0800d28d   Thumb Code    82  filter.o(.text)
    __aeabi_ldivmod                          0x0800d311   Thumb Code    98  ldiv.o(.text)
    __aeabi_memset                           0x0800d373   Thumb Code    14  memseta.o(.text)
    __aeabi_memset4                          0x0800d373   Thumb Code     0  memseta.o(.text)
    __aeabi_memset8                          0x0800d373   Thumb Code     0  memseta.o(.text)
    __aeabi_memclr                           0x0800d381   Thumb Code     4  memseta.o(.text)
    __aeabi_memclr4                          0x0800d381   Thumb Code     0  memseta.o(.text)
    __aeabi_memclr8                          0x0800d381   Thumb Code     0  memseta.o(.text)
    _memset$wrapper                          0x0800d385   Thumb Code    18  memseta.o(.text)
    memcmp                                   0x0800d397   Thumb Code    26  memcmp.o(.text)
    __aeabi_fadd                             0x0800d3b1   Thumb Code   164  fadd.o(.text)
    __aeabi_fsub                             0x0800d455   Thumb Code     6  fadd.o(.text)
    __aeabi_frsub                            0x0800d45b   Thumb Code     6  fadd.o(.text)
    __aeabi_fmul                             0x0800d461   Thumb Code   100  fmul.o(.text)
    __aeabi_fdiv                             0x0800d4c5   Thumb Code   124  fdiv.o(.text)
    __aeabi_dadd                             0x0800d541   Thumb Code   322  dadd.o(.text)
    __aeabi_dsub                             0x0800d683   Thumb Code     6  dadd.o(.text)
    __aeabi_drsub                            0x0800d689   Thumb Code     6  dadd.o(.text)
    __aeabi_dmul                             0x0800d68f   Thumb Code   228  dmul.o(.text)
    __aeabi_ddiv                             0x0800d773   Thumb Code   222  ddiv.o(.text)
    __aeabi_i2f                              0x0800d851   Thumb Code    18  fflti.o(.text)
    __aeabi_ui2f                             0x0800d863   Thumb Code    10  ffltui.o(.text)
    __aeabi_i2d                              0x0800d86d   Thumb Code    34  dflti.o(.text)
    __aeabi_ui2d                             0x0800d88f   Thumb Code    26  dfltui.o(.text)
    __aeabi_f2iz                             0x0800d8a9   Thumb Code    50  ffixi.o(.text)
    __aeabi_f2uiz                            0x0800d8db   Thumb Code    40  ffixui.o(.text)
    __aeabi_d2iz                             0x0800d903   Thumb Code    62  dfixi.o(.text)
    __aeabi_f2d                              0x0800d941   Thumb Code    38  f2d.o(.text)
    __aeabi_cdcmpeq                          0x0800d969   Thumb Code     0  cdcmple.o(.text)
    __aeabi_cdcmple                          0x0800d969   Thumb Code    48  cdcmple.o(.text)
    __aeabi_cdrcmple                         0x0800d999   Thumb Code    48  cdrcmple.o(.text)
    __aeabi_d2f                              0x0800d9c9   Thumb Code    56  d2f.o(.text)
    __aeabi_cfcmpeq                          0x0800da01   Thumb Code     0  cfcmple.o(.text)
    __aeabi_cfcmple                          0x0800da01   Thumb Code    20  cfcmple.o(.text)
    __aeabi_cfrcmple                         0x0800da15   Thumb Code    20  cfrcmple.o(.text)
    __aeabi_uidiv                            0x0800da29   Thumb Code     0  uidiv.o(.text)
    __aeabi_uidivmod                         0x0800da29   Thumb Code    44  uidiv.o(.text)
    __aeabi_uldivmod                         0x0800da55   Thumb Code    98  uldiv.o(.text)
    __aeabi_llsl                             0x0800dab7   Thumb Code    30  llshl.o(.text)
    _ll_shift_l                              0x0800dab7   Thumb Code     0  llshl.o(.text)
    __aeabi_llsr                             0x0800dad5   Thumb Code    32  llushr.o(.text)
    _ll_ushift_r                             0x0800dad5   Thumb Code     0  llushr.o(.text)
    __aeabi_lasr                             0x0800daf5   Thumb Code    36  llsshr.o(.text)
    _ll_sshift_r                             0x0800daf5   Thumb Code     0  llsshr.o(.text)
    __I$use$fp                               0x0800db19   Thumb Code     0  iusefp.o(.text)
    _float_round                             0x0800db19   Thumb Code    18  fepilogue.o(.text)
    _float_epilogue                          0x0800db2b   Thumb Code    92  fepilogue.o(.text)
    _double_round                            0x0800db87   Thumb Code    30  depilogue.o(.text)
    _double_epilogue                         0x0800dba5   Thumb Code   156  depilogue.o(.text)
    __ARM_scalbn                             0x0800dc41   Thumb Code    46  dscalb.o(.text)
    scalbn                                   0x0800dc41   Thumb Code     0  dscalb.o(.text)
    __scatterload                            0x0800dc71   Thumb Code    28  init.o(.text)
    __scatterload_rt2                        0x0800dc71   Thumb Code     0  init.o(.text)
    _dsqrt                                   0x0800dc95   Thumb Code   162  dsqrt.o(.text)
    __decompress                             0x0800dd37   Thumb Code     0  __dczerorl2.o(.text)
    __decompress1                            0x0800dd37   Thumb Code    86  __dczerorl2.o(.text)
    __0printf$1                              0x0800dd8d   Thumb Code    22  printf1.o(i.__0printf$1)
    __1printf$1                              0x0800dd8d   Thumb Code     0  printf1.o(i.__0printf$1)
    __2printf                                0x0800dd8d   Thumb Code     0  printf1.o(i.__0printf$1)
    __ARM_fpclassify                         0x0800ddad   Thumb Code    40  fpclassify.o(i.__ARM_fpclassify)
    __ieee754_rem_pio2                       0x0800ddd5   Thumb Code   828  rred.o(i.__ieee754_rem_pio2)
    __kernel_cos                             0x0800e15d   Thumb Code   230  cos_i.o(i.__kernel_cos)
    __kernel_poly                            0x0800e259   Thumb Code   170  poly.o(i.__kernel_poly)
    __kernel_sin                             0x0800e305   Thumb Code   224  sin_i.o(i.__kernel_sin)
    __kernel_tan                             0x0800e3f1   Thumb Code   586  tan_i.o(i.__kernel_tan)
    __mathlib_dbl_divzero                    0x0800e66d   Thumb Code    12  dunder.o(i.__mathlib_dbl_divzero)
    __mathlib_dbl_infnan                     0x0800e67d   Thumb Code     6  dunder.o(i.__mathlib_dbl_infnan)
    __mathlib_dbl_infnan2                    0x0800e683   Thumb Code     4  dunder.o(i.__mathlib_dbl_infnan2)
    __mathlib_dbl_invalid                    0x0800e687   Thumb Code    12  dunder.o(i.__mathlib_dbl_invalid)
    __mathlib_dbl_overflow                   0x0800e693   Thumb Code    14  dunder.o(i.__mathlib_dbl_overflow)
    __mathlib_dbl_underflow                  0x0800e6a1   Thumb Code    10  dunder.o(i.__mathlib_dbl_underflow)
    __scatterload_copy                       0x0800e6b1   Thumb Code    14  handlers.o(i.__scatterload_copy)
    __scatterload_null                       0x0800e6bf   Thumb Code     2  handlers.o(i.__scatterload_null)
    __scatterload_zeroinit                   0x0800e6c1   Thumb Code    14  handlers.o(i.__scatterload_zeroinit)
    __set_errno                              0x0800e6d1   Thumb Code     6  errno.o(i.__set_errno)
    asin                                     0x0800e831   Thumb Code   572  asin.o(i.asin)
    atan                                     0x0800eaa1   Thumb Code   474  atan.o(i.atan)
    atan2                                    0x0800ecc1   Thumb Code   374  atan2.o(i.atan2)
    cos                                      0x0800ee5d   Thumb Code   148  cos.o(i.cos)
    pow                                      0x0800eef9   Thumb Code  2512  pow.o(i.pow)
    sin                                      0x0800f8d1   Thumb Code   150  sin.o(i.sin)
    sqrt                                     0x0800f971   Thumb Code    76  sqrt.o(i.sqrt)
    tan                                      0x0800f9bd   Thumb Code    90  tan.o(i.tan)
    hw                                       0x08011a4c   Data          12  inv_mpu.o(.constdata)
    reg                                      0x08011a58   Data          27  inv_mpu.o(.constdata)
    test                                     0x08011a74   Data          40  inv_mpu.o(.constdata)
    __mathlib_zero                           0x08013298   Data           8  qnan.o(.constdata)
    Region$$Table$$Base                      0x08013440   Number         0  anon$$obj.o(Region$$Table)
    Region$$Table$$Limit                     0x08013460   Number         0  anon$$obj.o(Region$$Table)
    SystemCoreClock                          0x20000000   Data           4  system_stm32f10x.o(.data)
    AHBPrescTable                            0x20000004   Data          16  system_stm32f10x.o(.data)
    delay_50                                 0x20000028   Data           1  main.o(.data)
    delay_flag                               0x20000029   Data           1  main.o(.data)
    Voltage                                  0x2000002a   Data           2  main.o(.data)
    Flag_Stop                                0x2000002c   Data           1  main.o(.data)
    PS2_ON_Flag                              0x2000002d   Data           1  main.o(.data)
    APP_ON_Flag                              0x2000002e   Data           1  main.o(.data)
    ROS_ON_Flag                              0x2000002f   Data           1  main.o(.data)
    Remote_ON_Flag                           0x20000030   Data           1  main.o(.data)
    Car_Num                                  0x20000031   Data           1  main.o(.data)
    Flag_Show                                0x20000032   Data           1  main.o(.data)
    Perimeter                                0x20000034   Data           4  main.o(.data)
    Wheelspacing                             0x20000038   Data           4  main.o(.data)
    DISTANCE                                 0x2000003c   Data           2  main.o(.data)
    ANGLE                                    0x2000003e   Data           2  main.o(.data)
    one_lap_data_success_flag                0x20000040   Data           1  main.o(.data)
    Lidar_Success_Receive_flag               0x20000041   Data           1  main.o(.data)
    lap_count                                0x20000044   Data           4  main.o(.data)
    PointDataProcess_count                   0x20000048   Data           4  main.o(.data)
    test_once_flag                           0x2000004c   Data           4  main.o(.data)
    Dividing_point                           0x20000050   Data           4  main.o(.data)
    Avoid_Flag                               0x20000054   Data           4  main.o(.data)
    ADC_ConvertedValue                       0x20000068   Data           2  bsp_adc.o(.data)
    Handkey                                  0x2000006c   Data           2  pstwo.o(.data)
    Comd                                     0x2000006e   Data           2  pstwo.o(.data)
    MASK                                     0x20000070   Data          32  pstwo.o(.data)
    PS2_LX                                   0x20000090   Data           4  pstwo.o(.data)
    PS2_LY                                   0x20000094   Data           4  pstwo.o(.data)
    PS2_RX                                   0x20000098   Data           4  pstwo.o(.data)
    PS2_RY                                   0x2000009c   Data           4  pstwo.o(.data)
    PS2_KEY                                  0x200000a0   Data           4  pstwo.o(.data)
    Time_count                               0x200000a8   Data           4  usartx.o(.data)
    Move_X                                   0x200000b0   Data           4  control.o(.data)
    Move_Z                                   0x200000b4   Data           4  control.o(.data)
    PWM_Left                                 0x200000b8   Data           4  control.o(.data)
    PWM_Right                                0x200000bc   Data           4  control.o(.data)
    RC_Velocity                              0x200000c0   Data           4  control.o(.data)
    RC_Turn_Velocity                         0x200000c4   Data           4  control.o(.data)
    Mode                                     0x200000c8   Data           1  control.o(.data)
    Servo_PWM                                0x200000cc   Data           4  control.o(.data)
    Lidar_Detect                             0x200000d0   Data           1  control.o(.data)
    CCD_Move_X                               0x200000d4   Data           4  control.o(.data)
    ELE_Move_X                               0x200000d8   Data           4  control.o(.data)
    Ros_count                                0x200000dc   Data           1  control.o(.data)
    Lidar_flag_count                         0x200000dd   Data           1  control.o(.data)
    Odometry_X                               0x200000e0   Data           4  control.o(.data)
    Odometry_Y                               0x200000e4   Data           4  control.o(.data)
    Odometry_Theta                           0x200000e8   Data           4  control.o(.data)
    OriginalEncoder                          0x200000ec   Data           8  control.o(.data)
    Accel_Y                                  0x200000f4   Data           2  control.o(.data)
    Accel_Z                                  0x200000f6   Data           2  control.o(.data)
    Accel_X                                  0x200000f8   Data           2  control.o(.data)
    Accel_Angle_x                            0x200000fa   Data           2  control.o(.data)
    Accel_Angle_y                            0x200000fc   Data           2  control.o(.data)
    Gyro_X                                   0x200000fe   Data           2  control.o(.data)
    Gyro_Z                                   0x20000100   Data           2  control.o(.data)
    Gyro_Y                                   0x20000102   Data           2  control.o(.data)
    angle1                                   0x20000104   Data           4  control.o(.data)
    mini_distance1                           0x20000108   Data           2  control.o(.data)
    PID_Send                                 0x20000128   Data           1  bluetooth.o(.data)
    Flag_Direction                           0x20000129   Data           1  bluetooth.o(.data)
    Velocity_KP                              0x20000140   Data           4  pid.o(.data)
    Velocity_KI                              0x20000144   Data           4  pid.o(.data)
    Diff_Along_Distance_KP                   0x20000148   Data           4  pid.o(.data)
    Diff_Along_Distance_KD                   0x2000014c   Data           4  pid.o(.data)
    Diff_Along_Distance_KI                   0x20000150   Data           4  pid.o(.data)
    Akm_Along_Distance_KP                    0x20000154   Data           4  pid.o(.data)
    Akm_Along_Distance_KD                    0x20000158   Data           4  pid.o(.data)
    Akm_Along_Distance_KI                    0x2000015c   Data           4  pid.o(.data)
    STank_Along_Distance_KP                  0x20000160   Data           4  pid.o(.data)
    STank_Along_Distance_KD                  0x20000164   Data           4  pid.o(.data)
    STank_Along_Distance_KI                  0x20000168   Data           4  pid.o(.data)
    BTank_Along_Distance_KP                  0x2000016c   Data           4  pid.o(.data)
    BTank_Along_Distance_KD                  0x20000170   Data           4  pid.o(.data)
    BTank_Along_Distance_KI                  0x20000174   Data           4  pid.o(.data)
    Follow_KP_BTank                          0x20000178   Data           4  pid.o(.data)
    Follow_KD_BTank                          0x2000017c   Data           4  pid.o(.data)
    Follow_KI_BTank                          0x20000180   Data           4  pid.o(.data)
    Follow_KP_Akm                            0x20000184   Data           4  pid.o(.data)
    Follow_KD_Akm                            0x20000188   Data           4  pid.o(.data)
    Follow_KI_Akm                            0x2000018c   Data           4  pid.o(.data)
    Follow_KP_STank                          0x20000190   Data           4  pid.o(.data)
    Follow_KD_STank                          0x20000194   Data           4  pid.o(.data)
    Follow_KI_STank                          0x20000198   Data           4  pid.o(.data)
    Follow_KP_Diff                           0x2000019c   Data           4  pid.o(.data)
    Follow_KD_Diff                           0x200001a0   Data           4  pid.o(.data)
    Follow_KI_Diff                           0x200001a4   Data           4  pid.o(.data)
    Distance_KP                              0x200001a8   Data           4  pid.o(.data)
    Distance_KD                              0x200001ac   Data           4  pid.o(.data)
    Distance_KI                              0x200001b0   Data           4  pid.o(.data)
    ELE_KP_Diff                              0x200001b4   Data           4  pid.o(.data)
    ELE_KD_Diff                              0x200001b8   Data           4  pid.o(.data)
    ELE_KI_Diff                              0x200001bc   Data           4  pid.o(.data)
    ELE_K_Diff                               0x200001c0   Data           4  pid.o(.data)
    ELE_KP_Akm                               0x200001c4   Data           4  pid.o(.data)
    ELE_KD_Akm                               0x200001c8   Data           4  pid.o(.data)
    ELE_KI_Akm                               0x200001cc   Data           4  pid.o(.data)
    ELE_K_Akm                                0x200001d0   Data           4  pid.o(.data)
    ELE_KP_STank                             0x200001d4   Data           4  pid.o(.data)
    ELE_KD_STank                             0x200001d8   Data           4  pid.o(.data)
    ELE_KI_STank                             0x200001dc   Data           4  pid.o(.data)
    ELE_K_STank                              0x200001e0   Data           4  pid.o(.data)
    ELE_KP_BTank                             0x200001e4   Data           4  pid.o(.data)
    ELE_KD_BTank                             0x200001e8   Data           4  pid.o(.data)
    ELE_KI_BTank                             0x200001ec   Data           4  pid.o(.data)
    ELE_K_BTank                              0x200001f0   Data           4  pid.o(.data)
    CCD_KP_Akm                               0x200001f4   Data           4  pid.o(.data)
    CCD_KD_Akm                               0x200001f8   Data           4  pid.o(.data)
    CCD_KI_Akm                               0x200001fc   Data           4  pid.o(.data)
    CCD_KP_Diff                              0x20000200   Data           4  pid.o(.data)
    CCD_KD_Diff                              0x20000204   Data           4  pid.o(.data)
    CCD_KI_Diff                              0x20000208   Data           4  pid.o(.data)
    CCD_KP_STank                             0x2000020c   Data           4  pid.o(.data)
    CCD_KD_STank                             0x20000210   Data           4  pid.o(.data)
    CCD_KI_STank                             0x20000214   Data           4  pid.o(.data)
    CCD_KP_BTank                             0x20000218   Data           4  pid.o(.data)
    CCD_KD_BTank                             0x2000021c   Data           4  pid.o(.data)
    CCD_KI_BTank                             0x20000220   Data           4  pid.o(.data)
    Remoter_Ch1                              0x20000290   Data           4  capture.o(.data)
    Remoter_Ch2                              0x20000294   Data           4  capture.o(.data)
    Remoter_Ch3                              0x20000298   Data           4  capture.o(.data)
    L_Remoter_Ch1                            0x2000029c   Data           4  capture.o(.data)
    L_Remoter_Ch2                            0x200002a0   Data           4  capture.o(.data)
    L_Remoter_Ch3                            0x200002a4   Data           4  capture.o(.data)
    Distance1                                0x200002a8   Data           2  capture.o(.data)
    Distance2                                0x200002aa   Data           2  capture.o(.data)
    Distance3                                0x200002ac   Data           2  capture.o(.data)
    Distance4                                0x200002ae   Data           2  capture.o(.data)
    Sensor_Left                              0x200002b8   Data           4  ele_ccd.o(.data)
    Sensor_Middle                            0x200002bc   Data           4  ele_ccd.o(.data)
    Sensor_Right                             0x200002c0   Data           4  ele_ccd.o(.data)
    Sensor                                   0x200002c4   Data           4  ele_ccd.o(.data)
    CCD_Median                               0x200002c8   Data           1  ele_ccd.o(.data)
    CCD_Threshold                            0x200002c9   Data           1  ele_ccd.o(.data)
    gyro                                     0x20000300   Data           6  mpu6050.o(.data)
    accel                                    0x20000306   Data           6  mpu6050.o(.data)
    sensors                                  0x2000030c   Data           2  mpu6050.o(.data)
    Roll                                     0x20000310   Data           4  mpu6050.o(.data)
    Pitch                                    0x20000314   Data           4  mpu6050.o(.data)
    Yaw                                      0x20000318   Data           4  mpu6050.o(.data)
    q0                                       0x2000031c   Data           4  mpu6050.o(.data)
    q1                                       0x20000320   Data           4  mpu6050.o(.data)
    q2                                       0x20000324   Data           4  mpu6050.o(.data)
    q3                                       0x20000328   Data           4  mpu6050.o(.data)
    Gx_offset                                0x20000336   Data           2  mpu6050.o(.data)
    Gy_offset                                0x20000338   Data           2  mpu6050.o(.data)
    Gz_offset                                0x2000033a   Data           2  mpu6050.o(.data)
    dt                                       0x2000033c   Data           4  filter.o(.data)
    __stdout                                 0x200003c0   Data           4  stdout.o(.data)
    OLED_GRAM                                0x200003c8   Data        1024  bsp_oled.o(.bss)
    Data                                     0x200007c8   Data           9  pstwo.o(.bss)
    DataScope_OutPut_Buffer                  0x200007d1   Data          42  datascope_dp.o(.bss)
    Send_Data                                0x200007fc   Data          72  usartx.o(.bss)
    Receive_Data                             0x20000844   Data          32  usartx.o(.bss)
    MotorA                                   0x20000864   Data          16  control.o(.bss)
    MotorB                                   0x20000874   Data          16  control.o(.bss)
    PointDataProcess                         0x20000906   Data        2520  lidar.o(.bss)
    Dataprocess                              0x200012de   Data        2400  lidar.o(.bss)
    TempData                                 0x20001c3e   Data          72  lidar.o(.bss)
    Pack_Data                                0x20001c86   Data          47  lidar.o(.bss)
    Distance_TIM2_CH2_ICUserValueStructure   0x20001cb8   Data          12  capture.o(.bss)
    Distance_TIM2_CH3_ICUserValueStructure   0x20001cc4   Data          12  capture.o(.bss)
    Distance_TIM2_CH4_ICUserValueStructure   0x20001cd0   Data          12  capture.o(.bss)
    Distance_TIM1_CH4_ICUserValueStructure   0x20001cdc   Data          12  capture.o(.bss)
    PWM_TIM2_CH4_ICUserValueStructure        0x20001ce8   Data          12  capture.o(.bss)
    PWM_TIM2_CH3_ICUserValueStructure        0x20001cf4   Data          12  capture.o(.bss)
    PWM_TIM1_CH4_ICUserValueStructure        0x20001d00   Data          12  capture.o(.bss)
    PWM_TIM1_CH1_ICUserValueStructure        0x20001d0c   Data          12  capture.o(.bss)
    CCD_ADV                                  0x20001d18   Data         256  ele_ccd.o(.bss)
    buffer                                   0x20001e28   Data          14  mpu6050.o(.bss)
    MPU6050_FIFO                             0x20001e36   Data         132  mpu6050.o(.bss)
    __initial_sp                             0x200022e0   Data           0  startup_stm32f10x_hd.o(STACK)



==============================================================================

Memory Map of the image

  Image Entry point : 0x08000131

  Load Region LR_IROM1 (Base: 0x08000000, Size: 0x00013828, Max: 0x00040000, ABSOLUTE, COMPRESSED[0x000135a4])

    Execution Region ER_IROM1 (Exec base: 0x08000000, Load base: 0x08000000, Size: 0x00013460, Max: 0x00040000, ABSOLUTE)

    Exec Addr    Load Addr    Size         Type   Attr      Idx    E Section Name        Object

    0x08000000   0x08000000   0x00000130   Data   RO            3    RESET               startup_stm32f10x_hd.o
    0x08000130   0x08000130   0x00000000   Code   RO         1141  * .ARM.Collect$$$$00000000  mc_w.l(entry.o)
    0x08000130   0x08000130   0x00000004   Code   RO         1496    .ARM.Collect$$$$00000001  mc_w.l(entry2.o)
    0x08000134   0x08000134   0x00000004   Code   RO         1499    .ARM.Collect$$$$00000004  mc_w.l(entry5.o)
    0x08000138   0x08000138   0x00000000   Code   RO         1501    .ARM.Collect$$$$00000008  mc_w.l(entry7b.o)
    0x08000138   0x08000138   0x00000000   Code   RO         1503    .ARM.Collect$$$$0000000A  mc_w.l(entry8b.o)
    0x08000138   0x08000138   0x00000008   Code   RO         1504    .ARM.Collect$$$$0000000B  mc_w.l(entry9a.o)
    0x08000140   0x08000140   0x00000004   Code   RO         1511    .ARM.Collect$$$$0000000E  mc_w.l(entry12b.o)
    0x08000144   0x08000144   0x00000000   Code   RO         1506    .ARM.Collect$$$$0000000F  mc_w.l(entry10a.o)
    0x08000144   0x08000144   0x00000000   Code   RO         1508    .ARM.Collect$$$$00000011  mc_w.l(entry11a.o)
    0x08000144   0x08000144   0x00000004   Code   RO         1497    .ARM.Collect$$$$00002712  mc_w.l(entry2.o)
    0x08000148   0x08000148   0x00000024   Code   RO            4    .text               startup_stm32f10x_hd.o
    0x0800016c   0x0800016c   0x000001e0   Code   RO           24    .text               system_stm32f10x.o
    0x0800034c   0x0800034c   0x000000dc   Code   RO          121    .text               misc.o
    0x08000428   0x08000428   0x0000044e   Code   RO          137    .text               stm32f10x_adc.o
    0x08000876   0x08000876   0x00000002   PAD
    0x08000878   0x08000878   0x0000011c   Code   RO          233    .text               stm32f10x_exti.o
    0x08000994   0x08000994   0x0000035c   Code   RO          269    .text               stm32f10x_gpio.o
    0x08000cf0   0x08000cf0   0x000003a4   Code   RO          317    .text               stm32f10x_rcc.o
    0x08001094   0x08001094   0x00000e1a   Code   RO          367    .text               stm32f10x_tim.o
    0x08001eae   0x08001eae   0x00000002   PAD
    0x08001eb0   0x08001eb0   0x00000408   Code   RO          379    .text               stm32f10x_usart.o
    0x080022b8   0x080022b8   0x0000010c   Code   RO          403    .text               main.o
    0x080023c4   0x080023c4   0x00000020   Code   RO          532    .text               stm32f10x_it.o
    0x080023e4   0x080023e4   0x000000a8   Code   RO          547    .text               bsp_beep.o
    0x0800248c   0x0800248c   0x000002a4   Code   RO          606    .text               bsp_key.o
    0x08002730   0x08002730   0x00000078   Code   RO          624    .text               bsp_led.o
    0x080027a8   0x080027a8   0x00000138   Code   RO          639    .text               bsp_systick.o
    0x080028e0   0x080028e0   0x00000250   Code   RO          657    .text               bsp_usart.o
    0x08002b30   0x08002b30   0x000001e8   Code   RO          671    .text               bsp_generaltim.o
    0x08002d18   0x08002d18   0x00000130   Code   RO          685    .text               bsp_motor.o
    0x08002e48   0x08002e48   0x0000023c   Code   RO          699    .text               bsp_adc.o
    0x08003084   0x08003084   0x000004ac   Code   RO          717    .text               bsp_oled.o
    0x08003530   0x08003530   0x000001d8   Code   RO          736    .text               encoder.o
    0x08003708   0x08003708   0x00000510   Code   RO          748    .text               pstwo.o
    0x08003c18   0x08003c18   0x00000154   Code   RO          768    .text               datascope_dp.o
    0x08003d6c   0x08003d6c   0x0000082c   Code   RO          786    .text               usartx.o
    0x08004598   0x08004598   0x000018dc   Code   RO          806    .text               control.o
    0x08005e74   0x08005e74   0x00001138   Code   RO          850    .text               show.o
    0x08006fac   0x08006fac   0x000003f0   Code   RO          876    .text               bluetooth.o
    0x0800739c   0x0800739c   0x00000aa0   Code   RO          900    .text               pid.o
    0x08007e3c   0x08007e3c   0x00000694   Code   RO          920    .text               lidar.o
    0x080084d0   0x080084d0   0x000007e8   Code   RO          940    .text               capture.o
    0x08008cb8   0x08008cb8   0x00000654   Code   RO          960    .text               ele_ccd.o
    0x0800930c   0x0800930c   0x00001e90   Code   RO          980    .text               inv_mpu.o
    0x0800b19c   0x0800b19c   0x00000d70   Code   RO         1013    .text               inv_mpu_dmp_motion_driver.o
    0x0800bf0c   0x0800bf0c   0x00000526   Code   RO         1028    .text               ioi2c.o
    0x0800c432   0x0800c432   0x00000002   PAD
    0x0800c434   0x0800c434   0x00000930   Code   RO         1042    .text               mpu6050.o
    0x0800cd64   0x0800cd64   0x000005ac   Code   RO         1063    .text               filter.o
    0x0800d310   0x0800d310   0x00000062   Code   RO         1144    .text               mc_w.l(ldiv.o)
    0x0800d372   0x0800d372   0x00000024   Code   RO         1146    .text               mc_w.l(memseta.o)
    0x0800d396   0x0800d396   0x0000001a   Code   RO         1148    .text               mc_w.l(memcmp.o)
    0x0800d3b0   0x0800d3b0   0x000000b0   Code   RO         1411    .text               mf_w.l(fadd.o)
    0x0800d460   0x0800d460   0x00000064   Code   RO         1413    .text               mf_w.l(fmul.o)
    0x0800d4c4   0x0800d4c4   0x0000007c   Code   RO         1415    .text               mf_w.l(fdiv.o)
    0x0800d540   0x0800d540   0x0000014e   Code   RO         1417    .text               mf_w.l(dadd.o)
    0x0800d68e   0x0800d68e   0x000000e4   Code   RO         1419    .text               mf_w.l(dmul.o)
    0x0800d772   0x0800d772   0x000000de   Code   RO         1421    .text               mf_w.l(ddiv.o)
    0x0800d850   0x0800d850   0x00000012   Code   RO         1423    .text               mf_w.l(fflti.o)
    0x0800d862   0x0800d862   0x0000000a   Code   RO         1425    .text               mf_w.l(ffltui.o)
    0x0800d86c   0x0800d86c   0x00000022   Code   RO         1427    .text               mf_w.l(dflti.o)
    0x0800d88e   0x0800d88e   0x0000001a   Code   RO         1429    .text               mf_w.l(dfltui.o)
    0x0800d8a8   0x0800d8a8   0x00000032   Code   RO         1431    .text               mf_w.l(ffixi.o)
    0x0800d8da   0x0800d8da   0x00000028   Code   RO         1433    .text               mf_w.l(ffixui.o)
    0x0800d902   0x0800d902   0x0000003e   Code   RO         1435    .text               mf_w.l(dfixi.o)
    0x0800d940   0x0800d940   0x00000026   Code   RO         1437    .text               mf_w.l(f2d.o)
    0x0800d966   0x0800d966   0x00000002   PAD
    0x0800d968   0x0800d968   0x00000030   Code   RO         1439    .text               mf_w.l(cdcmple.o)
    0x0800d998   0x0800d998   0x00000030   Code   RO         1441    .text               mf_w.l(cdrcmple.o)
    0x0800d9c8   0x0800d9c8   0x00000038   Code   RO         1443    .text               mf_w.l(d2f.o)
    0x0800da00   0x0800da00   0x00000014   Code   RO         1445    .text               mf_w.l(cfcmple.o)
    0x0800da14   0x0800da14   0x00000014   Code   RO         1447    .text               mf_w.l(cfrcmple.o)
    0x0800da28   0x0800da28   0x0000002c   Code   RO         1513    .text               mc_w.l(uidiv.o)
    0x0800da54   0x0800da54   0x00000062   Code   RO         1515    .text               mc_w.l(uldiv.o)
    0x0800dab6   0x0800dab6   0x0000001e   Code   RO         1517    .text               mc_w.l(llshl.o)
    0x0800dad4   0x0800dad4   0x00000020   Code   RO         1519    .text               mc_w.l(llushr.o)
    0x0800daf4   0x0800daf4   0x00000024   Code   RO         1521    .text               mc_w.l(llsshr.o)
    0x0800db18   0x0800db18   0x00000000   Code   RO         1530    .text               mc_w.l(iusefp.o)
    0x0800db18   0x0800db18   0x0000006e   Code   RO         1531    .text               mf_w.l(fepilogue.o)
    0x0800db86   0x0800db86   0x000000ba   Code   RO         1533    .text               mf_w.l(depilogue.o)
    0x0800dc40   0x0800dc40   0x0000002e   Code   RO         1535    .text               mf_w.l(dscalb.o)
    0x0800dc6e   0x0800dc6e   0x00000002   PAD
    0x0800dc70   0x0800dc70   0x00000024   Code   RO         1539    .text               mc_w.l(init.o)
    0x0800dc94   0x0800dc94   0x000000a2   Code   RO         1541    .text               mf_w.l(dsqrt.o)
    0x0800dd36   0x0800dd36   0x00000056   Code   RO         1551    .text               mc_w.l(__dczerorl2.o)
    0x0800dd8c   0x0800dd8c   0x00000020   Code   RO         1195    i.__0printf$1       mc_w.l(printf1.o)
    0x0800ddac   0x0800ddac   0x00000028   Code   RO         1466    i.__ARM_fpclassify  m_ws.l(fpclassify.o)
    0x0800ddd4   0x0800ddd4   0x00000388   Code   RO         1471    i.__ieee754_rem_pio2  m_ws.l(rred.o)
    0x0800e15c   0x0800e15c   0x000000fc   Code   RO         1449    i.__kernel_cos      m_ws.l(cos_i.o)
    0x0800e258   0x0800e258   0x000000aa   Code   RO         1468    i.__kernel_poly     m_ws.l(poly.o)
    0x0800e302   0x0800e302   0x00000002   PAD
    0x0800e304   0x0800e304   0x000000ec   Code   RO         1476    i.__kernel_sin      m_ws.l(sin_i.o)
    0x0800e3f0   0x0800e3f0   0x0000027c   Code   RO         1490    i.__kernel_tan      m_ws.l(tan_i.o)
    0x0800e66c   0x0800e66c   0x00000010   Code   RO         1452    i.__mathlib_dbl_divzero  m_ws.l(dunder.o)
    0x0800e67c   0x0800e67c   0x00000006   Code   RO         1453    i.__mathlib_dbl_infnan  m_ws.l(dunder.o)
    0x0800e682   0x0800e682   0x00000004   Code   RO         1454    i.__mathlib_dbl_infnan2  m_ws.l(dunder.o)
    0x0800e686   0x0800e686   0x0000000c   Code   RO         1455    i.__mathlib_dbl_invalid  m_ws.l(dunder.o)
    0x0800e692   0x0800e692   0x0000000e   Code   RO         1456    i.__mathlib_dbl_overflow  m_ws.l(dunder.o)
    0x0800e6a0   0x0800e6a0   0x00000010   Code   RO         1458    i.__mathlib_dbl_underflow  m_ws.l(dunder.o)
    0x0800e6b0   0x0800e6b0   0x0000000e   Code   RO         1545    i.__scatterload_copy  mc_w.l(handlers.o)
    0x0800e6be   0x0800e6be   0x00000002   Code   RO         1546    i.__scatterload_null  mc_w.l(handlers.o)
    0x0800e6c0   0x0800e6c0   0x0000000e   Code   RO         1547    i.__scatterload_zeroinit  mc_w.l(handlers.o)
    0x0800e6ce   0x0800e6ce   0x00000002   PAD
    0x0800e6d0   0x0800e6d0   0x0000000c   Code   RO         1525    i.__set_errno       mc_w.l(errno.o)
    0x0800e6dc   0x0800e6dc   0x00000154   Code   RO         1202    i._printf_core      mc_w.l(printf1.o)
    0x0800e830   0x0800e830   0x00000270   Code   RO         1080    i.asin              m_ws.l(asin.o)
    0x0800eaa0   0x0800eaa0   0x00000220   Code   RO         1090    i.atan              m_ws.l(atan.o)
    0x0800ecc0   0x0800ecc0   0x0000019c   Code   RO         1100    i.atan2             m_ws.l(atan2.o)
    0x0800ee5c   0x0800ee5c   0x0000009c   Code   RO         1108    i.cos               m_ws.l(cos.o)
    0x0800eef8   0x0800eef8   0x000009d8   Code   RO         1116    i.pow               m_ws.l(pow.o)
    0x0800f8d0   0x0800f8d0   0x000000a0   Code   RO         1126    i.sin               m_ws.l(sin.o)
    0x0800f970   0x0800f970   0x0000004c   Code   RO         1483    i.sqrt              m_ws.l(sqrt.o)
    0x0800f9bc   0x0800f9bc   0x00000064   Code   RO         1134    i.tan               m_ws.l(tan.o)
    0x0800fa20   0x0800fa20   0x00000a64   Data   RO          719    .constdata          bsp_oled.o
    0x08010484   0x08010484   0x00000b64   Data   RO          922    .constdata          lidar.o
    0x08010fe8   0x08010fe8   0x00000ab4   Data   RO          981    .constdata          inv_mpu.o
    0x08011a9c   0x08011a9c   0x0000165a   Data   RO         1015    .constdata          inv_mpu_dmp_motion_driver.o
    0x080130f6   0x080130f6   0x00000002   PAD
    0x080130f8   0x080130f8   0x00000050   Data   RO         1081    .constdata          m_ws.l(asin.o)
    0x08013148   0x08013148   0x00000098   Data   RO         1091    .constdata          m_ws.l(atan.o)
    0x080131e0   0x080131e0   0x00000088   Data   RO         1117    .constdata          m_ws.l(pow.o)
    0x08013268   0x08013268   0x00000030   Data   RO         1450    .constdata          m_ws.l(cos_i.o)
    0x08013298   0x08013298   0x00000008   Data   RO         1470    .constdata          m_ws.l(qnan.o)
    0x080132a0   0x080132a0   0x000000c8   Data   RO         1473    .constdata          m_ws.l(rred.o)
    0x08013368   0x08013368   0x00000028   Data   RO         1477    .constdata          m_ws.l(sin_i.o)
    0x08013390   0x08013390   0x00000060   Data   RO         1491    .constdata          m_ws.l(tan_i.o)
    0x080133f0   0x080133f0   0x0000004e   Data   RO          982    .conststring        inv_mpu.o
    0x0801343e   0x0801343e   0x00000002   PAD
    0x08013440   0x08013440   0x00000020   Data   RO         1543    Region$$Table       anon$$obj.o


    Execution Region RW_IRAM1 (Exec base: 0x20000000, Load base: 0x08013460, Size: 0x000022e0, Max: 0x0000c000, ABSOLUTE, COMPRESSED[0x00000144])

    Exec Addr    Load Addr    Size         Type   Attr      Idx    E Section Name        Object

    0x20000000   COMPRESSED   0x00000014   Data   RW           25    .data               system_stm32f10x.o
    0x20000014   COMPRESSED   0x00000014   Data   RW          318    .data               stm32f10x_rcc.o
    0x20000028   COMPRESSED   0x00000030   Data   RW          405    .data               main.o
    0x20000058   COMPRESSED   0x00000004   Data   RW          549    .data               bsp_beep.o
    0x2000005c   COMPRESSED   0x00000003   Data   RW          608    .data               bsp_key.o
    0x2000005f   COMPRESSED   0x00000001   PAD
    0x20000060   COMPRESSED   0x00000004   Data   RW          626    .data               bsp_led.o
    0x20000064   COMPRESSED   0x00000004   Data   RW          640    .data               bsp_systick.o
    0x20000068   COMPRESSED   0x00000002   Data   RW          700    .data               bsp_adc.o
    0x2000006a   COMPRESSED   0x00000002   PAD
    0x2000006c   COMPRESSED   0x0000003c   Data   RW          751    .data               pstwo.o
    0x200000a8   COMPRESSED   0x00000005   Data   RW          789    .data               usartx.o
    0x200000ad   COMPRESSED   0x00000003   PAD
    0x200000b0   COMPRESSED   0x00000075   Data   RW          809    .data               control.o
    0x20000125   COMPRESSED   0x00000001   Data   RW          852    .data               show.o
    0x20000126   COMPRESSED   0x00000002   PAD
    0x20000128   COMPRESSED   0x00000018   Data   RW          879    .data               bluetooth.o
    0x20000140   COMPRESSED   0x0000014c   Data   RW          902    .data               pid.o
    0x2000028c   COMPRESSED   0x00000003   Data   RW          923    .data               lidar.o
    0x2000028f   COMPRESSED   0x00000001   PAD
    0x20000290   COMPRESSED   0x00000025   Data   RW          943    .data               capture.o
    0x200002b5   COMPRESSED   0x00000003   PAD
    0x200002b8   COMPRESSED   0x0000001c   Data   RW          963    .data               ele_ccd.o
    0x200002d4   COMPRESSED   0x0000002c   Data   RW          983    .data               inv_mpu.o
    0x20000300   COMPRESSED   0x0000003c   Data   RW         1045    .data               mpu6050.o
    0x2000033c   COMPRESSED   0x00000084   Data   RW         1065    .data               filter.o
    0x200003c0   COMPRESSED   0x00000004   Data   RW         1512    .data               mc_w.l(stdout.o)
    0x200003c4   COMPRESSED   0x00000004   Data   RW         1526    .data               mc_w.l(errno.o)
    0x200003c8        -       0x00000400   Zero   RW          718    .bss                bsp_oled.o
    0x200007c8        -       0x00000009   Zero   RW          749    .bss                pstwo.o
    0x200007d1        -       0x0000002a   Zero   RW          769    .bss                datascope_dp.o
    0x200007fb   COMPRESSED   0x00000001   PAD
    0x200007fc        -       0x00000068   Zero   RW          787    .bss                usartx.o
    0x20000864        -       0x00000070   Zero   RW          807    .bss                control.o
    0x200008d4        -       0x00000032   Zero   RW          877    .bss                bluetooth.o
    0x20000906        -       0x000013af   Zero   RW          921    .bss                lidar.o
    0x20001cb5   COMPRESSED   0x00000003   PAD
    0x20001cb8        -       0x00000060   Zero   RW          941    .bss                capture.o
    0x20001d18        -       0x00000100   Zero   RW          961    .bss                ele_ccd.o
    0x20001e18        -       0x00000010   Zero   RW         1014    .bss                inv_mpu_dmp_motion_driver.o
    0x20001e28        -       0x00000092   Zero   RW         1043    .bss                mpu6050.o
    0x20001eba   COMPRESSED   0x00000002   PAD
    0x20001ebc        -       0x00000020   Zero   RW         1064    .bss                filter.o
    0x20001edc   COMPRESSED   0x00000004   PAD
    0x20001ee0        -       0x00000400   Zero   RW            1    STACK               startup_stm32f10x_hd.o


==============================================================================

Image component sizes


      Code (inc. data)   RO Data    RW Data    ZI Data      Debug   Object Name

      1008        148          0         24         50      17069   bluetooth.o
       572         28          0          2          0       2922   bsp_adc.o
       168         16          0          4          0       1449   bsp_beep.o
       488         18          0          0          0       1682   bsp_generaltim.o
       676         60          0          3          0       1952   bsp_key.o
       120          8          0          4          0        848   bsp_led.o
       304         20          0          0          0       1344   bsp_motor.o
      1196         40       2660          0       1024       4880   bsp_oled.o
       312         26          0          4          0      17695   bsp_systick.o
       592         32          0          0          0       1921   bsp_usart.o
      2024        152          0         37         96       8515   capture.o
      6364        766          0        117        112      11135   control.o
         0          0          0          0          0       4596   core_cm3.o
       340         30          0          0         42       2338   datascope_dp.o
      1620        140          0         28        256       4104   ele_ccd.o
       472         22          0          0          0       1855   encoder.o
      1452        170          0        132         32       2709   filter.o
      7824        174       2818         44          0      22087   inv_mpu.o
      3440        126       5722          0         16      15655   inv_mpu_dmp_motion_driver.o
      1318         12          0          0          0       5962   ioi2c.o
      1684        122       2916          3       5039       3714   lidar.o
       268         30          0         48          0       4133   main.o
       220         22          0          0          0       1997   misc.o
      2352        410          0         60        146       6722   mpu6050.o
      2720        418          0        332          0       6147   pid.o
      1296         98          0         60          9       4592   pstwo.o
      4408        742          0          1          0       3530   show.o
        36          8        304          0       1024        932   startup_stm32f10x_hd.o
      1102         26          0          0          0      11237   stm32f10x_adc.o
       284         10          0          0          0       2455   stm32f10x_exti.o
       860         38          0          0          0       5929   stm32f10x_gpio.o
        32          0          0          0          0       1382   stm32f10x_it.o
       932         36          0         20          0       9204   stm32f10x_rcc.o
      3610         88          0          0          0      23040   stm32f10x_tim.o
      1032         22          0          0          0       8656   stm32f10x_usart.o
       480         38          0         20          0     262591   system_stm32f10x.o
      2092        230          0          5        104       5372   usartx.o

    ----------------------------------------------------------------------
     53704       4326      14456        960       7960     492351   Object Totals
         0          0         32          0          0          0   (incl. Generated)
         6          0          4         12         10          0   (incl. Padding)

    ----------------------------------------------------------------------

      Code (inc. data)   RO Data    RW Data    ZI Data      Debug   Library Member Name

       624         52         80          0          0        168   asin.o
       544         70        152          0          0        124   atan.o
       412         38          0          0          0        144   atan2.o
       156          8          0          0          0        104   cos.o
       252         22         48          0          0        124   cos_i.o
        68         10          0          0          0        408   dunder.o
        40          0          0          0          0         68   fpclassify.o
       170          0          0          0          0         96   poly.o
      2520        190        136          0          0        324   pow.o
         0          0          8          0          0          0   qnan.o
       904         76        200          0          0        140   rred.o
       160         10          0          0          0        108   sin.o
       236         12         40          0          0        128   sin_i.o
        76          0          0          0          0         84   sqrt.o
       100         10          0          0          0         96   tan.o
       636         50         96          0          0        168   tan_i.o
        86          0          0          0          0          0   __dczerorl2.o
         0          0          0          0          0          0   entry.o
         0          0          0          0          0          0   entry10a.o
         0          0          0          0          0          0   entry11a.o
         4          0          0          0          0          0   entry12b.o
         8          4          0          0          0          0   entry2.o
         4          0          0          0          0          0   entry5.o
         0          0          0          0          0          0   entry7b.o
         0          0          0          0          0          0   entry8b.o
         8          4          0          0          0          0   entry9a.o
        12          6          0          4          0         68   errno.o
        30          0          0          0          0          0   handlers.o
        36          8          0          0          0         68   init.o
         0          0          0          0          0          0   iusefp.o
        98          0          0          0          0         84   ldiv.o
        30          0          0          0          0         68   llshl.o
        36          0          0          0          0         68   llsshr.o
        32          0          0          0          0         68   llushr.o
        26          0          0          0          0         80   memcmp.o
        36          0          0          0          0        108   memseta.o
       372         14          0          0          0        184   printf1.o
         0          0          0          4          0          0   stdout.o
        44          0          0          0          0         80   uidiv.o
        98          0          0          0          0         92   uldiv.o
        48          0          0          0          0         68   cdcmple.o
        48          0          0          0          0         68   cdrcmple.o
        20          0          0          0          0         68   cfcmple.o
        20          0          0          0          0         68   cfrcmple.o
        56          0          0          0          0         88   d2f.o
       334          0          0          0          0        148   dadd.o
       222          0          0          0          0        100   ddiv.o
       186          0          0          0          0        176   depilogue.o
        62          0          0          0          0         80   dfixi.o
        34          0          0          0          0         76   dflti.o
        26          0          0          0          0         76   dfltui.o
       228          0          0          0          0         96   dmul.o
        46          0          0          0          0         80   dscalb.o
       162          0          0          0          0        100   dsqrt.o
        38          0          0          0          0         68   f2d.o
       176          0          0          0          0        140   fadd.o
       124          0          0          0          0         88   fdiv.o
       110          0          0          0          0        168   fepilogue.o
        50          0          0          0          0         68   ffixi.o
        40          0          0          0          0         68   ffixui.o
        18          0          0          0          0         68   fflti.o
        10          0          0          0          0         68   ffltui.o
       100          0          0          0          0         76   fmul.o

    ----------------------------------------------------------------------
     10024        584        760          8          0       5356   Library Totals
         8          0          0          0          0          0   (incl. Padding)

    ----------------------------------------------------------------------

      Code (inc. data)   RO Data    RW Data    ZI Data      Debug   Library Name

      6898        548        760          0          0       2284   m_ws.l
       960         36          0          8          0        968   mc_w.l
      2158          0          0          0          0       2104   mf_w.l

    ----------------------------------------------------------------------
     10024        584        760          8          0       5356   Library Totals

    ----------------------------------------------------------------------

==============================================================================


      Code (inc. data)   RO Data    RW Data    ZI Data      Debug   

     63728       4910      15216        968       7960     492011   Grand Totals
     63728       4910      15216        324       7960     492011   ELF Image Totals (compressed)
     63728       4910      15216        324          0          0   ROM Totals

==============================================================================

    Total RO  Size (Code + RO Data)                78944 (  77.09kB)
    Total RW  Size (RW Data + ZI Data)              8928 (   8.72kB)
    Total ROM Size (Code + RO Data + RW Data)      79268 (  77.41kB)

==============================================================================

